
> ellyn@1.0.0 test
> jest

PASS tests/api/remediation-security.test.ts
  ● Console

    console.warn
      [resolve-domain-v2] unauthorized request denied { route: '/api/resolve-domain-v2' }

      89 |       } catch (error) {
      90 |         if (error instanceof Error && error.message === 'Unauthorized') {
    > 91 |           console.warn('[resolve-domain-v2] unauthorized request denied', {
         |                   ^
      92 |             route: '/api/resolve-domain-v2',
      93 |           })
      94 |           return NextResponse.json(

      at warn (app/api/resolve-domain-v2/route.ts:91:19)

    console.warn
      [pattern-feedback] unauthorized request denied { route: '/api/pattern-feedback' }

      87 |
      88 |     if (message === 'Unauthorized') {
    > 89 |       console.warn('[pattern-feedback] unauthorized request denied', {
         |               ^
      90 |         route: options.route,
      91 |       })
      92 |       return NextResponse.json({ success: false, error: 'Unauthorized' }, { status: 401 })

      at warn (lib/pattern-feedback-endpoint.ts:89:15)

PASS tests/api/dodo-webhook.test.ts
  ● Console

    console.warn
      [dodo-webhook] unknown or missing product id; skipping paid-plan activation {
        eventType: 'subscription.activated',
        userId: 'user-1',
        productId: null,
        metadataPlan: null
      }

      30 | ) {
      31 |   const method = level === "error" ? console.error : level === "warn" ? console.warn : console.log;
    > 32 |   method(`[dodo-webhook] ${message}`, context);
         |   ^
      33 | }
      34 |
      35 | function toRecord(value: unknown): Record<string, unknown> {

      at method (app/api/v1/dodo/webhook/route.ts:32:3)
      at logWebhook (app/api/v1/dodo/webhook/route.ts:274:11)
      at Object.<anonymous> (tests/api/dodo-webhook.test.ts:189:22)

    console.warn
      [dodo-webhook] unknown or missing product id; skipping paid-plan activation {
        eventType: 'subscription.renewed',
        userId: 'user-1',
        productId: 'mystery-prod',
        metadataPlan: null
      }

      30 | ) {
      31 |   const method = level === "error" ? console.error : level === "warn" ? console.warn : console.log;
    > 32 |   method(`[dodo-webhook] ${message}`, context);
         |   ^
      33 | }
      34 |
      35 | function toRecord(value: unknown): Record<string, unknown> {

      at method (app/api/v1/dodo/webhook/route.ts:32:3)
      at logWebhook (app/api/v1/dodo/webhook/route.ts:274:11)
      at Object.<anonymous> (tests/api/dodo-webhook.test.ts:214:22)

    console.error
      [dodo-webhook] processing failed { eventType: 'subscription.active', message: '[object Object]' }

      30 | ) {
      31 |   const method = level === "error" ? console.error : level === "warn" ? console.warn : console.log;
    > 32 |   method(`[dodo-webhook] ${message}`, context);
         |   ^
      33 | }
      34 |
      35 | function toRecord(value: unknown): Record<string, unknown> {

      at method (app/api/v1/dodo/webhook/route.ts:32:3)
      at logWebhook (app/api/v1/dodo/webhook/route.ts:323:5)
      at Object.<anonymous> (tests/api/dodo-webhook.test.ts:241:22)

PASS tests/lib/email-finder-pipeline.test.ts
  ● Console

    console.log
      [EmailFinder] {
        scope: 'email_finder',
        level: 'info',
        event: 'mx_verify_dns_complete',
        domain: 'acme-corp.io',
        hasMx: false,
        source: 'dns',
        mxRecords: 0
      }

      at Object.log (lib/email-finder/pipeline.ts:112:13)

    console.log
      [EmailFinder] {
        scope: 'email_finder',
        level: 'info',
        event: 'mx_verify_dns_complete',
        domain: 'acme-corp.io',
        hasMx: false,
        source: 'dns',
        mxRecords: 0
      }

      at Object.log (lib/email-finder/pipeline.ts:112:13)

    console.log
      [EmailFinder] {
        scope: 'email_finder',
        level: 'info',
        event: 'mx_verify_dns_complete',
        domain: 'acmecorp.com',
        hasMx: true,
        source: 'dns',
        mxRecords: 1
      }

      at Object.log (lib/email-finder/pipeline.ts:112:13)

    console.warn
      [EmailFinder] {
        scope: 'email_finder',
        level: 'warn',
        event: 'mx_verify_failed',
        domain: 'timeout-domain.test',
        code: 'DNS_TIMEOUT',
        recoverable: true,
        error: 'AbortError: aborted'
      }

      106 |
      107 |     if (level === 'warn') {
    > 108 |       console.warn('[EmailFinder]', payload)
          |               ^
      109 |       return
      110 |     }
      111 |

      at Object.warn [as log] (lib/email-finder/pipeline.ts:108:15)
      at Object.log [as verifyMxRecords] (lib/email-finder/pipeline.ts:857:14)
      at Object.<anonymous> (tests/lib/email-finder-pipeline.test.ts:222:20)

PASS tests/api/remediation-quota-validation.test.ts
PASS tests/api/analytics.test.ts
PASS tests/lib/enhanced-email-patterns.test.ts
PASS tests/lib/admin-session.test.ts
PASS tests/lib/quota.test.ts
PASS tests/extension/quota-guard.test.js
PASS tests/lib/domain-resolution-service.test.ts
FAIL tests/integration/leads.test.ts
  ● Test suite failed to run

    Configuration error:

    Could not locate module @/lib/supabase mapped as:
    /Users/varunsah/Documents/Coding/Ellyn/Ellyn/lib/$1.

    Please check your configuration for these entries:
    {
      "moduleNameMapper": {
        "/^@\/lib\/(.*)$/": "/Users/varunsah/Documents/Coding/Ellyn/Ellyn/lib/$1"
      },
      "resolver": undefined
    }

       8 | import { resetTestDatabase, seedTestDatabase, testDb } from './helpers/test-db'
       9 |
    > 10 | jest.mock('@/lib/supabase', () => {
         |      ^
      11 |   // eslint-disable-next-line @typescript-eslint/no-var-requires
      12 |   const { supabaseMock } = require('./helpers/supabase-mock')
      13 |   return {

      at createNoMappedModuleFoundError (node_modules/jest-resolve/build/resolver.js:759:17)
      at Object.mock (tests/integration/leads.test.ts:10:6)

FAIL tests/integration/email-discovery.test.ts
  ● Test suite failed to run

    Configuration error:

    Could not locate module @/lib/supabase mapped as:
    /Users/varunsah/Documents/Coding/Ellyn/Ellyn/lib/$1.

    Please check your configuration for these entries:
    {
      "moduleNameMapper": {
        "/^@\/lib\/(.*)$/": "/Users/varunsah/Documents/Coding/Ellyn/Ellyn/lib/$1"
      },
      "resolver": undefined
    }

      94 | const mockSupabaseSingle = jest.fn()
      95 | const mockSupabaseUpsert = jest.fn()
    > 96 | jest.mock('@/lib/supabase', () => ({
         |      ^
      97 |   supabase: {
      98 |     from: jest.fn().mockImplementation(() => ({
      99 |       select: jest.fn().mockReturnThis(),

      at createNoMappedModuleFoundError (node_modules/jest-resolve/build/resolver.js:759:17)
      at Object.mock (tests/integration/email-discovery.test.ts:96:6)

FAIL tests/integration/contacts.test.ts
  ● Test suite failed to run

    Configuration error:

    Could not locate module @/lib/supabase mapped as:
    /Users/varunsah/Documents/Coding/Ellyn/Ellyn/lib/$1.

    Please check your configuration for these entries:
    {
      "moduleNameMapper": {
        "/^@\/lib\/(.*)$/": "/Users/varunsah/Documents/Coding/Ellyn/Ellyn/lib/$1"
      },
      "resolver": undefined
    }

      13 | import { resetTestDatabase, seedTestDatabase, testDb } from './helpers/test-db'
      14 |
    > 15 | jest.mock('@/lib/supabase', () => {
         |      ^
      16 |   // eslint-disable-next-line @typescript-eslint/no-var-requires
      17 |   const { supabaseMock } = require('./helpers/supabase-mock')
      18 |   return {

      at createNoMappedModuleFoundError (node_modules/jest-resolve/build/resolver.js:759:17)
      at Object.mock (tests/integration/contacts.test.ts:15:6)

FAIL tests/lib/tracker-integration.test.ts
  ● tracker integration helpers › buildTrackerContactHref builds deep link with source

    expect(received).toBe(expected) // Object.is equality

    Expected: "/dashboard/tracker?contactId=abc-123&source=contacts"
    Received: "/dashboard/contacts?contactId=abc-123&source=contacts"

      11 |   test("buildTrackerContactHref builds deep link with source", () => {
      12 |     const href = buildTrackerContactHref("abc-123", { source: "contacts" });
    > 13 |     expect(href).toBe("/dashboard/tracker?contactId=abc-123&source=contacts");
         |                  ^
      14 |   });
      15 |
      16 |   test("toTrackerContact normalizes legacy statuses", () => {

      at Object.toBe (tests/lib/tracker-integration.test.ts:13:18)

FAIL tests/integration/api-auth.test.ts
  ● Test suite failed to run

    Configuration error:

    Could not locate module @/lib/supabase mapped as:
    /Users/varunsah/Documents/Coding/Ellyn/Ellyn/lib/$1.

    Please check your configuration for these entries:
    {
      "moduleNameMapper": {
        "/^@\/lib\/(.*)$/": "/Users/varunsah/Documents/Coding/Ellyn/Ellyn/lib/$1"
      },
      "resolver": undefined
    }

      21 | const generateTextMock = jest.fn()
      22 |
    > 23 | jest.mock('@/lib/supabase', () => {
         |      ^
      24 |   // eslint-disable-next-line @typescript-eslint/no-var-requires
      25 |   const { supabaseMock } = require('./helpers/supabase-mock')
      26 |   return {

      at createNoMappedModuleFoundError (node_modules/jest-resolve/build/resolver.js:759:17)
      at Object.mock (tests/integration/api-auth.test.ts:23:6)

FAIL tests/api/email-verification.test.ts
  ● Test suite failed to run

    Configuration error:

    Could not locate module @/lib/supabase mapped as:
    /Users/varunsah/Documents/Coding/Ellyn/Ellyn/lib/$1.

    Please check your configuration for these entries:
    {
      "moduleNameMapper": {
        "/^@\/lib\/(.*)$/": "/Users/varunsah/Documents/Coding/Ellyn/Ellyn/lib/$1"
      },
      "resolver": undefined
    }

      104 | }))
      105 |
    > 106 | jest.mock('@/lib/supabase', () => ({
          |      ^
      107 |   supabase: {
      108 |     from: jest.fn().mockReturnValue({
      109 |       select: jest.fn().mockReturnThis(),

      at createNoMappedModuleFoundError (node_modules/jest-resolve/build/resolver.js:759:17)
      at Object.mock (tests/api/email-verification.test.ts:106:6)

FAIL tests/extension/email-inference.test.js
  ● Email Inference › Name Normalization › removes Jr. suffix

    expect(received).toBe(expected) // Object.is equality

    Expected: "John Doe"
    Received: "John Doe ."

      104 |   describe('Name Normalization', () => {
      105 |     test('removes Jr. suffix', () => {
    > 106 |       expect(normalizeName('John Doe Jr.')).toBe('John Doe');
          |                                             ^
      107 |       expect(normalizeName('John Doe Jr')).toBe('John Doe');
      108 |     });
      109 |

      at Object.toBe (tests/extension/email-inference.test.js:106:45)

  ● Email Inference › Name Normalization › removes Sr. suffix

    expect(received).toBe(expected) // Object.is equality

    Expected: "John Doe"
    Received: "John Doe ."

      109 |
      110 |     test('removes Sr. suffix', () => {
    > 111 |       expect(normalizeName('John Doe Sr.')).toBe('John Doe');
          |                                             ^
      112 |       expect(normalizeName('John Doe Sr')).toBe('John Doe');
      113 |     });
      114 |

      at Object.toBe (tests/extension/email-inference.test.js:111:45)

  ● Email Inference › Name Normalization › removes Esq suffix

    expect(received).toBe(expected) // Object.is equality

    Expected: "John Doe"
    Received: "John Doe ."

      128 |
      129 |     test('removes Esq suffix', () => {
    > 130 |       expect(normalizeName('John Doe Esq.')).toBe('John Doe');
          |                                              ^
      131 |       expect(normalizeName('John Doe Esq')).toBe('John Doe');
      132 |     });
      133 |

      at Object.toBe (tests/extension/email-inference.test.js:130:46)

  ● Email Inference › Name Normalization › handles combinations

    expect(received).toBe(expected) // Object.is equality

    Expected: "John Doe"
    Received: "John Doe ."

      141 |
      142 |     test('handles combinations', () => {
    > 143 |       expect(normalizeName('  John  Doe  Jr.  ')).toBe('John Doe');
          |                                                   ^
      144 |     });
      145 |   });
      146 |

      at Object.toBe (tests/extension/email-inference.test.js:143:51)

FAIL tests/extension/name-normalizer.test.js
  ● Test suite failed to run

    ENOENT: no such file or directory, open '/Users/varunsah/Documents/Coding/Ellyn/Ellyn/extension/utils/name-normalizer.js'

       8 |
       9 | // Load the source file
    > 10 | const code = fs.readFileSync(path.resolve(__dirname, '../../extension/utils/name-normalizer.js'), 'utf8');
         |                 ^
      11 | eval(code);
      12 |
      13 | const { normalizeName } = window.EllynNameNormalizer;

      at Object.readFileSync (tests/extension/name-normalizer.test.js:10:17)

FAIL tests/extension/confidence-engine.test.js
  ● Test suite failed to run

    ENOENT: no such file or directory, open '/Users/varunsah/Documents/Coding/Ellyn/Ellyn/extension/utils/confidence-engine.js'

       9 |
      10 | // Load the source file
    > 11 | const code = fs.readFileSync(path.resolve(__dirname, '../../extension/utils/confidence-engine.js'), 'utf8');
         |                 ^
      12 | eval(code);
      13 |
      14 | const engine = window.EllynConfidenceEngine;

      at Object.readFileSync (tests/extension/confidence-engine.test.js:11:17)

PASS tests/lib/tracker-v2.test.ts
FAIL tests/extension/workflow-orchestrator.test.js
  ● Test suite failed to run

    ENOENT: no such file or directory, open '/Users/varunsah/Documents/Coding/Ellyn/Ellyn/extension/utils/workflow-orchestrator.js'

      22 |
      23 | // Load Source
    > 24 | const code = fs.readFileSync(path.resolve(__dirname, '../../extension/utils/workflow-orchestrator.js'), 'utf8');
         |                 ^
      25 | eval(code);
      26 |
      27 | const orchestrator = window.EllynWorkflowOrchestrator;

      at Object.readFileSync (tests/extension/workflow-orchestrator.test.js:24:17)

FAIL tests/integration/auth.test.tsx
  ● Auth integration flows › signup blocks weak passwords and disables submission

    TestingLibraryElementError: Unable to find an element with the placeholder text of: John Doe

    Ignored nodes: comments, script, style
    [36m<body>[39m
      [36m<div>[39m
        [36m<div[39m
          [33mclass[39m=[32m"min-h-screen flex font-dm-sans"[39m
        [36m>[39m
          [36m<div[39m
            [33mclass[39m=[32m"hidden md:flex md:w-2/5 flex-col bg-[#180B26] px-10 py-12"[39m
          [36m>[39m
            [36m<a[39m
              [33maria-label[39m=[32m"Go to Ellyn home"[39m
              [33mclass[39m=[32m"inline-block"[39m
              [33mhref[39m=[32m"/"[39m
            [36m>[39m
              [36m<img[39m
                [33malt[39m=[32m"Ellyn"[39m
                [33mclass[39m=[32m"h-10 w-auto object-contain"[39m
                [33msrc[39m=[32m"https://subsnacks.sirv.com/Ellyn_logo.png"[39m
                [33mstyle[39m=[32m"filter: brightness(0) invert(1);"[39m
              [36m/>[39m
            [36m</a>[39m
            [36m<div[39m
              [33mclass[39m=[32m"flex-1 flex items-center mt-16"[39m
            [36m>[39m
              [36m<blockquote[39m
                [33mclass[39m=[32m"font-fraunces text-3xl text-white italic leading-snug"[39m
              [36m>[39m
                [0m“Your next opportunity starts with the right connection.”[0m
              [36m</blockquote>[39m
            [36m</div>[39m
            [36m<ul[39m
              [33mclass[39m=[32m"space-y-3 mt-12"[39m
            [36m>[39m
              [36m<li[39m
                [33mclass[39m=[32m"flex items-center gap-3 text-sm text-white/80 font-dm-sans"[39m
              [36m>[39m
                [36m<svg[39m
                  [33maria-hidden[39m=[32m"true"[39m
                  [33mclass[39m=[32m"h-4 w-4 shrink-0 text-[#FF6B6B]"[39m
                  [33mfill[39m=[32m"none"[39m
                  [33mstroke[39m=[32m"currentColor"[39m
                  [33mstroke-width[39m=[32m"2.5"[39m
                  [33mviewBox[39m=[32m"0 0 24 24"[39m
                [36m>[39m
                  [36m<path[39m
                    [33md[39m=[32m"M4.5 12.75l6 6 9-13.5"[39m
                    [33mstroke-linecap[39m=[32m"round"[39m
                    [33mstroke-linejoin[39m=[32m"round"[39m
                  [36m/>[39m
                [36m</svg>[39m
                [0m95%+ email accuracy on LinkedIn profiles[0m
              [36m</li>[39m
              [36m<li[39m
                [33mclass[39m=[32m"flex items-center gap-3 text-sm text-white/80 font-dm-sans"[39m
              [36m>[39m
                [36m<svg[39m
                  [33maria-hidden[39m=[32m"true"[39m
                  [33mclass[39m=[32m"h-4 w-4 shrink-0 text-[#FF6B6B]"[39m
                  [33mfill[39m=[32m"none"[39m
                  [33mstroke[39m=[32m"currentColor"[39m
                  [33mstroke-width[39m=[32m"2.5"[39m
                  [33mviewBox[39m=[32m"0 0 24 24"[39m
                [36m>[39m
                  [36m<path[39m
                    [33md[39m=[32m"M4.5 12.75l6 6 9-13.5"[39m
                    [33mstroke-linecap[39m=[32m"round"[39m
                    [33mstroke-linejoin[39m=[32m"round"[39m
                  [36m/>[39m
                [36m</svg>[39m
                [0mFree plan — no credit card required[0m
              [36m</li>[39m
              [36m<li[39m
                [33mclass[39m=[32m"flex items-center gap-3 text-sm text-white/80 font-dm-sans"[39m
              [36m>[39m
                [36m<svg[39m
                  [33maria-hidden[39m=[32m"true"[39m
                  [33mclass[39m=[32m"h-4 w-4 shrink-0 text-[#FF6B6B]"[39m
                  [33mfill[39m=[32m"none"[39m
                  [33mstroke[39m=[32m"currentColor"[39m
                  [33mstroke-width[39m=[32m"2.5"[39m
                  [33mviewBox[39m=[32m"0 0 24 24"[39m
                [36m>[39m
                  [36m<path[39m
                    [33md[39m=[32m"M4.5 12.75l6 6 9-13.5"[39m
                    [33mstroke-linecap[39m=[32m"round"[39m
                    [33mstroke-linejoin[39m=[32m"round"[39m
                  [36m/>[39m
                [36m</svg>[39m
                [0mTrusted by 1,000+ job seekers & recruiters[0m
              [36m</li>[39m
            [36m</ul>[39m
          [36m</div>[39m
          [36m<div[39m
            [33mclass[39m=[32m"flex-1 bg-[#FAFAFA] flex flex-col items-center justify-center px-4 py-12 md:px-12"[39m
          [36m>[39m
            [36m<a[39m
              [33maria-label[39m=[32m"Go to Ellyn home"[39m
              [33mclass[39m=[32m"md:hidden mb-8 inline-block"[39m
              [33mhref[39m=[32m"/"[39m
            [36m>[39m
              [36m<img[39m
                [33malt[39m=[32m"Ellyn"[39m
                [33mclass[39m=[32m"h-10 w-auto object-contain"[39m
                [33msrc[39m=[32m"https://subsnacks.sirv.com/Ellyn_logo.png"[39m
              [36m/>[39m
            [36m</a>[39m
            [36m<div[39m
              [33mclass[39m=[32m"w-full max-w-md bg-white rounded-2xl shadow-xl p-6 md:p-10 animate-in fade-in-0 slide-in-from-bottom-4 duration-300"[39m
            [36m>[39m
              [36m<div[39m
                [33mclass[39m=[32m"mb-8"[39m
              [36m>[39m
                [36m<h1[39m
                  [33mclass[39m=[32m"font-fraunces text-3xl text-[#2D2B55] leading-tight"[39m
                [36m>[39m
                  [0mCreate your account[0m
                [36m</h1>[39m
                [36m<p[39m
                  [33mclass[39m=[32m"font-dm-sans text-sm text-[#6B6982] mt-2"[39m
                [36m>[39m
                  [0mStart using ELLYN with your free account.[0m
                [36m</p>[39m
              [36m</div>[39m
              [36m<div[39m
                [33maria-busy[39m=[32m"false"[39m
                [33mclass[39m=[32m""[39m
              [36m>[39m
                [36m<div[39m
                  [33mclass[39m=[32m"space-y-5"[39m
                [36m>[39m
                  [36m<button[39m
                    [33mclass[39m=[32m"inline-flex items-center justify-center gap-2 whitespace-nowrap rounded-lg text-sm font-medium transition-colors focus-visible:outline-none focus-visible:ring-1 focus-visible:ring-ring disabled:pointer-events-none disabled:opacity-50 [&_svg]:pointer-events-none [&_svg]:size-4 [&_svg]:shrink-0 border shadow-sm hover:text-accent-foreground px-4 py-2 h-11 w-full border-[#D8D6EA] bg-white text-[#2D2B55] hover:bg-[#F5F3FD]"[39m
                    [33mtype[39m=[32m"button"[39m
                  [36m>[39m
                    [36m<span[39m
                      [33mclass[39m=[32m"mr-2"[39m
                    [36m>[39m
                      [36m<svg[39m
                        [33maria-hidden[39m=[32m"true"[39m
                        [33mclass[39m=[32m"h-4 w-4"[39m
                        [33mviewBox[39m=[32m"0 0 24 24"[39m
                      [36m>[39m
                        [36m<path[39m
                          [33md[39m=[32m"M12 10.2v3.9h5.5c-.2 1.3-1.5 3.9-5.5 3.9-3.3 0-6-2.7-6-6s2.7-6 6-6c1.9 0 3.1.8 3.8 1.5l2.6-2.5C16.8 3.4 14.6 2.5 12 2.5 6.8 2.5 2.5 6.8 2.5 12s4.3 9.5 9.5 9.5c5.5 0 9.2-3.9 9.2-9.3 0-.6-.1-1.1-.2-1.6H12z"[39m
                          [33mfill[39m=[32m"#EA4335"[39m
                        [36m/>[39m
                        [36m<path[39m
                          [33md[39m=[32m"M3.6 7.4l3.2 2.3c...

      92 |     render(<SignupPage />)
      93 |
    > 94 |     fireEvent.change(screen.getByPlaceholderText('John Doe'), {
         |                             ^
      95 |       target: { value: 'Test User' },
      96 |     })
      97 |     fireEvent.change(screen.getByPlaceholderText('you@example.com'), {

      at Object.getElementError (node_modules/@testing-library/dom/dist/config.js:37:19)
      at node_modules/@testing-library/dom/dist/query-helpers.js:76:38
      at node_modules/@testing-library/dom/dist/query-helpers.js:52:17
      at node_modules/@testing-library/dom/dist/query-helpers.js:95:19
      at Object.getByPlaceholderText (tests/integration/auth.test.tsx:94:29)

  ● Auth integration flows › signup submits valid payload and shows success message

    TestingLibraryElementError: Unable to find an element with the placeholder text of: John Doe

    Ignored nodes: comments, script, style
    [36m<body>[39m
      [36m<div>[39m
        [36m<div[39m
          [33mclass[39m=[32m"min-h-screen flex font-dm-sans"[39m
        [36m>[39m
          [36m<div[39m
            [33mclass[39m=[32m"hidden md:flex md:w-2/5 flex-col bg-[#180B26] px-10 py-12"[39m
          [36m>[39m
            [36m<a[39m
              [33maria-label[39m=[32m"Go to Ellyn home"[39m
              [33mclass[39m=[32m"inline-block"[39m
              [33mhref[39m=[32m"/"[39m
            [36m>[39m
              [36m<img[39m
                [33malt[39m=[32m"Ellyn"[39m
                [33mclass[39m=[32m"h-10 w-auto object-contain"[39m
                [33msrc[39m=[32m"https://subsnacks.sirv.com/Ellyn_logo.png"[39m
                [33mstyle[39m=[32m"filter: brightness(0) invert(1);"[39m
              [36m/>[39m
            [36m</a>[39m
            [36m<div[39m
              [33mclass[39m=[32m"flex-1 flex items-center mt-16"[39m
            [36m>[39m
              [36m<blockquote[39m
                [33mclass[39m=[32m"font-fraunces text-3xl text-white italic leading-snug"[39m
              [36m>[39m
                [0m“Your next opportunity starts with the right connection.”[0m
              [36m</blockquote>[39m
            [36m</div>[39m
            [36m<ul[39m
              [33mclass[39m=[32m"space-y-3 mt-12"[39m
            [36m>[39m
              [36m<li[39m
                [33mclass[39m=[32m"flex items-center gap-3 text-sm text-white/80 font-dm-sans"[39m
              [36m>[39m
                [36m<svg[39m
                  [33maria-hidden[39m=[32m"true"[39m
                  [33mclass[39m=[32m"h-4 w-4 shrink-0 text-[#FF6B6B]"[39m
                  [33mfill[39m=[32m"none"[39m
                  [33mstroke[39m=[32m"currentColor"[39m
                  [33mstroke-width[39m=[32m"2.5"[39m
                  [33mviewBox[39m=[32m"0 0 24 24"[39m
                [36m>[39m
                  [36m<path[39m
                    [33md[39m=[32m"M4.5 12.75l6 6 9-13.5"[39m
                    [33mstroke-linecap[39m=[32m"round"[39m
                    [33mstroke-linejoin[39m=[32m"round"[39m
                  [36m/>[39m
                [36m</svg>[39m
                [0m95%+ email accuracy on LinkedIn profiles[0m
              [36m</li>[39m
              [36m<li[39m
                [33mclass[39m=[32m"flex items-center gap-3 text-sm text-white/80 font-dm-sans"[39m
              [36m>[39m
                [36m<svg[39m
                  [33maria-hidden[39m=[32m"true"[39m
                  [33mclass[39m=[32m"h-4 w-4 shrink-0 text-[#FF6B6B]"[39m
                  [33mfill[39m=[32m"none"[39m
                  [33mstroke[39m=[32m"currentColor"[39m
                  [33mstroke-width[39m=[32m"2.5"[39m
                  [33mviewBox[39m=[32m"0 0 24 24"[39m
                [36m>[39m
                  [36m<path[39m
                    [33md[39m=[32m"M4.5 12.75l6 6 9-13.5"[39m
                    [33mstroke-linecap[39m=[32m"round"[39m
                    [33mstroke-linejoin[39m=[32m"round"[39m
                  [36m/>[39m
                [36m</svg>[39m
                [0mFree plan — no credit card required[0m
              [36m</li>[39m
              [36m<li[39m
                [33mclass[39m=[32m"flex items-center gap-3 text-sm text-white/80 font-dm-sans"[39m
              [36m>[39m
                [36m<svg[39m
                  [33maria-hidden[39m=[32m"true"[39m
                  [33mclass[39m=[32m"h-4 w-4 shrink-0 text-[#FF6B6B]"[39m
                  [33mfill[39m=[32m"none"[39m
                  [33mstroke[39m=[32m"currentColor"[39m
                  [33mstroke-width[39m=[32m"2.5"[39m
                  [33mviewBox[39m=[32m"0 0 24 24"[39m
                [36m>[39m
                  [36m<path[39m
                    [33md[39m=[32m"M4.5 12.75l6 6 9-13.5"[39m
                    [33mstroke-linecap[39m=[32m"round"[39m
                    [33mstroke-linejoin[39m=[32m"round"[39m
                  [36m/>[39m
                [36m</svg>[39m
                [0mTrusted by 1,000+ job seekers & recruiters[0m
              [36m</li>[39m
            [36m</ul>[39m
          [36m</div>[39m
          [36m<div[39m
            [33mclass[39m=[32m"flex-1 bg-[#FAFAFA] flex flex-col items-center justify-center px-4 py-12 md:px-12"[39m
          [36m>[39m
            [36m<a[39m
              [33maria-label[39m=[32m"Go to Ellyn home"[39m
              [33mclass[39m=[32m"md:hidden mb-8 inline-block"[39m
              [33mhref[39m=[32m"/"[39m
            [36m>[39m
              [36m<img[39m
                [33malt[39m=[32m"Ellyn"[39m
                [33mclass[39m=[32m"h-10 w-auto object-contain"[39m
                [33msrc[39m=[32m"https://subsnacks.sirv.com/Ellyn_logo.png"[39m
              [36m/>[39m
            [36m</a>[39m
            [36m<div[39m
              [33mclass[39m=[32m"w-full max-w-md bg-white rounded-2xl shadow-xl p-6 md:p-10 animate-in fade-in-0 slide-in-from-bottom-4 duration-300"[39m
            [36m>[39m
              [36m<div[39m
                [33mclass[39m=[32m"mb-8"[39m
              [36m>[39m
                [36m<h1[39m
                  [33mclass[39m=[32m"font-fraunces text-3xl text-[#2D2B55] leading-tight"[39m
                [36m>[39m
                  [0mCreate your account[0m
                [36m</h1>[39m
                [36m<p[39m
                  [33mclass[39m=[32m"font-dm-sans text-sm text-[#6B6982] mt-2"[39m
                [36m>[39m
                  [0mStart using ELLYN with your free account.[0m
                [36m</p>[39m
              [36m</div>[39m
              [36m<div[39m
                [33maria-busy[39m=[32m"false"[39m
                [33mclass[39m=[32m""[39m
              [36m>[39m
                [36m<div[39m
                  [33mclass[39m=[32m"space-y-5"[39m
                [36m>[39m
                  [36m<button[39m
                    [33mclass[39m=[32m"inline-flex items-center justify-center gap-2 whitespace-nowrap rounded-lg text-sm font-medium transition-colors focus-visible:outline-none focus-visible:ring-1 focus-visible:ring-ring disabled:pointer-events-none disabled:opacity-50 [&_svg]:pointer-events-none [&_svg]:size-4 [&_svg]:shrink-0 border shadow-sm hover:text-accent-foreground px-4 py-2 h-11 w-full border-[#D8D6EA] bg-white text-[#2D2B55] hover:bg-[#F5F3FD]"[39m
                    [33mtype[39m=[32m"button"[39m
                  [36m>[39m
                    [36m<span[39m
                      [33mclass[39m=[32m"mr-2"[39m
                    [36m>[39m
                      [36m<svg[39m
                        [33maria-hidden[39m=[32m"true"[39m
                        [33mclass[39m=[32m"h-4 w-4"[39m
                        [33mviewBox[39m=[32m"0 0 24 24"[39m
                      [36m>[39m
                        [36m<path[39m
                          [33md[39m=[32m"M12 10.2v3.9h5.5c-.2 1.3-1.5 3.9-5.5 3.9-3.3 0-6-2.7-6-6s2.7-6 6-6c1.9 0 3.1.8 3.8 1.5l2.6-2.5C16.8 3.4 14.6 2.5 12 2.5 6.8 2.5 2.5 6.8 2.5 12s4.3 9.5 9.5 9.5c5.5 0 9.2-3.9 9.2-9.3 0-.6-.1-1.1-.2-1.6H12z"[39m
                          [33mfill[39m=[32m"#EA4335"[39m
                        [36m/>[39m
                        [36m<path[39m
                          [33md[39m=[32m"M3.6 7.4l3.2 2.3c...

      129 |     render(<SignupPage />)
      130 |
    > 131 |     fireEvent.change(screen.getByPlaceholderText('John Doe'), {
          |                             ^
      132 |       target: { value: 'Integration User' },
      133 |     })
      134 |     fireEvent.change(screen.getByPlaceholderText('you@example.com'), {

      at Object.getElementError (node_modules/@testing-library/dom/dist/config.js:37:19)
      at node_modules/@testing-library/dom/dist/query-helpers.js:76:38
      at node_modules/@testing-library/dom/dist/query-helpers.js:52:17
      at node_modules/@testing-library/dom/dist/query-helpers.js:95:19
      at Object.getByPlaceholderText (tests/integration/auth.test.tsx:131:29)

  ● Auth integration flows › login signs in and redirects to dashboard

    TestingLibraryElementError: Unable to find an element with the placeholder text of: ********

    Ignored nodes: comments, script, style
    [36m<body>[39m
      [36m<div>[39m
        [36m<div[39m
          [33mclass[39m=[32m"min-h-screen flex font-dm-sans"[39m
        [36m>[39m
          [36m<div[39m
            [33mclass[39m=[32m"hidden md:flex md:w-2/5 flex-col bg-[#180B26] px-10 py-12"[39m
          [36m>[39m
            [36m<a[39m
              [33maria-label[39m=[32m"Go to Ellyn home"[39m
              [33mclass[39m=[32m"inline-block"[39m
              [33mhref[39m=[32m"/"[39m
            [36m>[39m
              [36m<img[39m
                [33malt[39m=[32m"Ellyn"[39m
                [33mclass[39m=[32m"h-10 w-auto object-contain"[39m
                [33msrc[39m=[32m"https://subsnacks.sirv.com/Ellyn_logo.png"[39m
                [33mstyle[39m=[32m"filter: brightness(0) invert(1);"[39m
              [36m/>[39m
            [36m</a>[39m
            [36m<div[39m
              [33mclass[39m=[32m"flex-1 flex items-center mt-16"[39m
            [36m>[39m
              [36m<blockquote[39m
                [33mclass[39m=[32m"font-fraunces text-3xl text-white italic leading-snug"[39m
              [36m>[39m
                [0m“Your next opportunity starts with the right connection.”[0m
              [36m</blockquote>[39m
            [36m</div>[39m
            [36m<ul[39m
              [33mclass[39m=[32m"space-y-3 mt-12"[39m
            [36m>[39m
              [36m<li[39m
                [33mclass[39m=[32m"flex items-center gap-3 text-sm text-white/80 font-dm-sans"[39m
              [36m>[39m
                [36m<svg[39m
                  [33maria-hidden[39m=[32m"true"[39m
                  [33mclass[39m=[32m"h-4 w-4 shrink-0 text-[#FF6B6B]"[39m
                  [33mfill[39m=[32m"none"[39m
                  [33mstroke[39m=[32m"currentColor"[39m
                  [33mstroke-width[39m=[32m"2.5"[39m
                  [33mviewBox[39m=[32m"0 0 24 24"[39m
                [36m>[39m
                  [36m<path[39m
                    [33md[39m=[32m"M4.5 12.75l6 6 9-13.5"[39m
                    [33mstroke-linecap[39m=[32m"round"[39m
                    [33mstroke-linejoin[39m=[32m"round"[39m
                  [36m/>[39m
                [36m</svg>[39m
                [0m95%+ email accuracy on LinkedIn profiles[0m
              [36m</li>[39m
              [36m<li[39m
                [33mclass[39m=[32m"flex items-center gap-3 text-sm text-white/80 font-dm-sans"[39m
              [36m>[39m
                [36m<svg[39m
                  [33maria-hidden[39m=[32m"true"[39m
                  [33mclass[39m=[32m"h-4 w-4 shrink-0 text-[#FF6B6B]"[39m
                  [33mfill[39m=[32m"none"[39m
                  [33mstroke[39m=[32m"currentColor"[39m
                  [33mstroke-width[39m=[32m"2.5"[39m
                  [33mviewBox[39m=[32m"0 0 24 24"[39m
                [36m>[39m
                  [36m<path[39m
                    [33md[39m=[32m"M4.5 12.75l6 6 9-13.5"[39m
                    [33mstroke-linecap[39m=[32m"round"[39m
                    [33mstroke-linejoin[39m=[32m"round"[39m
                  [36m/>[39m
                [36m</svg>[39m
                [0mFree plan — no credit card required[0m
              [36m</li>[39m
              [36m<li[39m
                [33mclass[39m=[32m"flex items-center gap-3 text-sm text-white/80 font-dm-sans"[39m
              [36m>[39m
                [36m<svg[39m
                  [33maria-hidden[39m=[32m"true"[39m
                  [33mclass[39m=[32m"h-4 w-4 shrink-0 text-[#FF6B6B]"[39m
                  [33mfill[39m=[32m"none"[39m
                  [33mstroke[39m=[32m"currentColor"[39m
                  [33mstroke-width[39m=[32m"2.5"[39m
                  [33mviewBox[39m=[32m"0 0 24 24"[39m
                [36m>[39m
                  [36m<path[39m
                    [33md[39m=[32m"M4.5 12.75l6 6 9-13.5"[39m
                    [33mstroke-linecap[39m=[32m"round"[39m
                    [33mstroke-linejoin[39m=[32m"round"[39m
                  [36m/>[39m
                [36m</svg>[39m
                [0mTrusted by 1,000+ job seekers & recruiters[0m
              [36m</li>[39m
            [36m</ul>[39m
          [36m</div>[39m
          [36m<div[39m
            [33mclass[39m=[32m"flex-1 bg-[#FAFAFA] flex flex-col items-center justify-center px-4 py-12 md:px-12"[39m
          [36m>[39m
            [36m<a[39m
              [33maria-label[39m=[32m"Go to Ellyn home"[39m
              [33mclass[39m=[32m"md:hidden mb-8 inline-block"[39m
              [33mhref[39m=[32m"/"[39m
            [36m>[39m
              [36m<img[39m
                [33malt[39m=[32m"Ellyn"[39m
                [33mclass[39m=[32m"h-10 w-auto object-contain"[39m
                [33msrc[39m=[32m"https://subsnacks.sirv.com/Ellyn_logo.png"[39m
              [36m/>[39m
            [36m</a>[39m
            [36m<div[39m
              [33mclass[39m=[32m"w-full max-w-md bg-white rounded-2xl shadow-xl p-6 md:p-10 animate-in fade-in-0 slide-in-from-bottom-4 duration-300"[39m
            [36m>[39m
              [36m<div[39m
                [33mclass[39m=[32m"mb-8"[39m
              [36m>[39m
                [36m<h1[39m
                  [33mclass[39m=[32m"font-fraunces text-3xl text-[#2D2B55] leading-tight"[39m
                [36m>[39m
                  [0mLog in[0m
                [36m</h1>[39m
                [36m<p[39m
                  [33mclass[39m=[32m"font-dm-sans text-sm text-[#6B6982] mt-2"[39m
                [36m>[39m
                  [0mSign in to continue to your dashboard.[0m
                [36m</p>[39m
              [36m</div>[39m
              [36m<div[39m
                [33maria-busy[39m=[32m"false"[39m
                [33mclass[39m=[32m""[39m
              [36m>[39m
                [36m<div[39m
                  [33mclass[39m=[32m"space-y-5"[39m
                [36m>[39m
                  [36m<button[39m
                    [33mclass[39m=[32m"inline-flex items-center justify-center gap-2 whitespace-nowrap rounded-lg text-sm font-medium transition-colors focus-visible:outline-none focus-visible:ring-1 focus-visible:ring-ring disabled:pointer-events-none disabled:opacity-50 [&_svg]:pointer-events-none [&_svg]:size-4 [&_svg]:shrink-0 border shadow-sm hover:text-accent-foreground px-4 py-2 h-11 w-full border-[#D8D6EA] bg-white text-[#2D2B55] hover:bg-[#F5F3FD]"[39m
                    [33mtype[39m=[32m"button"[39m
                  [36m>[39m
                    [36m<span[39m
                      [33mclass[39m=[32m"mr-2"[39m
                    [36m>[39m
                      [36m<svg[39m
                        [33maria-hidden[39m=[32m"true"[39m
                        [33mclass[39m=[32m"h-4 w-4"[39m
                        [33mviewBox[39m=[32m"0 0 24 24"[39m
                      [36m>[39m
                        [36m<path[39m
                          [33md[39m=[32m"M12 10.2v3.9h5.5c-.2 1.3-1.5 3.9-5.5 3.9-3.3 0-6-2.7-6-6s2.7-6 6-6c1.9 0 3.1.8 3.8 1.5l2.6-2.5C16.8 3.4 14.6 2.5 12 2.5 6.8 2.5 2.5 6.8 2.5 12s4.3 9.5 9.5 9.5c5.5 0 9.2-3.9 9.2-9.3 0-.6-.1-1.1-.2-1.6H12z"[39m
                          [33mfill[39m=[32m"#EA4335"[39m
                        [36m/>[39m
                        [36m<path[39m
                          [33md[39m=[32m"M3.6 7.4l3.2 2.3c.9-1.7 2.7-2.8 5.2-2.8 1.9 0 3.1.8 3.8 1.5l2.6-2.5C16.8 3.4 14.6 2.5 12 2.5 8.2 2.5 4.9 4.6 3.6 7.4z"[39m
                          [33mfill[39m=[32m"#34A853"[39m
                        [36m/>[39m
                        [36m<path[39m
                          [33md[39m=[32m"M12 21.5c2.6 0 4.8-.9 6.5-2.5l-3-2.5c-.8.6-2 1.1-3.5 1.1-3.9 0-5.2-2.6-5.5-3.9l-3.2 2.5c1.3 2.9 4.6 5.3 8.7 5.3z"[39m
                          [33mfill[39m=[32m"#4A90E2"[39m
                        [36m/>[39m
                        [36m<path[39m
                          [33md[39m=[32m"M6.5 13.7c-.1-.4-.2-.9-.2-1.4s.1-1 .2-1.4L3.3 8.4C2.8 9.4 2.5 10.7 2.5 12s.3 2.6.8 3.6l3.2-1.9z"[39m
                          [33mfill[39m=[32m"#FBBC05"[39m
                        [36m/>[39m
                      [36m</svg>[39m
                    [36m</span>[39m
                    [0mContinue with Google[0m
                  [36m</button>[39m
                  [36m<div[39m
                    [33mclass[39m=[32m"relative"[39m
                  [36m>[39m
                    [36m<div[39m
                      [33mclass[39m=[32m"absolute inset-0 flex items-center"[39m
                    [36m>[39m
                      [36m<span[39m
                        [33mclass[39m=[32m"w-full border-t border-[#E2E2E8]"[39m
                      [36m/>[39m
                    [36m</div>[39m
                    [36m<div[39m
                      [33mclass[39m=[32m"relative flex justify-center text-xs uppercase"[39m
                    [36m>[39m
                      [36m<span[39m
                        [33mclass[39m=[32m"bg-white px-2 text-[#7A7894]"[39m
                      [36m>[39m
                        [0mOr continue with email[0m
                      [36m</span>[39m
                    [36m</div>[39m
                  [36m</div>[39m
                  [36m<form[39m
                    [33mclass[39m=[32m"space-y-4"[39m
                  [36m>[39m
                    [36m<div[39m
                      [33mclass[39m=[32m"space-y-2"[39m
                    [36m>[39m
                      [36m<label[39m
                        [33mclass[39m=[32m"text-sm font-medium leading-none peer-disabled:cursor-not-allowed peer-disabled:opacity-70 font-dm-sans text-[#2D2B55]"[39m
                        [33mfor[39m=[32m":r8:-form-item"[39m
                      [36m>[39m
                        [0mEmail Address[0m
                      [36m</label>[39m
                      [36m<input[39m
                        [33maria-describedby[39m=[32m":r8:-form-item-description"[39m
                        [33maria-invalid[39m=[32m"false"[39m
                        [33mautocomplete[39m=[32m"email"[39m
                        [33mclass[39m=[32m"flex h-9 w-full rounded-lg border bg-input px-3 py-1 text-sm shadow-sm transition-colors file:border-0 file:bg-transparent file:text-sm file:font-medium file:text-foreground placeholder:text-muted-foreground focus-visible:outline-none focus-visible:ring-1 disabled:cursor-not-allowed disabled:opacity-50 border-[#D8D6EA] focus-visible:ring-[#2D2B55]"[39m
                        [33mid[39m=[32m":r8:-form-item"[39m
                        [33mname[39m=[32m"email"[39m
                        [33mplaceholder[39m=[32m"you@example.com"[39m
                        [33mtype[39m=[32m"email"[39m
                        [33mvalue[39m=[32m"login@example.com"[39m
                      [36m/>[39m
                    [36m</div>[39m
                    [36m<div[39m
                      [33mclass[39m=[32m"space-y-2"[39m
                    [36m>[39m
                      [36m<label[39m
                        [33mclass[39m=[32m"text-sm font-medium leading-none peer-disabled:cursor-not-allowed peer-disabled:opacity-70 font-dm-sans text-[#2D2B55]"[39m
                        [33mfor[39m=[32m":r9:-form-item"[39m
                      [36m>[39m
                        [0mPassword[0m
                      [36m</label>[39m
                      [36m<input[39m
                        [33maria-describedby[39m=[32m":r9:-form-item-description"[39m
                        [33maria-invalid[39m=[32m"false"[39m
                        [33mautocomplete[39m=[32m"current-password"[39m
                        [33mclass[39m=[32m"flex h-9 w-full rounded-lg border bg-input px-3 py-1 text-sm shadow-sm transition-colors file:border-0 file:bg-transparent file:text-sm file:font-medium file:text-foreground placeholder:text-muted-foreground focus-visible:outline-none focus-visible:ring-1 disabled:cursor-not-allowed disabled:opacity-50 border-[#D8D6EA] focus-visible:ring-[#2D2B55]"[39m
                        [33mid[39m=[32m":r9:-form-item"[39m
                        [33mname[39m=[32m"password"[39m
                        [33mplaceholder[39m=[32m"Your password"[39m
                        [33mtype[39m=[32m"password"[39m
                        [33mvalue[39m=[32m""[39m
                      [36m/>[39m
                    [36m</div>[39m
                    [36m<button[39m
                      [33mclass[39m=[32m"inline-flex items-center justify-center gap-2 whitespace-nowrap rounded-lg text-sm font-medium transition-colors focus-visible:outline-none focus-visible:ring-1 focus-visible:ring-ring disabled:pointer-events-none disabled:opacity-50 [&_svg]:pointer-events-none [&_svg]:size-4 [&_svg]:shrink-0 shadow px-4 py-2 h-11 w-full bg-[#2D2B55] font-dm-sans text-white hover:bg-[#25234A]"[39m
                      [33mtype[39m=[32m"submit"[39m
                    [36m>[39m
                      [0mLog in[0m
                    [36m</button>[39m
                  [36m</form>[39m
                  [36m<div[39m
                    [33mclass[39m=[32m"space-y-2 text-center font-dm-sans text-sm text-[#5E5B86]"[39m
                  [36m>[39m
                    [36m<a[39m
                      [33mclass[39m=[32m"font-medium text-[#2D2B55] underline"[39m
                      [33mhref[39m=[32m"/auth/forgot-password"[39m
                    [36m>[39m
                      [0mForgot password?[0m
                    [36m</a>[39m
                    [36m<p>[39m
                      [0mDon't have an account?[0m
                      [0m [0m
                      [36m<a[39m
                        [33mclass[39m=[32m"font-medium text-[#2D2B55] underline"[39m
                        [33mhref[39m=[32m"/auth/signup"[39m
                      [36m>[39m
                        [0mSign up[0m
                      [36m</a>[39m
                    [36m</p>[39m
                  [36m</div>[39m
                [36m</div>[39m
              [36m</div>[39m
            [36m</div>[39m
          [36m</div>[39m
        [36m</div>[39m
      [36m</div>[39m
    [36m</body>[39m

      181 |       target: { value: 'login@example.com' },
      182 |     })
    > 183 |     fireEvent.change(screen.getByPlaceholderText('********'), {
          |                             ^
      184 |       target: { value: 'StrongPass1!' },
      185 |     })
      186 |

      at Object.getElementError (node_modules/@testing-library/dom/dist/config.js:37:19)
      at node_modules/@testing-library/dom/dist/query-helpers.js:76:38
      at node_modules/@testing-library/dom/dist/query-helpers.js:52:17
      at node_modules/@testing-library/dom/dist/query-helpers.js:95:19
      at Object.getByPlaceholderText (tests/integration/auth.test.tsx:183:29)

  ● Auth integration flows › login shows error when credentials are invalid

    TestingLibraryElementError: Unable to find an element with the placeholder text of: ********

    Ignored nodes: comments, script, style
    [36m<body>[39m
      [36m<div>[39m
        [36m<div[39m
          [33mclass[39m=[32m"min-h-screen flex font-dm-sans"[39m
        [36m>[39m
          [36m<div[39m
            [33mclass[39m=[32m"hidden md:flex md:w-2/5 flex-col bg-[#180B26] px-10 py-12"[39m
          [36m>[39m
            [36m<a[39m
              [33maria-label[39m=[32m"Go to Ellyn home"[39m
              [33mclass[39m=[32m"inline-block"[39m
              [33mhref[39m=[32m"/"[39m
            [36m>[39m
              [36m<img[39m
                [33malt[39m=[32m"Ellyn"[39m
                [33mclass[39m=[32m"h-10 w-auto object-contain"[39m
                [33msrc[39m=[32m"https://subsnacks.sirv.com/Ellyn_logo.png"[39m
                [33mstyle[39m=[32m"filter: brightness(0) invert(1);"[39m
              [36m/>[39m
            [36m</a>[39m
            [36m<div[39m
              [33mclass[39m=[32m"flex-1 flex items-center mt-16"[39m
            [36m>[39m
              [36m<blockquote[39m
                [33mclass[39m=[32m"font-fraunces text-3xl text-white italic leading-snug"[39m
              [36m>[39m
                [0m“Your next opportunity starts with the right connection.”[0m
              [36m</blockquote>[39m
            [36m</div>[39m
            [36m<ul[39m
              [33mclass[39m=[32m"space-y-3 mt-12"[39m
            [36m>[39m
              [36m<li[39m
                [33mclass[39m=[32m"flex items-center gap-3 text-sm text-white/80 font-dm-sans"[39m
              [36m>[39m
                [36m<svg[39m
                  [33maria-hidden[39m=[32m"true"[39m
                  [33mclass[39m=[32m"h-4 w-4 shrink-0 text-[#FF6B6B]"[39m
                  [33mfill[39m=[32m"none"[39m
                  [33mstroke[39m=[32m"currentColor"[39m
                  [33mstroke-width[39m=[32m"2.5"[39m
                  [33mviewBox[39m=[32m"0 0 24 24"[39m
                [36m>[39m
                  [36m<path[39m
                    [33md[39m=[32m"M4.5 12.75l6 6 9-13.5"[39m
                    [33mstroke-linecap[39m=[32m"round"[39m
                    [33mstroke-linejoin[39m=[32m"round"[39m
                  [36m/>[39m
                [36m</svg>[39m
                [0m95%+ email accuracy on LinkedIn profiles[0m
              [36m</li>[39m
              [36m<li[39m
                [33mclass[39m=[32m"flex items-center gap-3 text-sm text-white/80 font-dm-sans"[39m
              [36m>[39m
                [36m<svg[39m
                  [33maria-hidden[39m=[32m"true"[39m
                  [33mclass[39m=[32m"h-4 w-4 shrink-0 text-[#FF6B6B]"[39m
                  [33mfill[39m=[32m"none"[39m
                  [33mstroke[39m=[32m"currentColor"[39m
                  [33mstroke-width[39m=[32m"2.5"[39m
                  [33mviewBox[39m=[32m"0 0 24 24"[39m
                [36m>[39m
                  [36m<path[39m
                    [33md[39m=[32m"M4.5 12.75l6 6 9-13.5"[39m
                    [33mstroke-linecap[39m=[32m"round"[39m
                    [33mstroke-linejoin[39m=[32m"round"[39m
                  [36m/>[39m
                [36m</svg>[39m
                [0mFree plan — no credit card required[0m
              [36m</li>[39m
              [36m<li[39m
                [33mclass[39m=[32m"flex items-center gap-3 text-sm text-white/80 font-dm-sans"[39m
              [36m>[39m
                [36m<svg[39m
                  [33maria-hidden[39m=[32m"true"[39m
                  [33mclass[39m=[32m"h-4 w-4 shrink-0 text-[#FF6B6B]"[39m
                  [33mfill[39m=[32m"none"[39m
                  [33mstroke[39m=[32m"currentColor"[39m
                  [33mstroke-width[39m=[32m"2.5"[39m
                  [33mviewBox[39m=[32m"0 0 24 24"[39m
                [36m>[39m
                  [36m<path[39m
                    [33md[39m=[32m"M4.5 12.75l6 6 9-13.5"[39m
                    [33mstroke-linecap[39m=[32m"round"[39m
                    [33mstroke-linejoin[39m=[32m"round"[39m
                  [36m/>[39m
                [36m</svg>[39m
                [0mTrusted by 1,000+ job seekers & recruiters[0m
              [36m</li>[39m
            [36m</ul>[39m
          [36m</div>[39m
          [36m<div[39m
            [33mclass[39m=[32m"flex-1 bg-[#FAFAFA] flex flex-col items-center justify-center px-4 py-12 md:px-12"[39m
          [36m>[39m
            [36m<a[39m
              [33maria-label[39m=[32m"Go to Ellyn home"[39m
              [33mclass[39m=[32m"md:hidden mb-8 inline-block"[39m
              [33mhref[39m=[32m"/"[39m
            [36m>[39m
              [36m<img[39m
                [33malt[39m=[32m"Ellyn"[39m
                [33mclass[39m=[32m"h-10 w-auto object-contain"[39m
                [33msrc[39m=[32m"https://subsnacks.sirv.com/Ellyn_logo.png"[39m
              [36m/>[39m
            [36m</a>[39m
            [36m<div[39m
              [33mclass[39m=[32m"w-full max-w-md bg-white rounded-2xl shadow-xl p-6 md:p-10 animate-in fade-in-0 slide-in-from-bottom-4 duration-300"[39m
            [36m>[39m
              [36m<div[39m
                [33mclass[39m=[32m"mb-8"[39m
              [36m>[39m
                [36m<h1[39m
                  [33mclass[39m=[32m"font-fraunces text-3xl text-[#2D2B55] leading-tight"[39m
                [36m>[39m
                  [0mLog in[0m
                [36m</h1>[39m
                [36m<p[39m
                  [33mclass[39m=[32m"font-dm-sans text-sm text-[#6B6982] mt-2"[39m
                [36m>[39m
                  [0mSign in to continue to your dashboard.[0m
                [36m</p>[39m
              [36m</div>[39m
              [36m<div[39m
                [33maria-busy[39m=[32m"false"[39m
                [33mclass[39m=[32m""[39m
              [36m>[39m
                [36m<div[39m
                  [33mclass[39m=[32m"space-y-5"[39m
                [36m>[39m
                  [36m<button[39m
                    [33mclass[39m=[32m"inline-flex items-center justify-center gap-2 whitespace-nowrap rounded-lg text-sm font-medium transition-colors focus-visible:outline-none focus-visible:ring-1 focus-visible:ring-ring disabled:pointer-events-none disabled:opacity-50 [&_svg]:pointer-events-none [&_svg]:size-4 [&_svg]:shrink-0 border shadow-sm hover:text-accent-foreground px-4 py-2 h-11 w-full border-[#D8D6EA] bg-white text-[#2D2B55] hover:bg-[#F5F3FD]"[39m
                    [33mtype[39m=[32m"button"[39m
                  [36m>[39m
                    [36m<span[39m
                      [33mclass[39m=[32m"mr-2"[39m
                    [36m>[39m
                      [36m<svg[39m
                        [33maria-hidden[39m=[32m"true"[39m
                        [33mclass[39m=[32m"h-4 w-4"[39m
                        [33mviewBox[39m=[32m"0 0 24 24"[39m
                      [36m>[39m
                        [36m<path[39m
                          [33md[39m=[32m"M12 10.2v3.9h5.5c-.2 1.3-1.5 3.9-5.5 3.9-3.3 0-6-2.7-6-6s2.7-6 6-6c1.9 0 3.1.8 3.8 1.5l2.6-2.5C16.8 3.4 14.6 2.5 12 2.5 6.8 2.5 2.5 6.8 2.5 12s4.3 9.5 9.5 9.5c5.5 0 9.2-3.9 9.2-9.3 0-.6-.1-1.1-.2-1.6H12z"[39m
                          [33mfill[39m=[32m"#EA4335"[39m
                        [36m/>[39m
                        [36m<path[39m
                          [33md[39m=[32m"M3.6 7.4l3.2 2.3c.9-1.7 2.7-2.8 5.2-2.8 1.9 0 3.1.8 3.8 1.5l2.6-2.5C16.8 3.4 14.6 2.5 12 2.5 8.2 2.5 4.9 4.6 3.6 7.4z"[39m
                          [33mfill[39m=[32m"#34A853"[39m
                        [36m/>[39m
                        [36m<path[39m
                          [33md[39m=[32m"M12 21.5c2.6 0 4.8-.9 6.5-2.5l-3-2.5c-.8.6-2 1.1-3.5 1.1-3.9 0-5.2-2.6-5.5-3.9l-3.2 2.5c1.3 2.9 4.6 5.3 8.7 5.3z"[39m
                          [33mfill[39m=[32m"#4A90E2"[39m
                        [36m/>[39m
                        [36m<path[39m
                          [33md[39m=[32m"M6.5 13.7c-.1-.4-.2-.9-.2-1.4s.1-1 .2-1.4L3.3 8.4C2.8 9.4 2.5 10.7 2.5 12s.3 2.6.8 3.6l3.2-1.9z"[39m
                          [33mfill[39m=[32m"#FBBC05"[39m
                        [36m/>[39m
                      [36m</svg>[39m
                    [36m</span>[39m
                    [0mContinue with Google[0m
                  [36m</button>[39m
                  [36m<div[39m
                    [33mclass[39m=[32m"relative"[39m
                  [36m>[39m
                    [36m<div[39m
                      [33mclass[39m=[32m"absolute inset-0 flex items-center"[39m
                    [36m>[39m
                      [36m<span[39m
                        [33mclass[39m=[32m"w-full border-t border-[#E2E2E8]"[39m
                      [36m/>[39m
                    [36m</div>[39m
                    [36m<div[39m
                      [33mclass[39m=[32m"relative flex justify-center text-xs uppercase"[39m
                    [36m>[39m
                      [36m<span[39m
                        [33mclass[39m=[32m"bg-white px-2 text-[#7A7894]"[39m
                      [36m>[39m
                        [0mOr continue with email[0m
                      [36m</span>[39m
                    [36m</div>[39m
                  [36m</div>[39m
                  [36m<form[39m
                    [33mclass[39m=[32m"space-y-4"[39m
                  [36m>[39m
                    [36m<div[39m
                      [33mclass[39m=[32m"space-y-2"[39m
                    [36m>[39m
                      [36m<label[39m
                        [33mclass[39m=[32m"text-sm font-medium leading-none peer-disabled:cursor-not-allowed peer-disabled:opacity-70 font-dm-sans text-[#2D2B55]"[39m
                        [33mfor[39m=[32m":ra:-form-item"[39m
                      [36m>[39m
                        [0mEmail Address[0m
                      [36m</label>[39m
                      [36m<input[39m
                        [33maria-describedby[39m=[32m":ra:-form-item-description"[39m
                        [33maria-invalid[39m=[32m"false"[39m
                        [33mautocomplete[39m=[32m"email"[39m
                        [33mclass[39m=[32m"flex h-9 w-full rounded-lg border bg-input px-3 py-1 text-sm shadow-sm transition-colors file:border-0 file:bg-transparent file:text-sm file:font-medium file:text-foreground placeholder:text-muted-foreground focus-visible:outline-none focus-visible:ring-1 disabled:cursor-not-allowed disabled:opacity-50 border-[#D8D6EA] focus-visible:ring-[#2D2B55]"[39m
                        [33mid[39m=[32m":ra:-form-item"[39m
                        [33mname[39m=[32m"email"[39m
                        [33mplaceholder[39m=[32m"you@example.com"[39m
                        [33mtype[39m=[32m"email"[39m
                        [33mvalue[39m=[32m"wrong@example.com"[39m
                      [36m/>[39m
                    [36m</div>[39m
                    [36m<div[39m
                      [33mclass[39m=[32m"space-y-2"[39m
                    [36m>[39m
                      [36m<label[39m
                        [33mclass[39m=[32m"text-sm font-medium leading-none peer-disabled:cursor-not-allowed peer-disabled:opacity-70 font-dm-sans text-[#2D2B55]"[39m
                        [33mfor[39m=[32m":rb:-form-item"[39m
                      [36m>[39m
                        [0mPassword[0m
                      [36m</label>[39m
                      [36m<input[39m
                        [33maria-describedby[39m=[32m":rb:-form-item-description"[39m
                        [33maria-invalid[39m=[32m"false"[39m
                        [33mautocomplete[39m=[32m"current-password"[39m
                        [33mclass[39m=[32m"flex h-9 w-full rounded-lg border bg-input px-3 py-1 text-sm shadow-sm transition-colors file:border-0 file:bg-transparent file:text-sm file:font-medium file:text-foreground placeholder:text-muted-foreground focus-visible:outline-none focus-visible:ring-1 disabled:cursor-not-allowed disabled:opacity-50 border-[#D8D6EA] focus-visible:ring-[#2D2B55]"[39m
                        [33mid[39m=[32m":rb:-form-item"[39m
                        [33mname[39m=[32m"password"[39m
                        [33mplaceholder[39m=[32m"Your password"[39m
                        [33mtype[39m=[32m"password"[39m
                        [33mvalue[39m=[32m""[39m
                      [36m/>[39m
                    [36m</div>[39m
                    [36m<button[39m
                      [33mclass[39m=[32m"inline-flex items-center justify-center gap-2 whitespace-nowrap rounded-lg text-sm font-medium transition-colors focus-visible:outline-none focus-visible:ring-1 focus-visible:ring-ring disabled:pointer-events-none disabled:opacity-50 [&_svg]:pointer-events-none [&_svg]:size-4 [&_svg]:shrink-0 shadow px-4 py-2 h-11 w-full bg-[#2D2B55] font-dm-sans text-white hover:bg-[#25234A]"[39m
                      [33mtype[39m=[32m"submit"[39m
                    [36m>[39m
                      [0mLog in[0m
                    [36m</button>[39m
                  [36m</form>[39m
                  [36m<div[39m
                    [33mclass[39m=[32m"space-y-2 text-center font-dm-sans text-sm text-[#5E5B86]"[39m
                  [36m>[39m
                    [36m<a[39m
                      [33mclass[39m=[32m"font-medium text-[#2D2B55] underline"[39m
                      [33mhref[39m=[32m"/auth/forgot-password"[39m
                    [36m>[39m
                      [0mForgot password?[0m
                    [36m</a>[39m
                    [36m<p>[39m
                      [0mDon't have an account?[0m
                      [0m [0m
                      [36m<a[39m
                        [33mclass[39m=[32m"font-medium text-[#2D2B55] underline"[39m
                        [33mhref[39m=[32m"/auth/signup"[39m
                      [36m>[39m
                        [0mSign up[0m
                      [36m</a>[39m
                    [36m</p>[39m
                  [36m</div>[39m
                [36m</div>[39m
              [36m</div>[39m
            [36m</div>[39m
          [36m</div>[39m
        [36m</div>[39m
      [36m</div>[39m
    [36m</body>[39m

      210 |       target: { value: 'wrong@example.com' },
      211 |     })
    > 212 |     fireEvent.change(screen.getByPlaceholderText('********'), {
          |                             ^
      213 |       target: { value: 'wrong' },
      214 |     })
      215 |     fireEvent.click(screen.getByRole('button', { name: /^sign in$/i }))

      at Object.getElementError (node_modules/@testing-library/dom/dist/config.js:37:19)
      at node_modules/@testing-library/dom/dist/query-helpers.js:76:38
      at node_modules/@testing-library/dom/dist/query-helpers.js:52:17
      at node_modules/@testing-library/dom/dist/query-helpers.js:95:19
      at Object.getByPlaceholderText (tests/integration/auth.test.tsx:212:29)

FAIL tests/extension/dom-waiter.test.js
  ● Test suite failed to run

    ENOENT: no such file or directory, open '/Users/varunsah/Documents/Coding/Ellyn/Ellyn/extension/utils/dom-waiter.js'

       7 |
       8 | // Load the source file
    >  9 | const code = fs.readFileSync(path.resolve(__dirname, '../../extension/utils/dom-waiter.js'), 'utf8');
         |                 ^
      10 | // Execute in the current scope (which has JSDOM window/document)
      11 | eval(code);
      12 |

      at Object.readFileSync (tests/extension/dom-waiter.test.js:9:17)

FAIL tests/extension/page-detector.test.js
  ● Test suite failed to run

    ENOENT: no such file or directory, open '/Users/varunsah/Documents/Coding/Ellyn/Ellyn/extension/utils/page-detector.js'

       8 |
       9 | // Load the source file
    > 10 | const code = fs.readFileSync(path.resolve(__dirname, '../../extension/utils/page-detector.js'), 'utf8');
         |                 ^
      11 | eval(code);
      12 |
      13 | const pageDetector = window.EllynPageDetector;

      at Object.readFileSync (tests/extension/page-detector.test.js:10:17)

FAIL tests/extension/name-extractor.test.js
  ● Test suite failed to run

    ENOENT: no such file or directory, open '/Users/varunsah/Documents/Coding/Ellyn/Ellyn/extension/extractors/name-extractor.js'

       9 |
      10 | // Load the source file
    > 11 | const code = fs.readFileSync(path.resolve(__dirname, '../../extension/extractors/name-extractor.js'), 'utf8');
         |                 ^
      12 | eval(code);
      13 |
      14 | const extractor = window.EllynNameExtractor;

      at Object.readFileSync (tests/extension/name-extractor.test.js:11:17)

FAIL tests/components/analytics/overview-metrics.test.tsx
  ● OverviewMetrics › Rendering › renders all metric cards

    TestingLibraryElementError: Unable to find an element with the text: Total Drafts. This could be because the text is broken up by multiple elements. In this case, you can provide a function for your text matcher to make your matcher more flexible.

    Ignored nodes: comments, script, style
    [36m<body>[39m
      [36m<div>[39m
        [36m<div[39m
          [33mclass[39m=[32m"grid gap-4 md:grid-cols-2 lg:grid-cols-4"[39m
        [36m>[39m
          [36m<div[39m
            [33mclass[39m=[32m"rounded-lg border bg-card text-card-foreground shadow"[39m
          [36m>[39m
            [36m<div[39m
              [33mclass[39m=[32m"p-6 flex flex-row items-center justify-between space-y-0 pb-2"[39m
            [36m>[39m
              [36m<h3[39m
                [33mclass[39m=[32m"tracking-tight text-sm font-medium"[39m
              [36m>[39m
                [0mTotal Contacts[0m
              [36m</h3>[39m
              [36m<svg[39m
                [33maria-hidden[39m=[32m"true"[39m
                [33mclass[39m=[32m"lucide lucide-users h-4 w-4 text-muted-foreground"[39m
                [33mfill[39m=[32m"none"[39m
                [33mheight[39m=[32m"24"[39m
                [33mstroke[39m=[32m"currentColor"[39m
                [33mstroke-linecap[39m=[32m"round"[39m
                [33mstroke-linejoin[39m=[32m"round"[39m
                [33mstroke-width[39m=[32m"2"[39m
                [33mviewBox[39m=[32m"0 0 24 24"[39m
                [33mwidth[39m=[32m"24"[39m
                [33mxmlns[39m=[32m"http://www.w3.org/2000/svg"[39m
              [36m>[39m
                [36m<path[39m
                  [33md[39m=[32m"M16 21v-2a4 4 0 0 0-4-4H6a4 4 0 0 0-4 4v2"[39m
                [36m/>[39m
                [36m<path[39m
                  [33md[39m=[32m"M16 3.128a4 4 0 0 1 0 7.744"[39m
                [36m/>[39m
                [36m<path[39m
                  [33md[39m=[32m"M22 21v-2a4 4 0 0 0-3-3.87"[39m
                [36m/>[39m
                [36m<circle[39m
                  [33mcx[39m=[32m"9"[39m
                  [33mcy[39m=[32m"7"[39m
                  [33mr[39m=[32m"4"[39m
                [36m/>[39m
              [36m</svg>[39m
            [36m</div>[39m
            [36m<div[39m
              [33mclass[39m=[32m"p-6 pt-0"[39m
            [36m>[39m
              [36m<div[39m
                [33mclass[39m=[32m"text-2xl font-bold"[39m
                [33mstyle[39m=[32m"opacity: 0; transform: translateY(10px);"[39m
              [36m>[39m
                [0m150[0m
              [36m</div>[39m
              [36m<div[39m
                [33mclass[39m=[32m"flex items-center gap-2 text-xs text-muted-foreground mt-1"[39m
              [36m>[39m
                [36m<span>[39m
                  [0mContacts in database[0m
                [36m</span>[39m
              [36m</div>[39m
            [36m</div>[39m
          [36m</div>[39m
          [36m<div[39m
            [33mclass[39m=[32m"rounded-lg border bg-card text-card-foreground shadow"[39m
          [36m>[39m
            [36m<div[39m
              [33mclass[39m=[32m"p-6 flex flex-row items-center justify-between space-y-0 pb-2"[39m
            [36m>[39m
              [36m<h3[39m
                [33mclass[39m=[32m"tracking-tight text-sm font-medium"[39m
              [36m>[39m
                [0mTotal Outreach Items[0m
              [36m</h3>[39m
              [36m<svg[39m
                [33maria-hidden[39m=[32m"true"[39m
                [33mclass[39m=[32m"lucide lucide-mail h-4 w-4 text-muted-foreground"[39m
                [33mfill[39m=[32m"none"[39m
                [33mheight[39m=[32m"24"[39m
                [33mstroke[39m=[32m"currentColor"[39m
                [33mstroke-linecap[39m=[32m"round"[39m
                [33mstroke-linejoin[39m=[32m"round"[39m
                [33mstroke-width[39m=[32m"2"[39m
                [33mviewBox[39m=[32m"0 0 24 24"[39m
                [33mwidth[39m=[32m"24"[39m
                [33mxmlns[39m=[32m"http://www.w3.org/2000/svg"[39m
              [36m>[39m
                [36m<path[39m
                  [33md[39m=[32m"m22 7-8.991 5.727a2 2 0 0 1-2.009 0L2 7"[39m
                [36m/>[39m
                [36m<rect[39m
                  [33mheight[39m=[32m"16"[39m
                  [33mrx[39m=[32m"2"[39m
                  [33mwidth[39m=[32m"20"[39m
                  [33mx[39m=[32m"2"[39m
                  [33my[39m=[32m"4"[39m
                [36m/>[39m
              [36m</svg>[39m
            [36m</div>[39m
            [36m<div[39m
              [33mclass[39m=[32m"p-6 pt-0"[39m
            [36m>[39m
              [36m<div[39m
                [33mclass[39m=[32m"text-2xl font-bold"[39m
                [33mstyle[39m=[32m"opacity: 0; transform: translateY(10px);"[39m
              [36m>[39m
                [0m45[0m
              [36m</div>[39m
              [36m<div[39m
                [33mclass[39m=[32m"flex items-center gap-2 text-xs text-muted-foreground mt-1"[39m
              [36m>[39m
                [36m<span>[39m
                  [0mOutreach items created[0m
                [36m</span>[39m
              [36m</div>[39m
            [36m</div>[39m
          [36m</div>[39m
          [36m<div[39m
            [33mclass[39m=[32m"rounded-lg border bg-card text-card-foreground shadow"[39m
          [36m>[39m
            [36m<div[39m
              [33mclass[39m=[32m"p-6 flex flex-row items-center justify-between space-y-0 pb-2"[39m
            [36m>[39m
              [36m<h3[39m
                [33mclass[39m=[32m"tracking-tight text-sm font-medium"[39m
              [36m>[39m
                [0mEmails Sent[0m
              [36m</h3>[39m
              [36m<svg[39m
                [33maria-hidden[39m=[32m"true"[39m
                [33mclass[39m=[32m"lucide lucide-trending-up h-4 w-4 text-muted-foreground"[39m
                [33mfill[39m=[32m"none"[39m
                [33mheight[39m=[32m"24"[39m
                [33mstroke[39m=[32m"currentColor"[39m
                [33mstroke-linecap[39m=[32m"round"[39m
                [33mstroke-linejoin[39m=[32m"round"[39m
                [33mstroke-width[39m=[32m"2"[39m
                [33mviewBox[39m=[32m"0 0 24 24"[39m
                [33mwidth[39m=[32m"24"[39m
                [33mxmlns[39m=[32m"http://www.w3.org/2000/svg"[39m
              [36m>[39m
                [36m<path[39m
                  [33md[39m=[32m"M16 7h6v6"[39m
                [36m/>[39m
                [36m<path[39m
                  [33md[39m=[32m"m22 7-8.5 8.5-5-5L2 17"[39m
                [36m/>[39m
              [36m</svg>[39m
            [36m</div>[39m
            [36m<div[39m
              [33mclass[39m=[32m"p-6 pt-0"[39m
            [36m>[39m
              [36m<div[39m
                [33mclass[39m=[32m"text-2xl font-bold"[39m
                [33mstyle[39m=[32m"opacity: 0; transform: translateY(10px);"[39m
              [36m>[39m
                [0m120[0m
              [36m</div>[39m
              [36m<div[39m
                [33mclass[39m=[32m"flex items-center gap-2 text-xs text-muted-foreground mt-1"[39m
              [36m>[39m
                [36m<span>[39m
                  [0mTotal emails sent[0m
                [36m</span>[39m
              [36m</div>[39m
            [36m</div>[39m
          [36m</div>[39m
          [36m<div[39m
            [33mclass[39m=[32m"rounded-lg border bg-card text-card-foreground shadow"[39m
          [36m>[39m
            [36m<div[39m
              [33mclass[39m=[32m"p-6 flex flex-row items-center justify-between space-y-0 pb-2"[39m
            [36m>[39m
              [36m<h3[39m
                [33mclass[39m=[32m"tracking-tight text-sm font-medium"[39m
              [36m>[39m
                [0mReply Rate[0m
              [36m</h3>[39m
              [36m<svg[39m
                [33maria-hidden[39m=[32m"true"[39m
                [33mclass[39m=[32m"lucide lucide-zap h-4 w-4 text-muted-foreground"[39m
                [33mfill[39m=[32m"none"[39m
                [33mheight[39m=[32m"24"[39m
                [33mstroke[39m=[32m"currentColor"[39m
                [33mstroke-linecap[39m=[32m"round"[39m
                [33mstroke-linejoin[39m=[32m"round"[39m
                [33mstroke-width[39m=[32m"2"[39m
                [33mviewBox[39m=[32m"0 0 24 24"[39m
                [33mwidth[39m=[32m"24"[39m
                [33mxmlns[39m=[32m"http://www.w3.org/2000/svg"[39m
              [36m>[39m
                [36m<path[39m
                  [33md[39m=[32m"M4 14a1 1 0 0 1-.78-1.63l9.9-10.2a.5.5 0 0 1 .86.46l-1.92 6.02A1 1 0 0 0 13 10h7a1 1 0 0 1 .78 1.63l-9.9 10.2a.5.5 0 0 1-.86-.46l1.92-6.02A1 1 0 0 0 11 14z"[39m
                [36m/>[39m
              [36m</svg>[39m
            [36m</div>[39m
            [36m<div[39m
              [33mclass[39m=[32m"p-6 pt-0"[39m
            [36m>[39m
              [36m<div[39m
                [33mclass[39m=[32m"text-2xl font-bold"[39m
                [33mstyle[39m=[32m"opacity: 0; transform: translateY(10px);"[39m
              [36m>[39m
                [0m32.5%[0m
              [36m</div>[39m
              [36m<div[39m
                [33mclass[39m=[32m"flex items-center gap-2 text-xs text-muted-foreground mt-1"[39m
              [36m>[39m
                [36m<span>[39m
                  [0mOf sent emails[0m
                [36m</span>[39m
              [36m</div>[39m
            [36m</div>[39m
          [36m</div>[39m
          [36m<div[39m
            [33mclass[39m=[32m"rounded-lg border bg-card text-card-foreground shadow col-span-full md:col-span-2"[39m
          [36m>[39m
            [36m<div[39m
              [33mclass[39m=[32m"flex flex-col space-y-1.5 p-6"[39m
            [36m>[39m
              [36m<h3[39m
                [33mclass[39m=[32m"tracking-tight text-sm font-medium"[39m
              [36m>[39m
                [0mBest Performing Sequence[0m
              [36m</h3>[39m
            [36m</div>[39m
            [36m<div[39m
              [33mclass[39m=[32m"p-6 pt-0"[39m
            [36m>[39m
              [36m<div[39m
                [33mclass[39m=[32m"text-xl font-bold"[39m
              [36m>[39m
                [0mCold Outreach Template[0m
              [36m</div>[39m
              [36m<p[39m
                [33mclass[39m=[32m"text-sm text-muted-foreground"[39m
              [36m>[39m
                [0m45.2[0m
                [0m% reply rate[0m
              [36m</p>[39m
            [36m</div>[39m
          [36m</div>[39m
          [36m<div[39m
            [33mclass[39m=[32m"rounded-lg border bg-card text-card-foreground shadow"[39m
          [36m>[39m
            [36m<div[39m
              [33mclass[39m=[32m"p-6 flex flex-row items-center justify-between space-y-0 pb-2"[39m
            [36m>[39m
              [36m<h3[39m
                [33mclass[39m=[32m"tracking-tight text-sm font-medium"[39m
              [36m>[39m
                [0mMost Active Day[0m
              [36m</h3>[39m
              [36m<svg[39m
                [33maria-hidden[39m=[32m"true"[39m
                [33mclass[39m=[32m"lucide lucide-calendar h-4 w-4 text-muted-foreground"[39m
                [33mfill[39m=[32m"none"[39m
                [33mheight[39m=[32m"24"[39m
                [33mstroke[39m=[32m"currentColor"[39m
                [33mstroke-linecap[39m=[32m"round"[39m
                [33mstroke-linejoin[39m=[32m"round"[39m
                [33mstroke-width[39m=[32m"2"[39m
                [33mviewBox[39m=[32m"0 0 24 24"[39m
                [33mwidth[39m=[32m"24"[39m
                [33mxmlns[39m=[32m"http://www.w3.org/2000/svg"[39m
              [36m>[39m
                [36m<path[39m
                  [33md[39m=[32m"M8 2v4"[39m
                [36m/>[39m
                [36m<path[39m
                  [33md[39m=[32m"M16 2v4"[39m
                [36m/>[39m
                [36m<rect[39m
                  [33mheight[39m=[32m"18"[39m
                  [33mrx[39m=[32m"2"[39m
                  [33mwidth[39m=[32m"18"[39m
                  [33mx[39m=[32m"3"[39m
                  [33my[39m=[32m"4"[39m
                [36m/>[39m
                [36m<path[39m
                  [33md[39m=[32m"M3 10h18"[39m
                [36m/>[39m
              [36m</svg>[39m
            [36m</div>[39m
            [36m<div[39m
              [33mclass[39m=[32m"p-6 pt-0"[39m
            [36m>[39m
              [36m<div[39m
                [33mclass[39m=[32m"text-2xl font-bold"[39m
                [33mstyle[39m=[32m"opacity: 0; transform: translateY(10px);"[39m
              [36m>[39m
                [0mWednesday[0m
              [36m</div>[39m
              [36m<div[39m
                [33mclass[39m=[32m"flex items-center gap-2 text-xs text-muted-foreground mt-1"[39m
              [36m>[39m
                [36m<span>[39m
                  [0mPeak activity day[0m
                [36m</span>[39m
              [36m</div>[39m
            [36m</div>[39m
          [36m</div>[39m
          [36m<div[39m
            [33mclass[39m=[32m"rounded-lg border bg-card text-card-foreground shadow"[39m
          [36m>[39m
            [36m<div[39m
              [33mclass[39m=[32m"p-6 flex flex-row items-center justify-between space-y-0 pb-2"[39m
            [36m>[39m
              [36m<h3[39m
                [33mclass[39m=[32m"tracking-tight text-sm font-medium"[39m
              [36m>[39m
                [0mMost Active Hour[0m
              [36m</h3>[39m
              [36m<svg[39m
                [33maria-hidden[39m=[32m"true"[39m
                [33mclass[39m=[32m"lucide lucide-clock h-4 w-4 text-muted-foreground"[39m
                [33mfill[39m=[32m"none"[39m
                [33mheight[39m=[32m"24"[39m
                [33mstroke[39m=[32m"currentColor"[39m
                [33mstroke-linecap[39m=[32m"round"[39m
                [33mstroke-linejoin[39m=[32m"round"[39m
                [33mstroke-width[39m=[32m"2"[39m
                [33mviewBox[39m=[32m"0 0 24 24"[39m
                [33mwidth[39m=[32m"24"[39m
                [33mxmlns[39m=[32m"http://www.w3.org/2000/svg"[39m
              [36m>[39m
                [36m<path[39m
                  [33md[39m=[32m"M12 6v6l4 2"[39m
                [36m/>[39m
                [36m<circle[39m
                  [33mcx[39m=[32m"12"[39m
                  [33mcy[39m=[32m"12"[39m
                  [33mr[39m=[32m"10"[39m
                [36m/>[39m
              [36m</svg>[39m
            [36m</div>[39m
            [36m<div[39m
              [33mclass[39m=[32m"p-6 pt-0"[39m
            [36m>[39m
              [36m<div[39m
                [33mclass[39m=[32m"text-2xl font-bold"[39m
                [33mstyle[39m=[32m"opacity: 0; transform: translateY(10px);"[39m
              [36m>[39m
                [0m14:00[0m
              [36m</div>[39m
              [36m<div[39m
                [33mclass[39m=[32m"flex items-center gap-2 text-xs text-muted-foreground mt-1"[39m
              [36m>[39m
                [36m<span>[39m
                  [0mPeak activity time[0m
                [36m</span>[39m
              [36m</div>[39m
            [36m</div>[39m
          [36m</div>[39m
        [36m</div>[39m
      [36m</div>[39m
    [36m</body>[39m

      31 |
      32 |       expect(screen.getByText('Total Contacts')).toBeInTheDocument();
    > 33 |       expect(screen.getByText('Total Drafts')).toBeInTheDocument();
         |                     ^
      34 |       expect(screen.getByText('Emails Sent')).toBeInTheDocument();
      35 |       expect(screen.getByText('Reply Rate')).toBeInTheDocument();
      36 |     });

      at Object.getElementError (node_modules/@testing-library/dom/dist/config.js:37:19)
      at node_modules/@testing-library/dom/dist/query-helpers.js:76:38
      at node_modules/@testing-library/dom/dist/query-helpers.js:52:17
      at node_modules/@testing-library/dom/dist/query-helpers.js:95:19
      at Object.getByText (tests/components/analytics/overview-metrics.test.tsx:33:21)

  ● OverviewMetrics › Loading State › shows skeleton loaders when loading

    TestingLibraryElementError: Unable to find an element with the role "status"

    Here are the available roles:

      heading:

      Name "Total Contacts":
      [36m<h3[39m
        [33mclass[39m=[32m"tracking-tight text-sm font-medium"[39m
      [36m/>[39m

      Name "Total Outreach Items":
      [36m<h3[39m
        [33mclass[39m=[32m"tracking-tight text-sm font-medium"[39m
      [36m/>[39m

      Name "Emails Sent":
      [36m<h3[39m
        [33mclass[39m=[32m"tracking-tight text-sm font-medium"[39m
      [36m/>[39m

      Name "Reply Rate":
      [36m<h3[39m
        [33mclass[39m=[32m"tracking-tight text-sm font-medium"[39m
      [36m/>[39m

      Name "Best Performing Sequence":
      [36m<h3[39m
        [33mclass[39m=[32m"tracking-tight text-sm font-medium"[39m
      [36m/>[39m

      Name "Most Active Day":
      [36m<h3[39m
        [33mclass[39m=[32m"tracking-tight text-sm font-medium"[39m
      [36m/>[39m

      Name "Most Active Hour":
      [36m<h3[39m
        [33mclass[39m=[32m"tracking-tight text-sm font-medium"[39m
      [36m/>[39m

      --------------------------------------------------

    Ignored nodes: comments, script, style
    [36m<body>[39m
      [36m<div>[39m
        [36m<div[39m
          [33mclass[39m=[32m"grid gap-4 md:grid-cols-2 lg:grid-cols-4"[39m
        [36m>[39m
          [36m<div[39m
            [33mclass[39m=[32m"rounded-lg border bg-card text-card-foreground shadow"[39m
          [36m>[39m
            [36m<div[39m
              [33mclass[39m=[32m"p-6 flex flex-row items-center justify-between space-y-0 pb-2"[39m
            [36m>[39m
              [36m<h3[39m
                [33mclass[39m=[32m"tracking-tight text-sm font-medium"[39m
              [36m>[39m
                [0mTotal Contacts[0m
              [36m</h3>[39m
              [36m<svg[39m
                [33maria-hidden[39m=[32m"true"[39m
                [33mclass[39m=[32m"lucide lucide-users h-4 w-4 text-muted-foreground"[39m
                [33mfill[39m=[32m"none"[39m
                [33mheight[39m=[32m"24"[39m
                [33mstroke[39m=[32m"currentColor"[39m
                [33mstroke-linecap[39m=[32m"round"[39m
                [33mstroke-linejoin[39m=[32m"round"[39m
                [33mstroke-width[39m=[32m"2"[39m
                [33mviewBox[39m=[32m"0 0 24 24"[39m
                [33mwidth[39m=[32m"24"[39m
                [33mxmlns[39m=[32m"http://www.w3.org/2000/svg"[39m
              [36m>[39m
                [36m<path[39m
                  [33md[39m=[32m"M16 21v-2a4 4 0 0 0-4-4H6a4 4 0 0 0-4 4v2"[39m
                [36m/>[39m
                [36m<path[39m
                  [33md[39m=[32m"M16 3.128a4 4 0 0 1 0 7.744"[39m
                [36m/>[39m
                [36m<path[39m
                  [33md[39m=[32m"M22 21v-2a4 4 0 0 0-3-3.87"[39m
                [36m/>[39m
                [36m<circle[39m
                  [33mcx[39m=[32m"9"[39m
                  [33mcy[39m=[32m"7"[39m
                  [33mr[39m=[32m"4"[39m
                [36m/>[39m
              [36m</svg>[39m
            [36m</div>[39m
            [36m<div[39m
              [33mclass[39m=[32m"p-6 pt-0"[39m
            [36m>[39m
              [36m<div[39m
                [33mclass[39m=[32m"space-y-2 animate-pulse"[39m
              [36m>[39m
                [36m<div[39m
                  [33mclass[39m=[32m"h-8 w-24 rounded bg-muted"[39m
                [36m/>[39m
                [36m<div[39m
                  [33mclass[39m=[32m"h-3 w-32 rounded bg-muted"[39m
                [36m/>[39m
              [36m</div>[39m
            [36m</div>[39m
          [36m</div>[39m
          [36m<div[39m
            [33mclass[39m=[32m"rounded-lg border bg-card text-card-foreground shadow"[39m
          [36m>[39m
            [36m<div[39m
              [33mclass[39m=[32m"p-6 flex flex-row items-center justify-between space-y-0 pb-2"[39m
            [36m>[39m
              [36m<h3[39m
                [33mclass[39m=[32m"tracking-tight text-sm font-medium"[39m
              [36m>[39m
                [0mTotal Outreach Items[0m
              [36m</h3>[39m
              [36m<svg[39m
                [33maria-hidden[39m=[32m"true"[39m
                [33mclass[39m=[32m"lucide lucide-mail h-4 w-4 text-muted-foreground"[39m
                [33mfill[39m=[32m"none"[39m
                [33mheight[39m=[32m"24"[39m
                [33mstroke[39m=[32m"currentColor"[39m
                [33mstroke-linecap[39m=[32m"round"[39m
                [33mstroke-linejoin[39m=[32m"round"[39m
                [33mstroke-width[39m=[32m"2"[39m
                [33mviewBox[39m=[32m"0 0 24 24"[39m
                [33mwidth[39m=[32m"24"[39m
                [33mxmlns[39m=[32m"http://www.w3.org/2000/svg"[39m
              [36m>[39m
                [36m<path[39m
                  [33md[39m=[32m"m22 7-8.991 5.727a2 2 0 0 1-2.009 0L2 7"[39m
                [36m/>[39m
                [36m<rect[39m
                  [33mheight[39m=[32m"16"[39m
                  [33mrx[39m=[32m"2"[39m
                  [33mwidth[39m=[32m"20"[39m
                  [33mx[39m=[32m"2"[39m
                  [33my[39m=[32m"4"[39m
                [36m/>[39m
              [36m</svg>[39m
            [36m</div>[39m
            [36m<div[39m
              [33mclass[39m=[32m"p-6 pt-0"[39m
            [36m>[39m
              [36m<div[39m
                [33mclass[39m=[32m"space-y-2 animate-pulse"[39m
              [36m>[39m
                [36m<div[39m
                  [33mclass[39m=[32m"h-8 w-24 rounded bg-muted"[39m
                [36m/>[39m
                [36m<div[39m
                  [33mclass[39m=[32m"h-3 w-32 rounded bg-muted"[39m
                [36m/>[39m
              [36m</div>[39m
            [36m</div>[39m
          [36m</div>[39m
          [36m<div[39m
            [33mclass[39m=[32m"rounded-lg border bg-card text-card-foreground shadow"[39m
          [36m>[39m
            [36m<div[39m
              [33mclass[39m=[32m"p-6 flex flex-row items-center justify-between space-y-0 pb-2"[39m
            [36m>[39m
              [36m<h3[39m
                [33mclass[39m=[32m"tracking-tight text-sm font-medium"[39m
              [36m>[39m
                [0mEmails Sent[0m
              [36m</h3>[39m
              [36m<svg[39m
                [33maria-hidden[39m=[32m"true"[39m
                [33mclass[39m=[32m"lucide lucide-trending-up h-4 w-4 text-muted-foreground"[39m
                [33mfill[39m=[32m"none"[39m
                [33mheight[39m=[32m"24"[39m
                [33mstroke[39m=[32m"currentColor"[39m
                [33mstroke-linecap[39m=[32m"round"[39m
                [33mstroke-linejoin[39m=[32m"round"[39m
                [33mstroke-width[39m=[32m"2"[39m
                [33mviewBox[39m=[32m"0 0 24 24"[39m
                [33mwidth[39m=[32m"24"[39m
                [33mxmlns[39m=[32m"http://www.w3.org/2000/svg"[39m
              [36m>[39m
                [36m<path[39m
                  [33md[39m=[32m"M16 7h6v6"[39m
                [36m/>[39m
                [36m<path[39m
                  [33md[39m=[32m"m22 7-8.5 8.5-5-5L2 17"[39m
                [36m/>[39m
              [36m</svg>[39m
            [36m</div>[39m
            [36m<div[39m
              [33mclass[39m=[32m"p-6 pt-0"[39m
            [36m>[39m
              [36m<div[39m
                [33mclass[39m=[32m"space-y-2 animate-pulse"[39m
              [36m>[39m
                [36m<div[39m
                  [33mclass[39m=[32m"h-8 w-24 rounded bg-muted"[39m
                [36m/>[39m
                [36m<div[39m
                  [33mclass[39m=[32m"h-3 w-32 rounded bg-muted"[39m
                [36m/>[39m
              [36m</div>[39m
            [36m</div>[39m
          [36m</div>[39m
          [36m<div[39m
            [33mclass[39m=[32m"rounded-lg border bg-card text-card-foreground shadow"[39m
          [36m>[39m
            [36m<div[39m
              [33mclass[39m=[32m"p-6 flex flex-row items-center justify-between space-y-0 pb-2"[39m
            [36m>[39m
              [36m<h3[39m
                [33mclass[39m=[32m"tracking-tight text-sm font-medium"[39m
              [36m>[39m
                [0mReply Rate[0m
              [36m</h3>[39m
              [36m<svg[39m
                [33maria-hidden[39m=[32m"true"[39m
                [33mclass[39m=[32m"lucide lucide-zap h-4 w-4 text-muted-foreground"[39m
                [33mfill[39m=[32m"none"[39m
                [33mheight[39m=[32m"24"[39m
                [33mstroke[39m=[32m"currentColor"[39m
                [33mstroke-linecap[39m=[32m"round"[39m
                [33mstroke-linejoin[39m=[32m"round"[39m
                [33mstroke-width[39m=[32m"2"[39m
                [33mviewBox[39m=[32m"0 0 24 24"[39m
                [33mwidth[39m=[32m"24"[39m
                [33mxmlns[39m=[32m"http://www.w3.org/2000/svg"[39m
              [36m>[39m
                [36m<path[39m
                  [33md[39m=[32m"M4 14a1 1 0 0 1-.78-1.63l9.9-10.2a.5.5 0 0 1 .86.46l-1.92 6.02A1 1 0 0 0 13 10h7a1 1 0 0 1 .78 1.63l-9.9 10.2a.5.5 0 0 1-.86-.46l1.92-6.02A1 1 0 0 0 11 14z"[39m
                [36m/>[39m
              [36m</svg>[39m
            [36m</div>[39m
            [36m<div[39m
              [33mclass[39m=[32m"p-6 pt-0"[39m
            [36m>[39m
              [36m<div[39m
                [33mclass[39m=[32m"space-y-2 animate-pulse"[39m
              [36m>[39m
                [36m<div[39m
                  [33mclass[39m=[32m"h-8 w-24 rounded bg-muted"[39m
                [36m/>[39m
                [36m<div[39m
                  [33mclass[39m=[32m"h-3 w-32 rounded bg-muted"[39m
                [36m/>[39m
              [36m</div>[39m
            [36m</div>[39m
          [36m</div>[39m
          [36m<div[39m
            [33mclass[39m=[32m"rounded-lg border bg-card text-card-foreground shadow col-span-full md:col-span-2"[39m
          [36m>[39m
            [36m<div[39m
              [33mclass[39m=[32m"flex flex-col space-y-1.5 p-6"[39m
            [36m>[39m
              [36m<h3[39m
                [33mclass[39m=[32m"tracking-tight text-sm font-medium"[39m
              [36m>[39m
                [0mBest Performing Sequence[0m
              [36m</h3>[39m
            [36m</div>[39m
            [36m<div[39m
              [33mclass[39m=[32m"p-6 pt-0"[39m
            [36m>[39m
              [36m<div[39m
                [33mclass[39m=[32m"space-y-2 animate-pulse"[39m
              [36m>[39m
                [36m<div[39m
                  [33mclass[39m=[32m"h-6 w-48 rounded bg-muted"[39m
                [36m/>[39m
                [36m<div[39m
                  [33mclass[39m=[32m"h-4 w-32 rounded bg-muted"[39m
                [36m/>[39m
              [36m</div>[39m
            [36m</div>[39m
          [36m</div>[39m
          [36m<div[39m
            [33mclass[39m=[32m"rounded-lg border bg-card text-card-foreground shadow"[39m
          [36m>[39m
            [36m<div[39m
              [33mclass[39m=[32m"p-6 flex flex-row items-center justify-between space-y-0 pb-2"[39m
            [36m>[39m
              [36m<h3[39m
                [33mclass[39m=[32m"tracking-tight text-sm font-medium"[39m
              [36m>[39m
                [0mMost Active Day[0m
              [36m</h3>[39m
              [36m<svg[39m
                [33maria-hidden[39m=[32m"true"[39m
                [33mclass[39m=[32m"lucide lucide-calendar h-4 w-4 text-muted-foreground"[39m
                [33mfill[39m=[32m"none"[39m
                [33mheight[39m=[32m"24"[39m
                [33mstroke[39m=[32m"currentColor"[39m
                [33mstroke-linecap[39m=[32m"round"[39m
                [33mstroke-linejoin[39m=[32m"round"[39m
                [33mstroke-width[39m=[32m"2"[39m
                [33mviewBox[39m=[32m"0 0 24 24"[39m
                [33mwidth[39m=[32m"24"[39m
                [33mxmlns[39m=[32m"http://www.w3.org/2000/svg"[39m
              [36m>[39m
                [36m<path[39m
                  [33md[39m=[32m"M8 2v4"[39m
                [36m/>[39m
                [36m<path[39m
                  [33md[39m=[32m"M16 2v4"[39m
                [36m/>[39m
                [36m<rect[39m
                  [33mheight[39m=[32m"18"[39m
                  [33mrx[39m=[32m"2"[39m
                  [33mwidth[39m=[32m"18"[39m
                  [33mx[39m=[32m"3"[39m
                  [33my[39m=[32m"4"[39m
                [36m/>[39m
                [36m<path[39m
                  [33md[39m=[32m"M3 10h18"[39m
                [36m/>[39m
              [36m</svg>[39m
            [36m</div>[39m
            [36m<div[39m
              [33mclass[39m=[32m"p-6 pt-0"[39m
            [36m>[39m
              [36m<div[39m
                [33mclass[39m=[32m"space-y-2 animate-pulse"[39m
              [36m>[39m
                [36m<div[39m
                  [33mclass[39m=[32m"h-8 w-24 rounded bg-muted"[39m
                [36m/>[39m
                [36m<div[39m
                  [33mclass[39m=[32m"h-3 w-32 rounded bg-muted"[39m
                [36m/>[39m
              [36m</div>[39m
            [36m</div>[39m
          [36m</div>[39m
          [36m<div[39m
            [33mclass[39m=[32m"rounded-lg border bg-card text-card-foreground shadow"[39m
          [36m>[39m
            [36m<div[39m
              [33mclass[39m=[32m"p-6 flex flex-row items-center justify-between space-y-0 pb-2"[39m
            [36m>[39m
              [36m<h3[39m
                [33mclass[39m=[32m"tracking-tight text-sm font-medium"[39m
              [36m>[39m
                [0mMost Active Hour[0m
              [36m</h3>[39m
              [36m<svg[39m
                [33maria-hidden[39m=[32m"true"[39m
                [33mclass[39m=[32m"lucide lucide-clock h-4 w-4 text-muted-foreground"[39m
                [33mfill[39m=[32m"none"[39m
                [33mheight[39m=[32m"24"[39m
                [33mstroke[39m=[32m"currentColor"[39m
                [33mstroke-linecap[39m=[32m"round"[39m
                [33mstroke-linejoin[39m=[32m"round"[39m
                [33mstroke-width[39m=[32m"2"[39m
                [33mviewBox[39m=[32m"0 0 24 24"[39m
                [33mwidth[39m=[32m"24"[39m
                [33mxmlns[39m=[32m"http://www.w3.org/2000/svg"[39m
              [36m>[39m
                [36m<path[39m
                  [33md[39m=[32m"M12 6v6l4 2"[39m
                [36m/>[39m
                [36m<circle[39m
                  [33mcx[39m=[32m"12"[39m
                  [33mcy[39m=[32m"12"[39m
                  [33mr[39m=[32m"10"[39m
                [36m/>[39m
              [36m</svg>[39m
            [36m</div>[39m
            [36m<div[39m
              [33mclass[39m=[32m"p-6 pt-0"[39m
            [36m>[39m
              [36m<div[39m
                [33mclass[39m=[32m"space-y-2 animate-pulse"[39m
              [36m>[39m
                [36m<div[39m
                  [33mclass[39m=[32m"h-8 w-24 rounded bg-muted"[39m
                [36m/>[39m
                [36m<div[39m
                  [33mclass[39m=[32m"h-3 w-32 rounded bg-muted"[39m
                [36m/>[39m
              [36m</div>[39m
            [36m</div>[39m
          [36m</div>[39m
        [36m</div>[39m
      [36m</div>[39m
    [36m</body>[39m

      101 |
      102 |       // Should show animated skeleton elements
    > 103 |       const skeletons = screen.getAllByRole('status', { hidden: true });
          |                                ^
      104 |       expect(skeletons.length).toBeGreaterThan(0);
      105 |     });
      106 |

      at Object.getElementError (node_modules/@testing-library/dom/dist/config.js:37:19)
      at node_modules/@testing-library/dom/dist/query-helpers.js:76:38
      at node_modules/@testing-library/dom/dist/query-helpers.js:109:15
      at Object.getAllByRole (tests/components/analytics/overview-metrics.test.tsx:103:32)

  ● OverviewMetrics › Edge Cases › handles zero values

    TestingLibraryElementError: Found multiple elements with the text: 0

    Here are the matching elements:

    Ignored nodes: comments, script, style
    [36m<div[39m
      [33mclass[39m=[32m"text-2xl font-bold"[39m
      [33mstyle[39m=[32m"opacity: 0; transform: translateY(10px);"[39m
    [36m>[39m
      [0m0[0m
    [36m</div>[39m

    Ignored nodes: comments, script, style
    [36m<div[39m
      [33mclass[39m=[32m"text-2xl font-bold"[39m
      [33mstyle[39m=[32m"opacity: 0; transform: translateY(10px);"[39m
    [36m>[39m
      [0m0[0m
    [36m</div>[39m

    (If this is intentional, then use the `*AllBy*` variant of the query (like `queryAllByText`, `getAllByText`, or `findAllByText`)).

    Ignored nodes: comments, script, style
    [36m<body>[39m
      [36m<div>[39m
        [36m<div[39m
          [33mclass[39m=[32m"grid gap-4 md:grid-cols-2 lg:grid-cols-4"[39m
        [36m>[39m
          [36m<div[39m
            [33mclass[39m=[32m"rounded-lg border bg-card text-card-foreground shadow"[39m
          [36m>[39m
            [36m<div[39m
              [33mclass[39m=[32m"p-6 flex flex-row items-center justify-between space-y-0 pb-2"[39m
            [36m>[39m
              [36m<h3[39m
                [33mclass[39m=[32m"tracking-tight text-sm font-medium"[39m
              [36m>[39m
                [0mTotal Contacts[0m
              [36m</h3>[39m
              [36m<svg[39m
                [33maria-hidden[39m=[32m"true"[39m
                [33mclass[39m=[32m"lucide lucide-users h-4 w-4 text-muted-foreground"[39m
                [33mfill[39m=[32m"none"[39m
                [33mheight[39m=[32m"24"[39m
                [33mstroke[39m=[32m"currentColor"[39m
                [33mstroke-linecap[39m=[32m"round"[39m
                [33mstroke-linejoin[39m=[32m"round"[39m
                [33mstroke-width[39m=[32m"2"[39m
                [33mviewBox[39m=[32m"0 0 24 24"[39m
                [33mwidth[39m=[32m"24"[39m
                [33mxmlns[39m=[32m"http://www.w3.org/2000/svg"[39m
              [36m>[39m
                [36m<path[39m
                  [33md[39m=[32m"M16 21v-2a4 4 0 0 0-4-4H6a4 4 0 0 0-4 4v2"[39m
                [36m/>[39m
                [36m<path[39m
                  [33md[39m=[32m"M16 3.128a4 4 0 0 1 0 7.744"[39m
                [36m/>[39m
                [36m<path[39m
                  [33md[39m=[32m"M22 21v-2a4 4 0 0 0-3-3.87"[39m
                [36m/>[39m
                [36m<circle[39m
                  [33mcx[39m=[32m"9"[39m
                  [33mcy[39m=[32m"7"[39m
                  [33mr[39m=[32m"4"[39m
                [36m/>[39m
              [36m</svg>[39m
            [36m</div>[39m
            [36m<div[39m
              [33mclass[39m=[32m"p-6 pt-0"[39m
            [36m>[39m
              [36m<div[39m
                [33mclass[39m=[32m"text-2xl font-bold"[39m
                [33mstyle[39m=[32m"opacity: 0; transform: translateY(10px);"[39m
              [36m>[39m
                [0m0[0m
              [36m</div>[39m
              [36m<div[39m
                [33mclass[39m=[32m"flex items-center gap-2 text-xs text-muted-foreground mt-1"[39m
              [36m>[39m
                [36m<span>[39m
                  [0mContacts in database[0m
                [36m</span>[39m
              [36m</div>[39m
            [36m</div>[39m
          [36m</div>[39m
          [36m<div[39m
            [33mclass[39m=[32m"rounded-lg border bg-card text-card-foreground shadow"[39m
          [36m>[39m
            [36m<div[39m
              [33mclass[39m=[32m"p-6 flex flex-row items-center justify-between space-y-0 pb-2"[39m
            [36m>[39m
              [36m<h3[39m
                [33mclass[39m=[32m"tracking-tight text-sm font-medium"[39m
              [36m>[39m
                [0mTotal Outreach Items[0m
              [36m</h3>[39m
              [36m<svg[39m
                [33maria-hidden[39m=[32m"true"[39m
                [33mclass[39m=[32m"lucide lucide-mail h-4 w-4 text-muted-foreground"[39m
                [33mfill[39m=[32m"none"[39m
                [33mheight[39m=[32m"24"[39m
                [33mstroke[39m=[32m"currentColor"[39m
                [33mstroke-linecap[39m=[32m"round"[39m
                [33mstroke-linejoin[39m=[32m"round"[39m
                [33mstroke-width[39m=[32m"2"[39m
                [33mviewBox[39m=[32m"0 0 24 24"[39m
                [33mwidth[39m=[32m"24"[39m
                [33mxmlns[39m=[32m"http://www.w3.org/2000/svg"[39m
              [36m>[39m
                [36m<path[39m
                  [33md[39m=[32m"m22 7-8.991 5.727a2 2 0 0 1-2.009 0L2 7"[39m
                [36m/>[39m
                [36m<rect[39m
                  [33mheight[39m=[32m"16"[39m
                  [33mrx[39m=[32m"2"[39m
                  [33mwidth[39m=[32m"20"[39m
                  [33mx[39m=[32m"2"[39m
                  [33my[39m=[32m"4"[39m
                [36m/>[39m
              [36m</svg>[39m
            [36m</div>[39m
            [36m<div[39m
              [33mclass[39m=[32m"p-6 pt-0"[39m
            [36m>[39m
              [36m<div[39m
                [33mclass[39m=[32m"text-2xl font-bold"[39m
                [33mstyle[39m=[32m"opacity: 0; transform: translateY(10px);"[39m
              [36m>[39m
                [0m45[0m
              [36m</div>[39m
              [36m<div[39m
                [33mclass[39m=[32m"flex items-center gap-2 text-xs text-muted-foreground mt-1"[39m
              [36m>[39m
                [36m<span>[39m
                  [0mOutreach items created[0m
                [36m</span>[39m
              [36m</div>[39m
            [36m</div>[39m
          [36m</div>[39m
          [36m<div[39m
            [33mclass[39m=[32m"rounded-lg border bg-card text-card-foreground shadow"[39m
          [36m>[39m
            [36m<div[39m
              [33mclass[39m=[32m"p-6 flex flex-row items-center justify-between space-y-0 pb-2"[39m
            [36m>[39m
              [36m<h3[39m
                [33mclass[39m=[32m"tracking-tight text-sm font-medium"[39m
              [36m>[39m
                [0mEmails Sent[0m
              [36m</h3>[39m
              [36m<svg[39m
                [33maria-hidden[39m=[32m"true"[39m
                [33mclass[39m=[32m"lucide lucide-trending-up h-4 w-4 text-muted-foreground"[39m
                [33mfill[39m=[32m"none"[39m
                [33mheight[39m=[32m"24"[39m
                [33mstroke[39m=[32m"currentColor"[39m
                [33mstroke-linecap[39m=[32m"round"[39m
                [33mstroke-linejoin[39m=[32m"round"[39m
                [33mstroke-width[39m=[32m"2"[39m
                [33mviewBox[39m=[32m"0 0 24 24"[39m
                [33mwidth[39m=[32m"24"[39m
                [33mxmlns[39m=[32m"http://www.w3.org/2000/svg"[39m
              [36m>[39m
                [36m<path[39m
                  [33md[39m=[32m"M16 7h6v6"[39m
                [36m/>[39m
                [36m<path[39m
                  [33md[39m=[32m"m22 7-8.5 8.5-5-5L2 17"[39m
                [36m/>[39m
              [36m</svg>[39m
            [36m</div>[39m
            [36m<div[39m
              [33mclass[39m=[32m"p-6 pt-0"[39m
            [36m>[39m
              [36m<div[39m
                [33mclass[39m=[32m"text-2xl font-bold"[39m
                [33mstyle[39m=[32m"opacity: 0; transform: translateY(10px);"[39m
              [36m>[39m
                [0m0[0m
              [36m</div>[39m
              [36m<div[39m
                [33mclass[39m=[32m"flex items-center gap-2 text-xs text-muted-foreground mt-1"[39m
              [36m>[39m
                [36m<span>[39m
                  [0mTotal emails sent[0m
                [36m</span>[39m
              [36m</div>[39m
            [36m</div>[39m
          [36m</div>[39m
          [36m<div[39m
            [33mclass[39m=[32m"rounded-lg border bg-card text-card-foreground shadow"[39m
          [36m>[39m
            [36m<div[39m
              [33mclass[39m=[32m"p-6 flex flex-row items-center justify-between space-y-0 pb-2"[39m
            [36m>[39m
              [36m<h3[39m
                [33mclass[39m=[32m"tracking-tight text-sm font-medium"[39m
              [36m>[39m
                [0mReply Rate[0m
              [36m</h3>[39m
              [36m<svg[39m
                [33maria-hidden[39m=[32m"true"[39m
                [33mclass[39m=[32m"lucide lucide-zap h-4 w-4 text-muted-foreground"[39m
                [33mfill[39m=[32m"none"[39m
                [33mheight[39m=[32m"24"[39m
                [33mstroke[39m=[32m"currentColor"[39m
                [33mstroke-linecap[39m=[32m"round"[39m
                [33mstroke-linejoin[39m=[32m"round"[39m
                [33mstroke-width[39m=[32m"2"[39m
                [33mviewBox[39m=[32m"0 0 24 24"[39m
                [33mwidth[39m=[32m"24"[39m
                [33mxmlns[39m=[32m"http://www.w3.org/2000/svg"[39m
              [36m>[39m
                [36m<path[39m
                  [33md[39m=[32m"M4 14a1 1 0 0 1-.78-1.63l9.9-10.2a.5.5 0 0 1 .86.46l-1.92 6.02A1 1 0 0 0 13 10h7a1 1 0 0 1 .78 1.63l-9.9 10.2a.5.5 0 0 1-.86-.46l1.92-6.02A1 1 0 0 0 11 14z"[39m
                [36m/>[39m
              [36m</svg>[39m
            [36m</div>[39m
            [36m<div[39m
              [33mclass[39m=[32m"p-6 pt-0"[39m
            [36m>[39m
              [36m<div[39m
                [33mclass[39m=[32m"text-2xl font-bold"[39m
                [33mstyle[39m=[32m"opacity: 0; transform: translateY(10px);"[39m
              [36m>[39m
                [0m32.5%[0m
              [36m</div>[39m
              [36m<div[39m
                [33mclass[39m=[32m"flex items-center gap-2 text-xs text-muted-foreground mt-1"[39m
              [36m>[39m
                [36m<span>[39m
                  [0mOf sent emails[0m
                [36m</span>[39m
              [36m</div>[39m
            [36m</div>[39m
          [36m</div>[39m
          [36m<div[39m
            [33mclass[39m=[32m"rounded-lg border bg-card text-card-foreground shadow col-span-full md:col-span-2"[39m
          [36m>[39m
            [36m<div[39m
              [33mclass[39m=[32m"flex flex-col space-y-1.5 p-6"[39m
            [36m>[39m
              [36m<h3[39m
                [33mclass[39m=[32m"tracking-tight text-sm font-medium"[39m
              [36m>[39m
                [0mBest Performing Sequence[0m
              [36m</h3>[39m
            [36m</div>[39m
            [36m<div[39m
              [33mclass[39m=[32m"p-6 pt-0"[39m
            [36m>[39m
              [36m<div[39m
                [33mclass[39m=[32m"text-xl font-bold"[39m
              [36m>[39m
                [0mCold Outreach Template[0m
              [36m</div>[39m
              [36m<p[39m
                [33mclass[39m=[32m"text-sm text-muted-foreground"[39m
              [36m>[39m
                [0m45.2[0m
                [0m% reply rate[0m
              [36m</p>[39m
            [36m</div>[39m
          [36m</div>[39m
          [36m<div[39m
            [33mclass[39m=[32m"rounded-lg border bg-card text-card-foreground shadow"[39m
          [36m>[39m
            [36m<div[39m
              [33mclass[39m=[32m"p-6 flex flex-row items-center justify-between space-y-0 pb-2"[39m
            [36m>[39m
              [36m<h3[39m
                [33mclass[39m=[32m"tracking-tight text-sm font-medium"[39m
              [36m>[39m
                [0mMost Active Day[0m
              [36m</h3>[39m
              [36m<svg[39m
                [33maria-hidden[39m=[32m"true"[39m
                [33mclass[39m=[32m"lucide lucide-calendar h-4 w-4 text-muted-foreground"[39m
                [33mfill[39m=[32m"none"[39m
                [33mheight[39m=[32m"24"[39m
                [33mstroke[39m=[32m"currentColor"[39m
                [33mstroke-linecap[39m=[32m"round"[39m
                [33mstroke-linejoin[39m=[32m"round"[39m
                [33mstroke-width[39m=[32m"2"[39m
                [33mviewBox[39m=[32m"0 0 24 24"[39m
                [33mwidth[39m=[32m"24"[39m
                [33mxmlns[39m=[32m"http://www.w3.org/2000/svg"[39m
              [36m>[39m
                [36m<path[39m
                  [33md[39m=[32m"M8 2v4"[39m
                [36m/>[39m
                [36m<path[39m
                  [33md[39m=[32m"M16 2v4"[39m
                [36m/>[39m
                [36m<rect[39m
                  [33mheight[39m=[32m"18"[39m
                  [33mrx[39m=[32m"2"[39m
                  [33mwidth[39m=[32m"18"[39m
                  [33mx[39m=[32m"3"[39m
                  [33my[39m=[32m"4"[39m
                [36m/>[39m
                [36m<path[39m
                  [33md[39m=[32m"M3 10h18"[39m
                [36m/>[39m
              [36m</svg>[39m
            [36m</div>[39m
            [36m<div[39m
              [33mclass[39m=[32m"p-6 pt-0"[39m
            [36m>[39m
              [36m<div[39m
                [33mclass[39m=[32m"text-2xl font-bold"[39m
                [33mstyle[39m=[32m"opacity: 0; transform: translateY(10px);"[39m
              [36m>[39m
                [0mWednesday[0m
              [36m</div>[39m
              [36m<div[39m
                [33mclass[39m=[32m"flex items-center gap-2 text-xs text-muted-foreground mt-1"[39m
              [36m>[39m
                [36m<span>[39m
                  [0mPeak activity day[0m
                [36m</span>[39m
              [36m</div>[39m
            [36m</div>[39m
          [36m</div>[39m
          [36m<div[39m
            [33mclass[39m=[32m"rounded-lg border bg-card text-card-foreground shadow"[39m
          [36m>[39m
            [36m<div[39m
              [33mclass[39m=[32m"p-6 flex flex-row items-center justify-between space-y-0 pb-2"[39m
            [36m>[39m
              [36m<h3[39m
                [33mclass[39m=[32m"tracking-tight text-sm font-medium"[39m
              [36m>[39m
                [0mMost Active Hour[0m
              [36m</h3>[39m
              [36m<svg[39m
                [33maria-hidden[39m=[32m"true"[39m
                [33mclass[39m=[32m"lucide lucide-clock h-4 w-4 text-muted-foreground"[39m
                [33mfill[39m=[32m"none"[39m
                [33mheight[39m=[32m"24"[39m
                [33mstroke[39m=[32m"currentColor"[39m
                [33mstroke-linecap[39m=[32m"round"[39m
                [33mstroke-linejoin[39m=[32m"round"[39m
                [33mstroke-width[39m=[32m"2"[39m
                [33mviewBox[39m=[32m"0 0 24 24"[39m
                [33mwidth[39m=[32m"24"[39m
                [33mxmlns[39m=[32m"http://www.w3.org/2000/svg"[39m
              [36m>[39m
                [36m<path[39m
                  [33md[39m=[32m"M12 6v6l4 2"[39m
                [36m/>[39m
                [36m<circle[39m
                  [33mcx[39m=[32m"12"[39m
                  [33mcy[39m=[32m"12"[39m
                  [33mr[39m=[32m"10"[39m
                [36m/>[39m
              [36m</svg>[39m
            [36m</div>[39m
            [36m<div[39m
              [33mclass[39m=[32m"p-6 pt-0"[39m
            [36m>[39m
              [36m<div[39m
                [33mclass[39m=[32m"text-2xl font-bold"[39m
                [33mstyle[39m=[32m"opacity: 0; transform: translateY(10px);"[39m
              [36m>[39m
                [0m14:00[0m
              [36m</div>[39m
              [36m<div[39m
                [33mclass[39m=[32m"flex items-center gap-2 text-xs text-muted-foreground mt-1"[39m
              [36m>[39m
                [36m<span>[39m
                  [0mPeak activity time[0m
                [36m</span>[39m
              [36m</div>[39m
            [36m</div>[39m
          [36m</div>[39m
        [36m</div>[39m
      [36m</div>[39m
    [36m</body>[39m

      123 |       render(<OverviewMetrics data={zeroData} loading={false} />);
      124 |
    > 125 |       expect(screen.getByText('0')).toBeInTheDocument();
          |                     ^
      126 |     });
      127 |
      128 |     test('handles very large numbers', () => {

      at Object.getElementError (node_modules/@testing-library/dom/dist/config.js:37:19)
      at getElementError (node_modules/@testing-library/dom/dist/query-helpers.js:20:35)
      at getMultipleElementsFoundError (node_modules/@testing-library/dom/dist/query-helpers.js:23:10)
      at node_modules/@testing-library/dom/dist/query-helpers.js:55:13
      at node_modules/@testing-library/dom/dist/query-helpers.js:95:19
      at Object.getByText (tests/components/analytics/overview-metrics.test.tsx:125:21)

  ● OverviewMetrics › Accessibility › has proper ARIA labels

    expect(received).toBeInTheDocument()

    received value must be an HTMLElement or an SVGElement.
    Received has value: null

      166 |
      167 |       // Check for semantic HTML and ARIA attributes
    > 168 |       expect(container.querySelector('[role="region"]')).toBeInTheDocument();
          |                                                          ^
      169 |     });
      170 |
      171 |     test('loading state has appropriate aria-busy', () => {

      at __EXTERNAL_MATCHER_TRAP__ (node_modules/expect/build/index.js:325:30)
      at Object.throwingMatcher [as toBeInTheDocument] (node_modules/expect/build/index.js:326:15)
      at Object.toBeInTheDocument (tests/components/analytics/overview-metrics.test.tsx:168:58)

  ● OverviewMetrics › Accessibility › loading state has appropriate aria-busy

    expect(received).toBeInTheDocument()

    received value must be an HTMLElement or an SVGElement.
    Received has value: null

      173 |
      174 |       // Loading elements should indicate busy state
    > 175 |       expect(container.querySelector('[aria-busy="true"]')).toBeInTheDocument();
          |                                                             ^
      176 |     });
      177 |
      178 |     test('trend indicators have screen reader text', () => {

      at __EXTERNAL_MATCHER_TRAP__ (node_modules/expect/build/index.js:325:30)
      at Object.throwingMatcher [as toBeInTheDocument] (node_modules/expect/build/index.js:326:15)
      at Object.toBeInTheDocument (tests/components/analytics/overview-metrics.test.tsx:175:61)

Summary of all failing tests
FAIL tests/integration/leads.test.ts
  ● Test suite failed to run

    Configuration error:

    Could not locate module @/lib/supabase mapped as:
    /Users/varunsah/Documents/Coding/Ellyn/Ellyn/lib/$1.

    Please check your configuration for these entries:
    {
      "moduleNameMapper": {
        "/^@\/lib\/(.*)$/": "/Users/varunsah/Documents/Coding/Ellyn/Ellyn/lib/$1"
      },
      "resolver": undefined
    }

       8 | import { resetTestDatabase, seedTestDatabase, testDb } from './helpers/test-db'
       9 |
    > 10 | jest.mock('@/lib/supabase', () => {
         |      ^
      11 |   // eslint-disable-next-line @typescript-eslint/no-var-requires
      12 |   const { supabaseMock } = require('./helpers/supabase-mock')
      13 |   return {

      at createNoMappedModuleFoundError (node_modules/jest-resolve/build/resolver.js:759:17)
      at Object.mock (tests/integration/leads.test.ts:10:6)

FAIL tests/integration/email-discovery.test.ts
  ● Test suite failed to run

    Configuration error:

    Could not locate module @/lib/supabase mapped as:
    /Users/varunsah/Documents/Coding/Ellyn/Ellyn/lib/$1.

    Please check your configuration for these entries:
    {
      "moduleNameMapper": {
        "/^@\/lib\/(.*)$/": "/Users/varunsah/Documents/Coding/Ellyn/Ellyn/lib/$1"
      },
      "resolver": undefined
    }

      94 | const mockSupabaseSingle = jest.fn()
      95 | const mockSupabaseUpsert = jest.fn()
    > 96 | jest.mock('@/lib/supabase', () => ({
         |      ^
      97 |   supabase: {
      98 |     from: jest.fn().mockImplementation(() => ({
      99 |       select: jest.fn().mockReturnThis(),

      at createNoMappedModuleFoundError (node_modules/jest-resolve/build/resolver.js:759:17)
      at Object.mock (tests/integration/email-discovery.test.ts:96:6)

FAIL tests/integration/contacts.test.ts
  ● Test suite failed to run

    Configuration error:

    Could not locate module @/lib/supabase mapped as:
    /Users/varunsah/Documents/Coding/Ellyn/Ellyn/lib/$1.

    Please check your configuration for these entries:
    {
      "moduleNameMapper": {
        "/^@\/lib\/(.*)$/": "/Users/varunsah/Documents/Coding/Ellyn/Ellyn/lib/$1"
      },
      "resolver": undefined
    }

      13 | import { resetTestDatabase, seedTestDatabase, testDb } from './helpers/test-db'
      14 |
    > 15 | jest.mock('@/lib/supabase', () => {
         |      ^
      16 |   // eslint-disable-next-line @typescript-eslint/no-var-requires
      17 |   const { supabaseMock } = require('./helpers/supabase-mock')
      18 |   return {

      at createNoMappedModuleFoundError (node_modules/jest-resolve/build/resolver.js:759:17)
      at Object.mock (tests/integration/contacts.test.ts:15:6)

FAIL tests/lib/tracker-integration.test.ts
  ● tracker integration helpers › buildTrackerContactHref builds deep link with source

    expect(received).toBe(expected) // Object.is equality

    Expected: "/dashboard/tracker?contactId=abc-123&source=contacts"
    Received: "/dashboard/contacts?contactId=abc-123&source=contacts"

      11 |   test("buildTrackerContactHref builds deep link with source", () => {
      12 |     const href = buildTrackerContactHref("abc-123", { source: "contacts" });
    > 13 |     expect(href).toBe("/dashboard/tracker?contactId=abc-123&source=contacts");
         |                  ^
      14 |   });
      15 |
      16 |   test("toTrackerContact normalizes legacy statuses", () => {

      at Object.toBe (tests/lib/tracker-integration.test.ts:13:18)

FAIL tests/integration/api-auth.test.ts
  ● Test suite failed to run

    Configuration error:

    Could not locate module @/lib/supabase mapped as:
    /Users/varunsah/Documents/Coding/Ellyn/Ellyn/lib/$1.

    Please check your configuration for these entries:
    {
      "moduleNameMapper": {
        "/^@\/lib\/(.*)$/": "/Users/varunsah/Documents/Coding/Ellyn/Ellyn/lib/$1"
      },
      "resolver": undefined
    }

      21 | const generateTextMock = jest.fn()
      22 |
    > 23 | jest.mock('@/lib/supabase', () => {
         |      ^
      24 |   // eslint-disable-next-line @typescript-eslint/no-var-requires
      25 |   const { supabaseMock } = require('./helpers/supabase-mock')
      26 |   return {

      at createNoMappedModuleFoundError (node_modules/jest-resolve/build/resolver.js:759:17)
      at Object.mock (tests/integration/api-auth.test.ts:23:6)

FAIL tests/api/email-verification.test.ts
  ● Test suite failed to run

    Configuration error:

    Could not locate module @/lib/supabase mapped as:
    /Users/varunsah/Documents/Coding/Ellyn/Ellyn/lib/$1.

    Please check your configuration for these entries:
    {
      "moduleNameMapper": {
        "/^@\/lib\/(.*)$/": "/Users/varunsah/Documents/Coding/Ellyn/Ellyn/lib/$1"
      },
      "resolver": undefined
    }

      104 | }))
      105 |
    > 106 | jest.mock('@/lib/supabase', () => ({
          |      ^
      107 |   supabase: {
      108 |     from: jest.fn().mockReturnValue({
      109 |       select: jest.fn().mockReturnThis(),

      at createNoMappedModuleFoundError (node_modules/jest-resolve/build/resolver.js:759:17)
      at Object.mock (tests/api/email-verification.test.ts:106:6)

FAIL tests/extension/email-inference.test.js
  ● Email Inference › Name Normalization › removes Jr. suffix

    expect(received).toBe(expected) // Object.is equality

    Expected: "John Doe"
    Received: "John Doe ."

      104 |   describe('Name Normalization', () => {
      105 |     test('removes Jr. suffix', () => {
    > 106 |       expect(normalizeName('John Doe Jr.')).toBe('John Doe');
          |                                             ^
      107 |       expect(normalizeName('John Doe Jr')).toBe('John Doe');
      108 |     });
      109 |

      at Object.toBe (tests/extension/email-inference.test.js:106:45)

  ● Email Inference › Name Normalization › removes Sr. suffix

    expect(received).toBe(expected) // Object.is equality

    Expected: "John Doe"
    Received: "John Doe ."

      109 |
      110 |     test('removes Sr. suffix', () => {
    > 111 |       expect(normalizeName('John Doe Sr.')).toBe('John Doe');
          |                                             ^
      112 |       expect(normalizeName('John Doe Sr')).toBe('John Doe');
      113 |     });
      114 |

      at Object.toBe (tests/extension/email-inference.test.js:111:45)

  ● Email Inference › Name Normalization › removes Esq suffix

    expect(received).toBe(expected) // Object.is equality

    Expected: "John Doe"
    Received: "John Doe ."

      128 |
      129 |     test('removes Esq suffix', () => {
    > 130 |       expect(normalizeName('John Doe Esq.')).toBe('John Doe');
          |                                              ^
      131 |       expect(normalizeName('John Doe Esq')).toBe('John Doe');
      132 |     });
      133 |

      at Object.toBe (tests/extension/email-inference.test.js:130:46)

  ● Email Inference › Name Normalization › handles combinations

    expect(received).toBe(expected) // Object.is equality

    Expected: "John Doe"
    Received: "John Doe ."

      141 |
      142 |     test('handles combinations', () => {
    > 143 |       expect(normalizeName('  John  Doe  Jr.  ')).toBe('John Doe');
          |                                                   ^
      144 |     });
      145 |   });
      146 |

      at Object.toBe (tests/extension/email-inference.test.js:143:51)

FAIL tests/extension/name-normalizer.test.js
  ● Test suite failed to run

    ENOENT: no such file or directory, open '/Users/varunsah/Documents/Coding/Ellyn/Ellyn/extension/utils/name-normalizer.js'

       8 |
       9 | // Load the source file
    > 10 | const code = fs.readFileSync(path.resolve(__dirname, '../../extension/utils/name-normalizer.js'), 'utf8');
         |                 ^
      11 | eval(code);
      12 |
      13 | const { normalizeName } = window.EllynNameNormalizer;

      at Object.readFileSync (tests/extension/name-normalizer.test.js:10:17)

FAIL tests/extension/confidence-engine.test.js
  ● Test suite failed to run

    ENOENT: no such file or directory, open '/Users/varunsah/Documents/Coding/Ellyn/Ellyn/extension/utils/confidence-engine.js'

       9 |
      10 | // Load the source file
    > 11 | const code = fs.readFileSync(path.resolve(__dirname, '../../extension/utils/confidence-engine.js'), 'utf8');
         |                 ^
      12 | eval(code);
      13 |
      14 | const engine = window.EllynConfidenceEngine;

      at Object.readFileSync (tests/extension/confidence-engine.test.js:11:17)

FAIL tests/extension/workflow-orchestrator.test.js
  ● Test suite failed to run

    ENOENT: no such file or directory, open '/Users/varunsah/Documents/Coding/Ellyn/Ellyn/extension/utils/workflow-orchestrator.js'

      22 |
      23 | // Load Source
    > 24 | const code = fs.readFileSync(path.resolve(__dirname, '../../extension/utils/workflow-orchestrator.js'), 'utf8');
         |                 ^
      25 | eval(code);
      26 |
      27 | const orchestrator = window.EllynWorkflowOrchestrator;

      at Object.readFileSync (tests/extension/workflow-orchestrator.test.js:24:17)

FAIL tests/integration/auth.test.tsx
  ● Auth integration flows › signup blocks weak passwords and disables submission

    TestingLibraryElementError: Unable to find an element with the placeholder text of: John Doe

    Ignored nodes: comments, script, style
    [36m<body>[39m
      [36m<div>[39m
        [36m<div[39m
          [33mclass[39m=[32m"min-h-screen flex font-dm-sans"[39m
        [36m>[39m
          [36m<div[39m
            [33mclass[39m=[32m"hidden md:flex md:w-2/5 flex-col bg-[#180B26] px-10 py-12"[39m
          [36m>[39m
            [36m<a[39m
              [33maria-label[39m=[32m"Go to Ellyn home"[39m
              [33mclass[39m=[32m"inline-block"[39m
              [33mhref[39m=[32m"/"[39m
            [36m>[39m
              [36m<img[39m
                [33malt[39m=[32m"Ellyn"[39m
                [33mclass[39m=[32m"h-10 w-auto object-contain"[39m
                [33msrc[39m=[32m"https://subsnacks.sirv.com/Ellyn_logo.png"[39m
                [33mstyle[39m=[32m"filter: brightness(0) invert(1);"[39m
              [36m/>[39m
            [36m</a>[39m
            [36m<div[39m
              [33mclass[39m=[32m"flex-1 flex items-center mt-16"[39m
            [36m>[39m
              [36m<blockquote[39m
                [33mclass[39m=[32m"font-fraunces text-3xl text-white italic leading-snug"[39m
              [36m>[39m
                [0m“Your next opportunity starts with the right connection.”[0m
              [36m</blockquote>[39m
            [36m</div>[39m
            [36m<ul[39m
              [33mclass[39m=[32m"space-y-3 mt-12"[39m
            [36m>[39m
              [36m<li[39m
                [33mclass[39m=[32m"flex items-center gap-3 text-sm text-white/80 font-dm-sans"[39m
              [36m>[39m
                [36m<svg[39m
                  [33maria-hidden[39m=[32m"true"[39m
                  [33mclass[39m=[32m"h-4 w-4 shrink-0 text-[#FF6B6B]"[39m
                  [33mfill[39m=[32m"none"[39m
                  [33mstroke[39m=[32m"currentColor"[39m
                  [33mstroke-width[39m=[32m"2.5"[39m
                  [33mviewBox[39m=[32m"0 0 24 24"[39m
                [36m>[39m
                  [36m<path[39m
                    [33md[39m=[32m"M4.5 12.75l6 6 9-13.5"[39m
                    [33mstroke-linecap[39m=[32m"round"[39m
                    [33mstroke-linejoin[39m=[32m"round"[39m
                  [36m/>[39m
                [36m</svg>[39m
                [0m95%+ email accuracy on LinkedIn profiles[0m
              [36m</li>[39m
              [36m<li[39m
                [33mclass[39m=[32m"flex items-center gap-3 text-sm text-white/80 font-dm-sans"[39m
              [36m>[39m
                [36m<svg[39m
                  [33maria-hidden[39m=[32m"true"[39m
                  [33mclass[39m=[32m"h-4 w-4 shrink-0 text-[#FF6B6B]"[39m
                  [33mfill[39m=[32m"none"[39m
                  [33mstroke[39m=[32m"currentColor"[39m
                  [33mstroke-width[39m=[32m"2.5"[39m
                  [33mviewBox[39m=[32m"0 0 24 24"[39m
                [36m>[39m
                  [36m<path[39m
                    [33md[39m=[32m"M4.5 12.75l6 6 9-13.5"[39m
                    [33mstroke-linecap[39m=[32m"round"[39m
                    [33mstroke-linejoin[39m=[32m"round"[39m
                  [36m/>[39m
                [36m</svg>[39m
                [0mFree plan — no credit card required[0m
              [36m</li>[39m
              [36m<li[39m
                [33mclass[39m=[32m"flex items-center gap-3 text-sm text-white/80 font-dm-sans"[39m
              [36m>[39m
                [36m<svg[39m
                  [33maria-hidden[39m=[32m"true"[39m
                  [33mclass[39m=[32m"h-4 w-4 shrink-0 text-[#FF6B6B]"[39m
                  [33mfill[39m=[32m"none"[39m
                  [33mstroke[39m=[32m"currentColor"[39m
                  [33mstroke-width[39m=[32m"2.5"[39m
                  [33mviewBox[39m=[32m"0 0 24 24"[39m
                [36m>[39m
                  [36m<path[39m
                    [33md[39m=[32m"M4.5 12.75l6 6 9-13.5"[39m
                    [33mstroke-linecap[39m=[32m"round"[39m
                    [33mstroke-linejoin[39m=[32m"round"[39m
                  [36m/>[39m
                [36m</svg>[39m
                [0mTrusted by 1,000+ job seekers & recruiters[0m
              [36m</li>[39m
            [36m</ul>[39m
          [36m</div>[39m
          [36m<div[39m
            [33mclass[39m=[32m"flex-1 bg-[#FAFAFA] flex flex-col items-center justify-center px-4 py-12 md:px-12"[39m
          [36m>[39m
            [36m<a[39m
              [33maria-label[39m=[32m"Go to Ellyn home"[39m
              [33mclass[39m=[32m"md:hidden mb-8 inline-block"[39m
              [33mhref[39m=[32m"/"[39m
            [36m>[39m
              [36m<img[39m
                [33malt[39m=[32m"Ellyn"[39m
                [33mclass[39m=[32m"h-10 w-auto object-contain"[39m
                [33msrc[39m=[32m"https://subsnacks.sirv.com/Ellyn_logo.png"[39m
              [36m/>[39m
            [36m</a>[39m
            [36m<div[39m
              [33mclass[39m=[32m"w-full max-w-md bg-white rounded-2xl shadow-xl p-6 md:p-10 animate-in fade-in-0 slide-in-from-bottom-4 duration-300"[39m
            [36m>[39m
              [36m<div[39m
                [33mclass[39m=[32m"mb-8"[39m
              [36m>[39m
                [36m<h1[39m
                  [33mclass[39m=[32m"font-fraunces text-3xl text-[#2D2B55] leading-tight"[39m
                [36m>[39m
                  [0mCreate your account[0m
                [36m</h1>[39m
                [36m<p[39m
                  [33mclass[39m=[32m"font-dm-sans text-sm text-[#6B6982] mt-2"[39m
                [36m>[39m
                  [0mStart using ELLYN with your free account.[0m
                [36m</p>[39m
              [36m</div>[39m
              [36m<div[39m
                [33maria-busy[39m=[32m"false"[39m
                [33mclass[39m=[32m""[39m
              [36m>[39m
                [36m<div[39m
                  [33mclass[39m=[32m"space-y-5"[39m
                [36m>[39m
                  [36m<button[39m
                    [33mclass[39m=[32m"inline-flex items-center justify-center gap-2 whitespace-nowrap rounded-lg text-sm font-medium transition-colors focus-visible:outline-none focus-visible:ring-1 focus-visible:ring-ring disabled:pointer-events-none disabled:opacity-50 [&_svg]:pointer-events-none [&_svg]:size-4 [&_svg]:shrink-0 border shadow-sm hover:text-accent-foreground px-4 py-2 h-11 w-full border-[#D8D6EA] bg-white text-[#2D2B55] hover:bg-[#F5F3FD]"[39m
                    [33mtype[39m=[32m"button"[39m
                  [36m>[39m
                    [36m<span[39m
                      [33mclass[39m=[32m"mr-2"[39m
                    [36m>[39m
                      [36m<svg[39m
                        [33maria-hidden[39m=[32m"true"[39m
                        [33mclass[39m=[32m"h-4 w-4"[39m
                        [33mviewBox[39m=[32m"0 0 24 24"[39m
                      [36m>[39m
                        [36m<path[39m
                          [33md[39m=[32m"M12 10.2v3.9h5.5c-.2 1.3-1.5 3.9-5.5 3.9-3.3 0-6-2.7-6-6s2.7-6 6-6c1.9 0 3.1.8 3.8 1.5l2.6-2.5C16.8 3.4 14.6 2.5 12 2.5 6.8 2.5 2.5 6.8 2.5 12s4.3 9.5 9.5 9.5c5.5 0 9.2-3.9 9.2-9.3 0-.6-.1-1.1-.2-1.6H12z"[39m
                          [33mfill[39m=[32m"#EA4335"[39m
                        [36m/>[39m
                        [36m<path[39m
                          [33md[39m=[32m"M3.6 7.4l3.2 2.3c...

      92 |     render(<SignupPage />)
      93 |
    > 94 |     fireEvent.change(screen.getByPlaceholderText('John Doe'), {
         |                             ^
      95 |       target: { value: 'Test User' },
      96 |     })
      97 |     fireEvent.change(screen.getByPlaceholderText('you@example.com'), {

      at Object.getElementError (node_modules/@testing-library/dom/dist/config.js:37:19)
      at node_modules/@testing-library/dom/dist/query-helpers.js:76:38
      at node_modules/@testing-library/dom/dist/query-helpers.js:52:17
      at node_modules/@testing-library/dom/dist/query-helpers.js:95:19
      at Object.getByPlaceholderText (tests/integration/auth.test.tsx:94:29)

  ● Auth integration flows › signup submits valid payload and shows success message

    TestingLibraryElementError: Unable to find an element with the placeholder text of: John Doe

    Ignored nodes: comments, script, style
    [36m<body>[39m
      [36m<div>[39m
        [36m<div[39m
          [33mclass[39m=[32m"min-h-screen flex font-dm-sans"[39m
        [36m>[39m
          [36m<div[39m
            [33mclass[39m=[32m"hidden md:flex md:w-2/5 flex-col bg-[#180B26] px-10 py-12"[39m
          [36m>[39m
            [36m<a[39m
              [33maria-label[39m=[32m"Go to Ellyn home"[39m
              [33mclass[39m=[32m"inline-block"[39m
              [33mhref[39m=[32m"/"[39m
            [36m>[39m
              [36m<img[39m
                [33malt[39m=[32m"Ellyn"[39m
                [33mclass[39m=[32m"h-10 w-auto object-contain"[39m
                [33msrc[39m=[32m"https://subsnacks.sirv.com/Ellyn_logo.png"[39m
                [33mstyle[39m=[32m"filter: brightness(0) invert(1);"[39m
              [36m/>[39m
            [36m</a>[39m
            [36m<div[39m
              [33mclass[39m=[32m"flex-1 flex items-center mt-16"[39m
            [36m>[39m
              [36m<blockquote[39m
                [33mclass[39m=[32m"font-fraunces text-3xl text-white italic leading-snug"[39m
              [36m>[39m
                [0m“Your next opportunity starts with the right connection.”[0m
              [36m</blockquote>[39m
            [36m</div>[39m
            [36m<ul[39m
              [33mclass[39m=[32m"space-y-3 mt-12"[39m
            [36m>[39m
              [36m<li[39m
                [33mclass[39m=[32m"flex items-center gap-3 text-sm text-white/80 font-dm-sans"[39m
              [36m>[39m
                [36m<svg[39m
                  [33maria-hidden[39m=[32m"true"[39m
                  [33mclass[39m=[32m"h-4 w-4 shrink-0 text-[#FF6B6B]"[39m
                  [33mfill[39m=[32m"none"[39m
                  [33mstroke[39m=[32m"currentColor"[39m
                  [33mstroke-width[39m=[32m"2.5"[39m
                  [33mviewBox[39m=[32m"0 0 24 24"[39m
                [36m>[39m
                  [36m<path[39m
                    [33md[39m=[32m"M4.5 12.75l6 6 9-13.5"[39m
                    [33mstroke-linecap[39m=[32m"round"[39m
                    [33mstroke-linejoin[39m=[32m"round"[39m
                  [36m/>[39m
                [36m</svg>[39m
                [0m95%+ email accuracy on LinkedIn profiles[0m
              [36m</li>[39m
              [36m<li[39m
                [33mclass[39m=[32m"flex items-center gap-3 text-sm text-white/80 font-dm-sans"[39m
              [36m>[39m
                [36m<svg[39m
                  [33maria-hidden[39m=[32m"true"[39m
                  [33mclass[39m=[32m"h-4 w-4 shrink-0 text-[#FF6B6B]"[39m
                  [33mfill[39m=[32m"none"[39m
                  [33mstroke[39m=[32m"currentColor"[39m
                  [33mstroke-width[39m=[32m"2.5"[39m
                  [33mviewBox[39m=[32m"0 0 24 24"[39m
                [36m>[39m
                  [36m<path[39m
                    [33md[39m=[32m"M4.5 12.75l6 6 9-13.5"[39m
                    [33mstroke-linecap[39m=[32m"round"[39m
                    [33mstroke-linejoin[39m=[32m"round"[39m
                  [36m/>[39m
                [36m</svg>[39m
                [0mFree plan — no credit card required[0m
              [36m</li>[39m
              [36m<li[39m
                [33mclass[39m=[32m"flex items-center gap-3 text-sm text-white/80 font-dm-sans"[39m
              [36m>[39m
                [36m<svg[39m
                  [33maria-hidden[39m=[32m"true"[39m
                  [33mclass[39m=[32m"h-4 w-4 shrink-0 text-[#FF6B6B]"[39m
                  [33mfill[39m=[32m"none"[39m
                  [33mstroke[39m=[32m"currentColor"[39m
                  [33mstroke-width[39m=[32m"2.5"[39m
                  [33mviewBox[39m=[32m"0 0 24 24"[39m
                [36m>[39m
                  [36m<path[39m
                    [33md[39m=[32m"M4.5 12.75l6 6 9-13.5"[39m
                    [33mstroke-linecap[39m=[32m"round"[39m
                    [33mstroke-linejoin[39m=[32m"round"[39m
                  [36m/>[39m
                [36m</svg>[39m
                [0mTrusted by 1,000+ job seekers & recruiters[0m
              [36m</li>[39m
            [36m</ul>[39m
          [36m</div>[39m
          [36m<div[39m
            [33mclass[39m=[32m"flex-1 bg-[#FAFAFA] flex flex-col items-center justify-center px-4 py-12 md:px-12"[39m
          [36m>[39m
            [36m<a[39m
              [33maria-label[39m=[32m"Go to Ellyn home"[39m
              [33mclass[39m=[32m"md:hidden mb-8 inline-block"[39m
              [33mhref[39m=[32m"/"[39m
            [36m>[39m
              [36m<img[39m
                [33malt[39m=[32m"Ellyn"[39m
                [33mclass[39m=[32m"h-10 w-auto object-contain"[39m
                [33msrc[39m=[32m"https://subsnacks.sirv.com/Ellyn_logo.png"[39m
              [36m/>[39m
            [36m</a>[39m
            [36m<div[39m
              [33mclass[39m=[32m"w-full max-w-md bg-white rounded-2xl shadow-xl p-6 md:p-10 animate-in fade-in-0 slide-in-from-bottom-4 duration-300"[39m
            [36m>[39m
              [36m<div[39m
                [33mclass[39m=[32m"mb-8"[39m
              [36m>[39m
                [36m<h1[39m
                  [33mclass[39m=[32m"font-fraunces text-3xl text-[#2D2B55] leading-tight"[39m
                [36m>[39m
                  [0mCreate your account[0m
                [36m</h1>[39m
                [36m<p[39m
                  [33mclass[39m=[32m"font-dm-sans text-sm text-[#6B6982] mt-2"[39m
                [36m>[39m
                  [0mStart using ELLYN with your free account.[0m
                [36m</p>[39m
              [36m</div>[39m
              [36m<div[39m
                [33maria-busy[39m=[32m"false"[39m
                [33mclass[39m=[32m""[39m
              [36m>[39m
                [36m<div[39m
                  [33mclass[39m=[32m"space-y-5"[39m
                [36m>[39m
                  [36m<button[39m
                    [33mclass[39m=[32m"inline-flex items-center justify-center gap-2 whitespace-nowrap rounded-lg text-sm font-medium transition-colors focus-visible:outline-none focus-visible:ring-1 focus-visible:ring-ring disabled:pointer-events-none disabled:opacity-50 [&_svg]:pointer-events-none [&_svg]:size-4 [&_svg]:shrink-0 border shadow-sm hover:text-accent-foreground px-4 py-2 h-11 w-full border-[#D8D6EA] bg-white text-[#2D2B55] hover:bg-[#F5F3FD]"[39m
                    [33mtype[39m=[32m"button"[39m
                  [36m>[39m
                    [36m<span[39m
                      [33mclass[39m=[32m"mr-2"[39m
                    [36m>[39m
                      [36m<svg[39m
                        [33maria-hidden[39m=[32m"true"[39m
                        [33mclass[39m=[32m"h-4 w-4"[39m
                        [33mviewBox[39m=[32m"0 0 24 24"[39m
                      [36m>[39m
                        [36m<path[39m
                          [33md[39m=[32m"M12 10.2v3.9h5.5c-.2 1.3-1.5 3.9-5.5 3.9-3.3 0-6-2.7-6-6s2.7-6 6-6c1.9 0 3.1.8 3.8 1.5l2.6-2.5C16.8 3.4 14.6 2.5 12 2.5 6.8 2.5 2.5 6.8 2.5 12s4.3 9.5 9.5 9.5c5.5 0 9.2-3.9 9.2-9.3 0-.6-.1-1.1-.2-1.6H12z"[39m
                          [33mfill[39m=[32m"#EA4335"[39m
                        [36m/>[39m
                        [36m<path[39m
                          [33md[39m=[32m"M3.6 7.4l3.2 2.3c...

      129 |     render(<SignupPage />)
      130 |
    > 131 |     fireEvent.change(screen.getByPlaceholderText('John Doe'), {
          |                             ^
      132 |       target: { value: 'Integration User' },
      133 |     })
      134 |     fireEvent.change(screen.getByPlaceholderText('you@example.com'), {

      at Object.getElementError (node_modules/@testing-library/dom/dist/config.js:37:19)
      at node_modules/@testing-library/dom/dist/query-helpers.js:76:38
      at node_modules/@testing-library/dom/dist/query-helpers.js:52:17
      at node_modules/@testing-library/dom/dist/query-helpers.js:95:19
      at Object.getByPlaceholderText (tests/integration/auth.test.tsx:131:29)

  ● Auth integration flows › login signs in and redirects to dashboard

    TestingLibraryElementError: Unable to find an element with the placeholder text of: ********

    Ignored nodes: comments, script, style
    [36m<body>[39m
      [36m<div>[39m
        [36m<div[39m
          [33mclass[39m=[32m"min-h-screen flex font-dm-sans"[39m
        [36m>[39m
          [36m<div[39m
            [33mclass[39m=[32m"hidden md:flex md:w-2/5 flex-col bg-[#180B26] px-10 py-12"[39m
          [36m>[39m
            [36m<a[39m
              [33maria-label[39m=[32m"Go to Ellyn home"[39m
              [33mclass[39m=[32m"inline-block"[39m
              [33mhref[39m=[32m"/"[39m
            [36m>[39m
              [36m<img[39m
                [33malt[39m=[32m"Ellyn"[39m
                [33mclass[39m=[32m"h-10 w-auto object-contain"[39m
                [33msrc[39m=[32m"https://subsnacks.sirv.com/Ellyn_logo.png"[39m
                [33mstyle[39m=[32m"filter: brightness(0) invert(1);"[39m
              [36m/>[39m
            [36m</a>[39m
            [36m<div[39m
              [33mclass[39m=[32m"flex-1 flex items-center mt-16"[39m
            [36m>[39m
              [36m<blockquote[39m
                [33mclass[39m=[32m"font-fraunces text-3xl text-white italic leading-snug"[39m
              [36m>[39m
                [0m“Your next opportunity starts with the right connection.”[0m
              [36m</blockquote>[39m
            [36m</div>[39m
            [36m<ul[39m
              [33mclass[39m=[32m"space-y-3 mt-12"[39m
            [36m>[39m
              [36m<li[39m
                [33mclass[39m=[32m"flex items-center gap-3 text-sm text-white/80 font-dm-sans"[39m
              [36m>[39m
                [36m<svg[39m
                  [33maria-hidden[39m=[32m"true"[39m
                  [33mclass[39m=[32m"h-4 w-4 shrink-0 text-[#FF6B6B]"[39m
                  [33mfill[39m=[32m"none"[39m
                  [33mstroke[39m=[32m"currentColor"[39m
                  [33mstroke-width[39m=[32m"2.5"[39m
                  [33mviewBox[39m=[32m"0 0 24 24"[39m
                [36m>[39m
                  [36m<path[39m
                    [33md[39m=[32m"M4.5 12.75l6 6 9-13.5"[39m
                    [33mstroke-linecap[39m=[32m"round"[39m
                    [33mstroke-linejoin[39m=[32m"round"[39m
                  [36m/>[39m
                [36m</svg>[39m
                [0m95%+ email accuracy on LinkedIn profiles[0m
              [36m</li>[39m
              [36m<li[39m
                [33mclass[39m=[32m"flex items-center gap-3 text-sm text-white/80 font-dm-sans"[39m
              [36m>[39m
                [36m<svg[39m
                  [33maria-hidden[39m=[32m"true"[39m
                  [33mclass[39m=[32m"h-4 w-4 shrink-0 text-[#FF6B6B]"[39m
                  [33mfill[39m=[32m"none"[39m
                  [33mstroke[39m=[32m"currentColor"[39m
                  [33mstroke-width[39m=[32m"2.5"[39m
                  [33mviewBox[39m=[32m"0 0 24 24"[39m
                [36m>[39m
                  [36m<path[39m
                    [33md[39m=[32m"M4.5 12.75l6 6 9-13.5"[39m
                    [33mstroke-linecap[39m=[32m"round"[39m
                    [33mstroke-linejoin[39m=[32m"round"[39m
                  [36m/>[39m
                [36m</svg>[39m
                [0mFree plan — no credit card required[0m
              [36m</li>[39m
              [36m<li[39m
                [33mclass[39m=[32m"flex items-center gap-3 text-sm text-white/80 font-dm-sans"[39m
              [36m>[39m
                [36m<svg[39m
                  [33maria-hidden[39m=[32m"true"[39m
                  [33mclass[39m=[32m"h-4 w-4 shrink-0 text-[#FF6B6B]"[39m
                  [33mfill[39m=[32m"none"[39m
                  [33mstroke[39m=[32m"currentColor"[39m
                  [33mstroke-width[39m=[32m"2.5"[39m
                  [33mviewBox[39m=[32m"0 0 24 24"[39m
                [36m>[39m
                  [36m<path[39m
                    [33md[39m=[32m"M4.5 12.75l6 6 9-13.5"[39m
                    [33mstroke-linecap[39m=[32m"round"[39m
                    [33mstroke-linejoin[39m=[32m"round"[39m
                  [36m/>[39m
                [36m</svg>[39m
                [0mTrusted by 1,000+ job seekers & recruiters[0m
              [36m</li>[39m
            [36m</ul>[39m
          [36m</div>[39m
          [36m<div[39m
            [33mclass[39m=[32m"flex-1 bg-[#FAFAFA] flex flex-col items-center justify-center px-4 py-12 md:px-12"[39m
          [36m>[39m
            [36m<a[39m
              [33maria-label[39m=[32m"Go to Ellyn home"[39m
              [33mclass[39m=[32m"md:hidden mb-8 inline-block"[39m
              [33mhref[39m=[32m"/"[39m
            [36m>[39m
              [36m<img[39m
                [33malt[39m=[32m"Ellyn"[39m
                [33mclass[39m=[32m"h-10 w-auto object-contain"[39m
                [33msrc[39m=[32m"https://subsnacks.sirv.com/Ellyn_logo.png"[39m
              [36m/>[39m
            [36m</a>[39m
            [36m<div[39m
              [33mclass[39m=[32m"w-full max-w-md bg-white rounded-2xl shadow-xl p-6 md:p-10 animate-in fade-in-0 slide-in-from-bottom-4 duration-300"[39m
            [36m>[39m
              [36m<div[39m
                [33mclass[39m=[32m"mb-8"[39m
              [36m>[39m
                [36m<h1[39m
                  [33mclass[39m=[32m"font-fraunces text-3xl text-[#2D2B55] leading-tight"[39m
                [36m>[39m
                  [0mLog in[0m
                [36m</h1>[39m
                [36m<p[39m
                  [33mclass[39m=[32m"font-dm-sans text-sm text-[#6B6982] mt-2"[39m
                [36m>[39m
                  [0mSign in to continue to your dashboard.[0m
                [36m</p>[39m
              [36m</div>[39m
              [36m<div[39m
                [33maria-busy[39m=[32m"false"[39m
                [33mclass[39m=[32m""[39m
              [36m>[39m
                [36m<div[39m
                  [33mclass[39m=[32m"space-y-5"[39m
                [36m>[39m
                  [36m<button[39m
                    [33mclass[39m=[32m"inline-flex items-center justify-center gap-2 whitespace-nowrap rounded-lg text-sm font-medium transition-colors focus-visible:outline-none focus-visible:ring-1 focus-visible:ring-ring disabled:pointer-events-none disabled:opacity-50 [&_svg]:pointer-events-none [&_svg]:size-4 [&_svg]:shrink-0 border shadow-sm hover:text-accent-foreground px-4 py-2 h-11 w-full border-[#D8D6EA] bg-white text-[#2D2B55] hover:bg-[#F5F3FD]"[39m
                    [33mtype[39m=[32m"button"[39m
                  [36m>[39m
                    [36m<span[39m
                      [33mclass[39m=[32m"mr-2"[39m
                    [36m>[39m
                      [36m<svg[39m
                        [33maria-hidden[39m=[32m"true"[39m
                        [33mclass[39m=[32m"h-4 w-4"[39m
                        [33mviewBox[39m=[32m"0 0 24 24"[39m
                      [36m>[39m
                        [36m<path[39m
                          [33md[39m=[32m"M12 10.2v3.9h5.5c-.2 1.3-1.5 3.9-5.5 3.9-3.3 0-6-2.7-6-6s2.7-6 6-6c1.9 0 3.1.8 3.8 1.5l2.6-2.5C16.8 3.4 14.6 2.5 12 2.5 6.8 2.5 2.5 6.8 2.5 12s4.3 9.5 9.5 9.5c5.5 0 9.2-3.9 9.2-9.3 0-.6-.1-1.1-.2-1.6H12z"[39m
                          [33mfill[39m=[32m"#EA4335"[39m
                        [36m/>[39m
                        [36m<path[39m
                          [33md[39m=[32m"M3.6 7.4l3.2 2.3c.9-1.7 2.7-2.8 5.2-2.8 1.9 0 3.1.8 3.8 1.5l2.6-2.5C16.8 3.4 14.6 2.5 12 2.5 8.2 2.5 4.9 4.6 3.6 7.4z"[39m
                          [33mfill[39m=[32m"#34A853"[39m
                        [36m/>[39m
                        [36m<path[39m
                          [33md[39m=[32m"M12 21.5c2.6 0 4.8-.9 6.5-2.5l-3-2.5c-.8.6-2 1.1-3.5 1.1-3.9 0-5.2-2.6-5.5-3.9l-3.2 2.5c1.3 2.9 4.6 5.3 8.7 5.3z"[39m
                          [33mfill[39m=[32m"#4A90E2"[39m
                        [36m/>[39m
                        [36m<path[39m
                          [33md[39m=[32m"M6.5 13.7c-.1-.4-.2-.9-.2-1.4s.1-1 .2-1.4L3.3 8.4C2.8 9.4 2.5 10.7 2.5 12s.3 2.6.8 3.6l3.2-1.9z"[39m
                          [33mfill[39m=[32m"#FBBC05"[39m
                        [36m/>[39m
                      [36m</svg>[39m
                    [36m</span>[39m
                    [0mContinue with Google[0m
                  [36m</button>[39m
                  [36m<div[39m
                    [33mclass[39m=[32m"relative"[39m
                  [36m>[39m
                    [36m<div[39m
                      [33mclass[39m=[32m"absolute inset-0 flex items-center"[39m
                    [36m>[39m
                      [36m<span[39m
                        [33mclass[39m=[32m"w-full border-t border-[#E2E2E8]"[39m
                      [36m/>[39m
                    [36m</div>[39m
                    [36m<div[39m
                      [33mclass[39m=[32m"relative flex justify-center text-xs uppercase"[39m
                    [36m>[39m
                      [36m<span[39m
                        [33mclass[39m=[32m"bg-white px-2 text-[#7A7894]"[39m
                      [36m>[39m
                        [0mOr continue with email[0m
                      [36m</span>[39m
                    [36m</div>[39m
                  [36m</div>[39m
                  [36m<form[39m
                    [33mclass[39m=[32m"space-y-4"[39m
                  [36m>[39m
                    [36m<div[39m
                      [33mclass[39m=[32m"space-y-2"[39m
                    [36m>[39m
                      [36m<label[39m
                        [33mclass[39m=[32m"text-sm font-medium leading-none peer-disabled:cursor-not-allowed peer-disabled:opacity-70 font-dm-sans text-[#2D2B55]"[39m
                        [33mfor[39m=[32m":r8:-form-item"[39m
                      [36m>[39m
                        [0mEmail Address[0m
                      [36m</label>[39m
                      [36m<input[39m
                        [33maria-describedby[39m=[32m":r8:-form-item-description"[39m
                        [33maria-invalid[39m=[32m"false"[39m
                        [33mautocomplete[39m=[32m"email"[39m
                        [33mclass[39m=[32m"flex h-9 w-full rounded-lg border bg-input px-3 py-1 text-sm shadow-sm transition-colors file:border-0 file:bg-transparent file:text-sm file:font-medium file:text-foreground placeholder:text-muted-foreground focus-visible:outline-none focus-visible:ring-1 disabled:cursor-not-allowed disabled:opacity-50 border-[#D8D6EA] focus-visible:ring-[#2D2B55]"[39m
                        [33mid[39m=[32m":r8:-form-item"[39m
                        [33mname[39m=[32m"email"[39m
                        [33mplaceholder[39m=[32m"you@example.com"[39m
                        [33mtype[39m=[32m"email"[39m
                        [33mvalue[39m=[32m"login@example.com"[39m
                      [36m/>[39m
                    [36m</div>[39m
                    [36m<div[39m
                      [33mclass[39m=[32m"space-y-2"[39m
                    [36m>[39m
                      [36m<label[39m
                        [33mclass[39m=[32m"text-sm font-medium leading-none peer-disabled:cursor-not-allowed peer-disabled:opacity-70 font-dm-sans text-[#2D2B55]"[39m
                        [33mfor[39m=[32m":r9:-form-item"[39m
                      [36m>[39m
                        [0mPassword[0m
                      [36m</label>[39m
                      [36m<input[39m
                        [33maria-describedby[39m=[32m":r9:-form-item-description"[39m
                        [33maria-invalid[39m=[32m"false"[39m
                        [33mautocomplete[39m=[32m"current-password"[39m
                        [33mclass[39m=[32m"flex h-9 w-full rounded-lg border bg-input px-3 py-1 text-sm shadow-sm transition-colors file:border-0 file:bg-transparent file:text-sm file:font-medium file:text-foreground placeholder:text-muted-foreground focus-visible:outline-none focus-visible:ring-1 disabled:cursor-not-allowed disabled:opacity-50 border-[#D8D6EA] focus-visible:ring-[#2D2B55]"[39m
                        [33mid[39m=[32m":r9:-form-item"[39m
                        [33mname[39m=[32m"password"[39m
                        [33mplaceholder[39m=[32m"Your password"[39m
                        [33mtype[39m=[32m"password"[39m
                        [33mvalue[39m=[32m""[39m
                      [36m/>[39m
                    [36m</div>[39m
                    [36m<button[39m
                      [33mclass[39m=[32m"inline-flex items-center justify-center gap-2 whitespace-nowrap rounded-lg text-sm font-medium transition-colors focus-visible:outline-none focus-visible:ring-1 focus-visible:ring-ring disabled:pointer-events-none disabled:opacity-50 [&_svg]:pointer-events-none [&_svg]:size-4 [&_svg]:shrink-0 shadow px-4 py-2 h-11 w-full bg-[#2D2B55] font-dm-sans text-white hover:bg-[#25234A]"[39m
                      [33mtype[39m=[32m"submit"[39m
                    [36m>[39m
                      [0mLog in[0m
                    [36m</button>[39m
                  [36m</form>[39m
                  [36m<div[39m
                    [33mclass[39m=[32m"space-y-2 text-center font-dm-sans text-sm text-[#5E5B86]"[39m
                  [36m>[39m
                    [36m<a[39m
                      [33mclass[39m=[32m"font-medium text-[#2D2B55] underline"[39m
                      [33mhref[39m=[32m"/auth/forgot-password"[39m
                    [36m>[39m
                      [0mForgot password?[0m
                    [36m</a>[39m
                    [36m<p>[39m
                      [0mDon't have an account?[0m
                      [0m [0m
                      [36m<a[39m
                        [33mclass[39m=[32m"font-medium text-[#2D2B55] underline"[39m
                        [33mhref[39m=[32m"/auth/signup"[39m
                      [36m>[39m
                        [0mSign up[0m
                      [36m</a>[39m
                    [36m</p>[39m
                  [36m</div>[39m
                [36m</div>[39m
              [36m</div>[39m
            [36m</div>[39m
          [36m</div>[39m
        [36m</div>[39m
      [36m</div>[39m
    [36m</body>[39m

      181 |       target: { value: 'login@example.com' },
      182 |     })
    > 183 |     fireEvent.change(screen.getByPlaceholderText('********'), {
          |                             ^
      184 |       target: { value: 'StrongPass1!' },
      185 |     })
      186 |

      at Object.getElementError (node_modules/@testing-library/dom/dist/config.js:37:19)
      at node_modules/@testing-library/dom/dist/query-helpers.js:76:38
      at node_modules/@testing-library/dom/dist/query-helpers.js:52:17
      at node_modules/@testing-library/dom/dist/query-helpers.js:95:19
      at Object.getByPlaceholderText (tests/integration/auth.test.tsx:183:29)

  ● Auth integration flows › login shows error when credentials are invalid

    TestingLibraryElementError: Unable to find an element with the placeholder text of: ********

    Ignored nodes: comments, script, style
    [36m<body>[39m
      [36m<div>[39m
        [36m<div[39m
          [33mclass[39m=[32m"min-h-screen flex font-dm-sans"[39m
        [36m>[39m
          [36m<div[39m
            [33mclass[39m=[32m"hidden md:flex md:w-2/5 flex-col bg-[#180B26] px-10 py-12"[39m
          [36m>[39m
            [36m<a[39m
              [33maria-label[39m=[32m"Go to Ellyn home"[39m
              [33mclass[39m=[32m"inline-block"[39m
              [33mhref[39m=[32m"/"[39m
            [36m>[39m
              [36m<img[39m
                [33malt[39m=[32m"Ellyn"[39m
                [33mclass[39m=[32m"h-10 w-auto object-contain"[39m
                [33msrc[39m=[32m"https://subsnacks.sirv.com/Ellyn_logo.png"[39m
                [33mstyle[39m=[32m"filter: brightness(0) invert(1);"[39m
              [36m/>[39m
            [36m</a>[39m
            [36m<div[39m
              [33mclass[39m=[32m"flex-1 flex items-center mt-16"[39m
            [36m>[39m
              [36m<blockquote[39m
                [33mclass[39m=[32m"font-fraunces text-3xl text-white italic leading-snug"[39m
              [36m>[39m
                [0m“Your next opportunity starts with the right connection.”[0m
              [36m</blockquote>[39m
            [36m</div>[39m
            [36m<ul[39m
              [33mclass[39m=[32m"space-y-3 mt-12"[39m
            [36m>[39m
              [36m<li[39m
                [33mclass[39m=[32m"flex items-center gap-3 text-sm text-white/80 font-dm-sans"[39m
              [36m>[39m
                [36m<svg[39m
                  [33maria-hidden[39m=[32m"true"[39m
                  [33mclass[39m=[32m"h-4 w-4 shrink-0 text-[#FF6B6B]"[39m
                  [33mfill[39m=[32m"none"[39m
                  [33mstroke[39m=[32m"currentColor"[39m
                  [33mstroke-width[39m=[32m"2.5"[39m
                  [33mviewBox[39m=[32m"0 0 24 24"[39m
                [36m>[39m
                  [36m<path[39m
                    [33md[39m=[32m"M4.5 12.75l6 6 9-13.5"[39m
                    [33mstroke-linecap[39m=[32m"round"[39m
                    [33mstroke-linejoin[39m=[32m"round"[39m
                  [36m/>[39m
                [36m</svg>[39m
                [0m95%+ email accuracy on LinkedIn profiles[0m
              [36m</li>[39m
              [36m<li[39m
                [33mclass[39m=[32m"flex items-center gap-3 text-sm text-white/80 font-dm-sans"[39m
              [36m>[39m
                [36m<svg[39m
                  [33maria-hidden[39m=[32m"true"[39m
                  [33mclass[39m=[32m"h-4 w-4 shrink-0 text-[#FF6B6B]"[39m
                  [33mfill[39m=[32m"none"[39m
                  [33mstroke[39m=[32m"currentColor"[39m
                  [33mstroke-width[39m=[32m"2.5"[39m
                  [33mviewBox[39m=[32m"0 0 24 24"[39m
                [36m>[39m
                  [36m<path[39m
                    [33md[39m=[32m"M4.5 12.75l6 6 9-13.5"[39m
                    [33mstroke-linecap[39m=[32m"round"[39m
                    [33mstroke-linejoin[39m=[32m"round"[39m
                  [36m/>[39m
                [36m</svg>[39m
                [0mFree plan — no credit card required[0m
              [36m</li>[39m
              [36m<li[39m
                [33mclass[39m=[32m"flex items-center gap-3 text-sm text-white/80 font-dm-sans"[39m
              [36m>[39m
                [36m<svg[39m
                  [33maria-hidden[39m=[32m"true"[39m
                  [33mclass[39m=[32m"h-4 w-4 shrink-0 text-[#FF6B6B]"[39m
                  [33mfill[39m=[32m"none"[39m
                  [33mstroke[39m=[32m"currentColor"[39m
                  [33mstroke-width[39m=[32m"2.5"[39m
                  [33mviewBox[39m=[32m"0 0 24 24"[39m
                [36m>[39m
                  [36m<path[39m
                    [33md[39m=[32m"M4.5 12.75l6 6 9-13.5"[39m
                    [33mstroke-linecap[39m=[32m"round"[39m
                    [33mstroke-linejoin[39m=[32m"round"[39m
                  [36m/>[39m
                [36m</svg>[39m
                [0mTrusted by 1,000+ job seekers & recruiters[0m
              [36m</li>[39m
            [36m</ul>[39m
          [36m</div>[39m
          [36m<div[39m
            [33mclass[39m=[32m"flex-1 bg-[#FAFAFA] flex flex-col items-center justify-center px-4 py-12 md:px-12"[39m
          [36m>[39m
            [36m<a[39m
              [33maria-label[39m=[32m"Go to Ellyn home"[39m
              [33mclass[39m=[32m"md:hidden mb-8 inline-block"[39m
              [33mhref[39m=[32m"/"[39m
            [36m>[39m
              [36m<img[39m
                [33malt[39m=[32m"Ellyn"[39m
                [33mclass[39m=[32m"h-10 w-auto object-contain"[39m
                [33msrc[39m=[32m"https://subsnacks.sirv.com/Ellyn_logo.png"[39m
              [36m/>[39m
            [36m</a>[39m
            [36m<div[39m
              [33mclass[39m=[32m"w-full max-w-md bg-white rounded-2xl shadow-xl p-6 md:p-10 animate-in fade-in-0 slide-in-from-bottom-4 duration-300"[39m
            [36m>[39m
              [36m<div[39m
                [33mclass[39m=[32m"mb-8"[39m
              [36m>[39m
                [36m<h1[39m
                  [33mclass[39m=[32m"font-fraunces text-3xl text-[#2D2B55] leading-tight"[39m
                [36m>[39m
                  [0mLog in[0m
                [36m</h1>[39m
                [36m<p[39m
                  [33mclass[39m=[32m"font-dm-sans text-sm text-[#6B6982] mt-2"[39m
                [36m>[39m
                  [0mSign in to continue to your dashboard.[0m
                [36m</p>[39m
              [36m</div>[39m
              [36m<div[39m
                [33maria-busy[39m=[32m"false"[39m
                [33mclass[39m=[32m""[39m
              [36m>[39m
                [36m<div[39m
                  [33mclass[39m=[32m"space-y-5"[39m
                [36m>[39m
                  [36m<button[39m
                    [33mclass[39m=[32m"inline-flex items-center justify-center gap-2 whitespace-nowrap rounded-lg text-sm font-medium transition-colors focus-visible:outline-none focus-visible:ring-1 focus-visible:ring-ring disabled:pointer-events-none disabled:opacity-50 [&_svg]:pointer-events-none [&_svg]:size-4 [&_svg]:shrink-0 border shadow-sm hover:text-accent-foreground px-4 py-2 h-11 w-full border-[#D8D6EA] bg-white text-[#2D2B55] hover:bg-[#F5F3FD]"[39m
                    [33mtype[39m=[32m"button"[39m
                  [36m>[39m
                    [36m<span[39m
                      [33mclass[39m=[32m"mr-2"[39m
                    [36m>[39m
                      [36m<svg[39m
                        [33maria-hidden[39m=[32m"true"[39m
                        [33mclass[39m=[32m"h-4 w-4"[39m
                        [33mviewBox[39m=[32m"0 0 24 24"[39m
                      [36m>[39m
                        [36m<path[39m
                          [33md[39m=[32m"M12 10.2v3.9h5.5c-.2 1.3-1.5 3.9-5.5 3.9-3.3 0-6-2.7-6-6s2.7-6 6-6c1.9 0 3.1.8 3.8 1.5l2.6-2.5C16.8 3.4 14.6 2.5 12 2.5 6.8 2.5 2.5 6.8 2.5 12s4.3 9.5 9.5 9.5c5.5 0 9.2-3.9 9.2-9.3 0-.6-.1-1.1-.2-1.6H12z"[39m
                          [33mfill[39m=[32m"#EA4335"[39m
                        [36m/>[39m
                        [36m<path[39m
                          [33md[39m=[32m"M3.6 7.4l3.2 2.3c.9-1.7 2.7-2.8 5.2-2.8 1.9 0 3.1.8 3.8 1.5l2.6-2.5C16.8 3.4 14.6 2.5 12 2.5 8.2 2.5 4.9 4.6 3.6 7.4z"[39m
                          [33mfill[39m=[32m"#34A853"[39m
                        [36m/>[39m
                        [36m<path[39m
                          [33md[39m=[32m"M12 21.5c2.6 0 4.8-.9 6.5-2.5l-3-2.5c-.8.6-2 1.1-3.5 1.1-3.9 0-5.2-2.6-5.5-3.9l-3.2 2.5c1.3 2.9 4.6 5.3 8.7 5.3z"[39m
                          [33mfill[39m=[32m"#4A90E2"[39m
                        [36m/>[39m
                        [36m<path[39m
                          [33md[39m=[32m"M6.5 13.7c-.1-.4-.2-.9-.2-1.4s.1-1 .2-1.4L3.3 8.4C2.8 9.4 2.5 10.7 2.5 12s.3 2.6.8 3.6l3.2-1.9z"[39m
                          [33mfill[39m=[32m"#FBBC05"[39m
                        [36m/>[39m
                      [36m</svg>[39m
                    [36m</span>[39m
                    [0mContinue with Google[0m
                  [36m</button>[39m
                  [36m<div[39m
                    [33mclass[39m=[32m"relative"[39m
                  [36m>[39m
                    [36m<div[39m
                      [33mclass[39m=[32m"absolute inset-0 flex items-center"[39m
                    [36m>[39m
                      [36m<span[39m
                        [33mclass[39m=[32m"w-full border-t border-[#E2E2E8]"[39m
                      [36m/>[39m
                    [36m</div>[39m
                    [36m<div[39m
                      [33mclass[39m=[32m"relative flex justify-center text-xs uppercase"[39m
                    [36m>[39m
                      [36m<span[39m
                        [33mclass[39m=[32m"bg-white px-2 text-[#7A7894]"[39m
                      [36m>[39m
                        [0mOr continue with email[0m
                      [36m</span>[39m
                    [36m</div>[39m
                  [36m</div>[39m
                  [36m<form[39m
                    [33mclass[39m=[32m"space-y-4"[39m
                  [36m>[39m
                    [36m<div[39m
                      [33mclass[39m=[32m"space-y-2"[39m
                    [36m>[39m
                      [36m<label[39m
                        [33mclass[39m=[32m"text-sm font-medium leading-none peer-disabled:cursor-not-allowed peer-disabled:opacity-70 font-dm-sans text-[#2D2B55]"[39m
                        [33mfor[39m=[32m":ra:-form-item"[39m
                      [36m>[39m
                        [0mEmail Address[0m
                      [36m</label>[39m
                      [36m<input[39m
                        [33maria-describedby[39m=[32m":ra:-form-item-description"[39m
                        [33maria-invalid[39m=[32m"false"[39m
                        [33mautocomplete[39m=[32m"email"[39m
                        [33mclass[39m=[32m"flex h-9 w-full rounded-lg border bg-input px-3 py-1 text-sm shadow-sm transition-colors file:border-0 file:bg-transparent file:text-sm file:font-medium file:text-foreground placeholder:text-muted-foreground focus-visible:outline-none focus-visible:ring-1 disabled:cursor-not-allowed disabled:opacity-50 border-[#D8D6EA] focus-visible:ring-[#2D2B55]"[39m
                        [33mid[39m=[32m":ra:-form-item"[39m
                        [33mname[39m=[32m"email"[39m
                        [33mplaceholder[39m=[32m"you@example.com"[39m
                        [33mtype[39m=[32m"email"[39m
                        [33mvalue[39m=[32m"wrong@example.com"[39m
                      [36m/>[39m
                    [36m</div>[39m
                    [36m<div[39m
                      [33mclass[39m=[32m"space-y-2"[39m
                    [36m>[39m
                      [36m<label[39m
                        [33mclass[39m=[32m"text-sm font-medium leading-none peer-disabled:cursor-not-allowed peer-disabled:opacity-70 font-dm-sans text-[#2D2B55]"[39m
                        [33mfor[39m=[32m":rb:-form-item"[39m
                      [36m>[39m
                        [0mPassword[0m
                      [36m</label>[39m
                      [36m<input[39m
                        [33maria-describedby[39m=[32m":rb:-form-item-description"[39m
                        [33maria-invalid[39m=[32m"false"[39m
                        [33mautocomplete[39m=[32m"current-password"[39m
                        [33mclass[39m=[32m"flex h-9 w-full rounded-lg border bg-input px-3 py-1 text-sm shadow-sm transition-colors file:border-0 file:bg-transparent file:text-sm file:font-medium file:text-foreground placeholder:text-muted-foreground focus-visible:outline-none focus-visible:ring-1 disabled:cursor-not-allowed disabled:opacity-50 border-[#D8D6EA] focus-visible:ring-[#2D2B55]"[39m
                        [33mid[39m=[32m":rb:-form-item"[39m
                        [33mname[39m=[32m"password"[39m
                        [33mplaceholder[39m=[32m"Your password"[39m
                        [33mtype[39m=[32m"password"[39m
                        [33mvalue[39m=[32m""[39m
                      [36m/>[39m
                    [36m</div>[39m
                    [36m<button[39m
                      [33mclass[39m=[32m"inline-flex items-center justify-center gap-2 whitespace-nowrap rounded-lg text-sm font-medium transition-colors focus-visible:outline-none focus-visible:ring-1 focus-visible:ring-ring disabled:pointer-events-none disabled:opacity-50 [&_svg]:pointer-events-none [&_svg]:size-4 [&_svg]:shrink-0 shadow px-4 py-2 h-11 w-full bg-[#2D2B55] font-dm-sans text-white hover:bg-[#25234A]"[39m
                      [33mtype[39m=[32m"submit"[39m
                    [36m>[39m
                      [0mLog in[0m
                    [36m</button>[39m
                  [36m</form>[39m
                  [36m<div[39m
                    [33mclass[39m=[32m"space-y-2 text-center font-dm-sans text-sm text-[#5E5B86]"[39m
                  [36m>[39m
                    [36m<a[39m
                      [33mclass[39m=[32m"font-medium text-[#2D2B55] underline"[39m
                      [33mhref[39m=[32m"/auth/forgot-password"[39m
                    [36m>[39m
                      [0mForgot password?[0m
                    [36m</a>[39m
                    [36m<p>[39m
                      [0mDon't have an account?[0m
                      [0m [0m
                      [36m<a[39m
                        [33mclass[39m=[32m"font-medium text-[#2D2B55] underline"[39m
                        [33mhref[39m=[32m"/auth/signup"[39m
                      [36m>[39m
                        [0mSign up[0m
                      [36m</a>[39m
                    [36m</p>[39m
                  [36m</div>[39m
                [36m</div>[39m
              [36m</div>[39m
            [36m</div>[39m
          [36m</div>[39m
        [36m</div>[39m
      [36m</div>[39m
    [36m</body>[39m

      210 |       target: { value: 'wrong@example.com' },
      211 |     })
    > 212 |     fireEvent.change(screen.getByPlaceholderText('********'), {
          |                             ^
      213 |       target: { value: 'wrong' },
      214 |     })
      215 |     fireEvent.click(screen.getByRole('button', { name: /^sign in$/i }))

      at Object.getElementError (node_modules/@testing-library/dom/dist/config.js:37:19)
      at node_modules/@testing-library/dom/dist/query-helpers.js:76:38
      at node_modules/@testing-library/dom/dist/query-helpers.js:52:17
      at node_modules/@testing-library/dom/dist/query-helpers.js:95:19
      at Object.getByPlaceholderText (tests/integration/auth.test.tsx:212:29)

FAIL tests/extension/dom-waiter.test.js
  ● Test suite failed to run

    ENOENT: no such file or directory, open '/Users/varunsah/Documents/Coding/Ellyn/Ellyn/extension/utils/dom-waiter.js'

       7 |
       8 | // Load the source file
    >  9 | const code = fs.readFileSync(path.resolve(__dirname, '../../extension/utils/dom-waiter.js'), 'utf8');
         |                 ^
      10 | // Execute in the current scope (which has JSDOM window/document)
      11 | eval(code);
      12 |

      at Object.readFileSync (tests/extension/dom-waiter.test.js:9:17)

FAIL tests/extension/page-detector.test.js
  ● Test suite failed to run

    ENOENT: no such file or directory, open '/Users/varunsah/Documents/Coding/Ellyn/Ellyn/extension/utils/page-detector.js'

       8 |
       9 | // Load the source file
    > 10 | const code = fs.readFileSync(path.resolve(__dirname, '../../extension/utils/page-detector.js'), 'utf8');
         |                 ^
      11 | eval(code);
      12 |
      13 | const pageDetector = window.EllynPageDetector;

      at Object.readFileSync (tests/extension/page-detector.test.js:10:17)

FAIL tests/extension/name-extractor.test.js
  ● Test suite failed to run

    ENOENT: no such file or directory, open '/Users/varunsah/Documents/Coding/Ellyn/Ellyn/extension/extractors/name-extractor.js'

       9 |
      10 | // Load the source file
    > 11 | const code = fs.readFileSync(path.resolve(__dirname, '../../extension/extractors/name-extractor.js'), 'utf8');
         |                 ^
      12 | eval(code);
      13 |
      14 | const extractor = window.EllynNameExtractor;

      at Object.readFileSync (tests/extension/name-extractor.test.js:11:17)

FAIL tests/components/analytics/overview-metrics.test.tsx
  ● OverviewMetrics › Rendering › renders all metric cards

    TestingLibraryElementError: Unable to find an element with the text: Total Drafts. This could be because the text is broken up by multiple elements. In this case, you can provide a function for your text matcher to make your matcher more flexible.

    Ignored nodes: comments, script, style
    [36m<body>[39m
      [36m<div>[39m
        [36m<div[39m
          [33mclass[39m=[32m"grid gap-4 md:grid-cols-2 lg:grid-cols-4"[39m
        [36m>[39m
          [36m<div[39m
            [33mclass[39m=[32m"rounded-lg border bg-card text-card-foreground shadow"[39m
          [36m>[39m
            [36m<div[39m
              [33mclass[39m=[32m"p-6 flex flex-row items-center justify-between space-y-0 pb-2"[39m
            [36m>[39m
              [36m<h3[39m
                [33mclass[39m=[32m"tracking-tight text-sm font-medium"[39m
              [36m>[39m
                [0mTotal Contacts[0m
              [36m</h3>[39m
              [36m<svg[39m
                [33maria-hidden[39m=[32m"true"[39m
                [33mclass[39m=[32m"lucide lucide-users h-4 w-4 text-muted-foreground"[39m
                [33mfill[39m=[32m"none"[39m
                [33mheight[39m=[32m"24"[39m
                [33mstroke[39m=[32m"currentColor"[39m
                [33mstroke-linecap[39m=[32m"round"[39m
                [33mstroke-linejoin[39m=[32m"round"[39m
                [33mstroke-width[39m=[32m"2"[39m
                [33mviewBox[39m=[32m"0 0 24 24"[39m
                [33mwidth[39m=[32m"24"[39m
                [33mxmlns[39m=[32m"http://www.w3.org/2000/svg"[39m
              [36m>[39m
                [36m<path[39m
                  [33md[39m=[32m"M16 21v-2a4 4 0 0 0-4-4H6a4 4 0 0 0-4 4v2"[39m
                [36m/>[39m
                [36m<path[39m
                  [33md[39m=[32m"M16 3.128a4 4 0 0 1 0 7.744"[39m
                [36m/>[39m
                [36m<path[39m
                  [33md[39m=[32m"M22 21v-2a4 4 0 0 0-3-3.87"[39m
                [36m/>[39m
                [36m<circle[39m
                  [33mcx[39m=[32m"9"[39m
                  [33mcy[39m=[32m"7"[39m
                  [33mr[39m=[32m"4"[39m
                [36m/>[39m
              [36m</svg>[39m
            [36m</div>[39m
            [36m<div[39m
              [33mclass[39m=[32m"p-6 pt-0"[39m
            [36m>[39m
              [36m<div[39m
                [33mclass[39m=[32m"text-2xl font-bold"[39m
                [33mstyle[39m=[32m"opacity: 0; transform: translateY(10px);"[39m
              [36m>[39m
                [0m150[0m
              [36m</div>[39m
              [36m<div[39m
                [33mclass[39m=[32m"flex items-center gap-2 text-xs text-muted-foreground mt-1"[39m
              [36m>[39m
                [36m<span>[39m
                  [0mContacts in database[0m
                [36m</span>[39m
              [36m</div>[39m
            [36m</div>[39m
          [36m</div>[39m
          [36m<div[39m
            [33mclass[39m=[32m"rounded-lg border bg-card text-card-foreground shadow"[39m
          [36m>[39m
            [36m<div[39m
              [33mclass[39m=[32m"p-6 flex flex-row items-center justify-between space-y-0 pb-2"[39m
            [36m>[39m
              [36m<h3[39m
                [33mclass[39m=[32m"tracking-tight text-sm font-medium"[39m
              [36m>[39m
                [0mTotal Outreach Items[0m
              [36m</h3>[39m
              [36m<svg[39m
                [33maria-hidden[39m=[32m"true"[39m
                [33mclass[39m=[32m"lucide lucide-mail h-4 w-4 text-muted-foreground"[39m
                [33mfill[39m=[32m"none"[39m
                [33mheight[39m=[32m"24"[39m
                [33mstroke[39m=[32m"currentColor"[39m
                [33mstroke-linecap[39m=[32m"round"[39m
                [33mstroke-linejoin[39m=[32m"round"[39m
                [33mstroke-width[39m=[32m"2"[39m
                [33mviewBox[39m=[32m"0 0 24 24"[39m
                [33mwidth[39m=[32m"24"[39m
                [33mxmlns[39m=[32m"http://www.w3.org/2000/svg"[39m
              [36m>[39m
                [36m<path[39m
                  [33md[39m=[32m"m22 7-8.991 5.727a2 2 0 0 1-2.009 0L2 7"[39m
                [36m/>[39m
                [36m<rect[39m
                  [33mheight[39m=[32m"16"[39m
                  [33mrx[39m=[32m"2"[39m
                  [33mwidth[39m=[32m"20"[39m
                  [33mx[39m=[32m"2"[39m
                  [33my[39m=[32m"4"[39m
                [36m/>[39m
              [36m</svg>[39m
            [36m</div>[39m
            [36m<div[39m
              [33mclass[39m=[32m"p-6 pt-0"[39m
            [36m>[39m
              [36m<div[39m
                [33mclass[39m=[32m"text-2xl font-bold"[39m
                [33mstyle[39m=[32m"opacity: 0; transform: translateY(10px);"[39m
              [36m>[39m
                [0m45[0m
              [36m</div>[39m
              [36m<div[39m
                [33mclass[39m=[32m"flex items-center gap-2 text-xs text-muted-foreground mt-1"[39m
              [36m>[39m
                [36m<span>[39m
                  [0mOutreach items created[0m
                [36m</span>[39m
              [36m</div>[39m
            [36m</div>[39m
          [36m</div>[39m
          [36m<div[39m
            [33mclass[39m=[32m"rounded-lg border bg-card text-card-foreground shadow"[39m
          [36m>[39m
            [36m<div[39m
              [33mclass[39m=[32m"p-6 flex flex-row items-center justify-between space-y-0 pb-2"[39m
            [36m>[39m
              [36m<h3[39m
                [33mclass[39m=[32m"tracking-tight text-sm font-medium"[39m
              [36m>[39m
                [0mEmails Sent[0m
              [36m</h3>[39m
              [36m<svg[39m
                [33maria-hidden[39m=[32m"true"[39m
                [33mclass[39m=[32m"lucide lucide-trending-up h-4 w-4 text-muted-foreground"[39m
                [33mfill[39m=[32m"none"[39m
                [33mheight[39m=[32m"24"[39m
                [33mstroke[39m=[32m"currentColor"[39m
                [33mstroke-linecap[39m=[32m"round"[39m
                [33mstroke-linejoin[39m=[32m"round"[39m
                [33mstroke-width[39m=[32m"2"[39m
                [33mviewBox[39m=[32m"0 0 24 24"[39m
                [33mwidth[39m=[32m"24"[39m
                [33mxmlns[39m=[32m"http://www.w3.org/2000/svg"[39m
              [36m>[39m
                [36m<path[39m
                  [33md[39m=[32m"M16 7h6v6"[39m
                [36m/>[39m
                [36m<path[39m
                  [33md[39m=[32m"m22 7-8.5 8.5-5-5L2 17"[39m
                [36m/>[39m
              [36m</svg>[39m
            [36m</div>[39m
            [36m<div[39m
              [33mclass[39m=[32m"p-6 pt-0"[39m
            [36m>[39m
              [36m<div[39m
                [33mclass[39m=[32m"text-2xl font-bold"[39m
                [33mstyle[39m=[32m"opacity: 0; transform: translateY(10px);"[39m
              [36m>[39m
                [0m120[0m
              [36m</div>[39m
              [36m<div[39m
                [33mclass[39m=[32m"flex items-center gap-2 text-xs text-muted-foreground mt-1"[39m
              [36m>[39m
                [36m<span>[39m
                  [0mTotal emails sent[0m
                [36m</span>[39m
              [36m</div>[39m
            [36m</div>[39m
          [36m</div>[39m
          [36m<div[39m
            [33mclass[39m=[32m"rounded-lg border bg-card text-card-foreground shadow"[39m
          [36m>[39m
            [36m<div[39m
              [33mclass[39m=[32m"p-6 flex flex-row items-center justify-between space-y-0 pb-2"[39m
            [36m>[39m
              [36m<h3[39m
                [33mclass[39m=[32m"tracking-tight text-sm font-medium"[39m
              [36m>[39m
                [0mReply Rate[0m
              [36m</h3>[39m
              [36m<svg[39m
                [33maria-hidden[39m=[32m"true"[39m
                [33mclass[39m=[32m"lucide lucide-zap h-4 w-4 text-muted-foreground"[39m
                [33mfill[39m=[32m"none"[39m
                [33mheight[39m=[32m"24"[39m
                [33mstroke[39m=[32m"currentColor"[39m
                [33mstroke-linecap[39m=[32m"round"[39m
                [33mstroke-linejoin[39m=[32m"round"[39m
                [33mstroke-width[39m=[32m"2"[39m
                [33mviewBox[39m=[32m"0 0 24 24"[39m
                [33mwidth[39m=[32m"24"[39m
                [33mxmlns[39m=[32m"http://www.w3.org/2000/svg"[39m
              [36m>[39m
                [36m<path[39m
                  [33md[39m=[32m"M4 14a1 1 0 0 1-.78-1.63l9.9-10.2a.5.5 0 0 1 .86.46l-1.92 6.02A1 1 0 0 0 13 10h7a1 1 0 0 1 .78 1.63l-9.9 10.2a.5.5 0 0 1-.86-.46l1.92-6.02A1 1 0 0 0 11 14z"[39m
                [36m/>[39m
              [36m</svg>[39m
            [36m</div>[39m
            [36m<div[39m
              [33mclass[39m=[32m"p-6 pt-0"[39m
            [36m>[39m
              [36m<div[39m
                [33mclass[39m=[32m"text-2xl font-bold"[39m
                [33mstyle[39m=[32m"opacity: 0; transform: translateY(10px);"[39m
              [36m>[39m
                [0m32.5%[0m
              [36m</div>[39m
              [36m<div[39m
                [33mclass[39m=[32m"flex items-center gap-2 text-xs text-muted-foreground mt-1"[39m
              [36m>[39m
                [36m<span>[39m
                  [0mOf sent emails[0m
                [36m</span>[39m
              [36m</div>[39m
            [36m</div>[39m
          [36m</div>[39m
          [36m<div[39m
            [33mclass[39m=[32m"rounded-lg border bg-card text-card-foreground shadow col-span-full md:col-span-2"[39m
          [36m>[39m
            [36m<div[39m
              [33mclass[39m=[32m"flex flex-col space-y-1.5 p-6"[39m
            [36m>[39m
              [36m<h3[39m
                [33mclass[39m=[32m"tracking-tight text-sm font-medium"[39m
              [36m>[39m
                [0mBest Performing Sequence[0m
              [36m</h3>[39m
            [36m</div>[39m
            [36m<div[39m
              [33mclass[39m=[32m"p-6 pt-0"[39m
            [36m>[39m
              [36m<div[39m
                [33mclass[39m=[32m"text-xl font-bold"[39m
              [36m>[39m
                [0mCold Outreach Template[0m
              [36m</div>[39m
              [36m<p[39m
                [33mclass[39m=[32m"text-sm text-muted-foreground"[39m
              [36m>[39m
                [0m45.2[0m
                [0m% reply rate[0m
              [36m</p>[39m
            [36m</div>[39m
          [36m</div>[39m
          [36m<div[39m
            [33mclass[39m=[32m"rounded-lg border bg-card text-card-foreground shadow"[39m
          [36m>[39m
            [36m<div[39m
              [33mclass[39m=[32m"p-6 flex flex-row items-center justify-between space-y-0 pb-2"[39m
            [36m>[39m
              [36m<h3[39m
                [33mclass[39m=[32m"tracking-tight text-sm font-medium"[39m
              [36m>[39m
                [0mMost Active Day[0m
              [36m</h3>[39m
              [36m<svg[39m
                [33maria-hidden[39m=[32m"true"[39m
                [33mclass[39m=[32m"lucide lucide-calendar h-4 w-4 text-muted-foreground"[39m
                [33mfill[39m=[32m"none"[39m
                [33mheight[39m=[32m"24"[39m
                [33mstroke[39m=[32m"currentColor"[39m
                [33mstroke-linecap[39m=[32m"round"[39m
                [33mstroke-linejoin[39m=[32m"round"[39m
                [33mstroke-width[39m=[32m"2"[39m
                [33mviewBox[39m=[32m"0 0 24 24"[39m
                [33mwidth[39m=[32m"24"[39m
                [33mxmlns[39m=[32m"http://www.w3.org/2000/svg"[39m
              [36m>[39m
                [36m<path[39m
                  [33md[39m=[32m"M8 2v4"[39m
                [36m/>[39m
                [36m<path[39m
                  [33md[39m=[32m"M16 2v4"[39m
                [36m/>[39m
                [36m<rect[39m
                  [33mheight[39m=[32m"18"[39m
                  [33mrx[39m=[32m"2"[39m
                  [33mwidth[39m=[32m"18"[39m
                  [33mx[39m=[32m"3"[39m
                  [33my[39m=[32m"4"[39m
                [36m/>[39m
                [36m<path[39m
                  [33md[39m=[32m"M3 10h18"[39m
                [36m/>[39m
              [36m</svg>[39m
            [36m</div>[39m
            [36m<div[39m
              [33mclass[39m=[32m"p-6 pt-0"[39m
            [36m>[39m
              [36m<div[39m
                [33mclass[39m=[32m"text-2xl font-bold"[39m
                [33mstyle[39m=[32m"opacity: 0; transform: translateY(10px);"[39m
              [36m>[39m
                [0mWednesday[0m
              [36m</div>[39m
              [36m<div[39m
                [33mclass[39m=[32m"flex items-center gap-2 text-xs text-muted-foreground mt-1"[39m
              [36m>[39m
                [36m<span>[39m
                  [0mPeak activity day[0m
                [36m</span>[39m
              [36m</div>[39m
            [36m</div>[39m
          [36m</div>[39m
          [36m<div[39m
            [33mclass[39m=[32m"rounded-lg border bg-card text-card-foreground shadow"[39m
          [36m>[39m
            [36m<div[39m
              [33mclass[39m=[32m"p-6 flex flex-row items-center justify-between space-y-0 pb-2"[39m
            [36m>[39m
              [36m<h3[39m
                [33mclass[39m=[32m"tracking-tight text-sm font-medium"[39m
              [36m>[39m
                [0mMost Active Hour[0m
              [36m</h3>[39m
              [36m<svg[39m
                [33maria-hidden[39m=[32m"true"[39m
                [33mclass[39m=[32m"lucide lucide-clock h-4 w-4 text-muted-foreground"[39m
                [33mfill[39m=[32m"none"[39m
                [33mheight[39m=[32m"24"[39m
                [33mstroke[39m=[32m"currentColor"[39m
                [33mstroke-linecap[39m=[32m"round"[39m
                [33mstroke-linejoin[39m=[32m"round"[39m
                [33mstroke-width[39m=[32m"2"[39m
                [33mviewBox[39m=[32m"0 0 24 24"[39m
                [33mwidth[39m=[32m"24"[39m
                [33mxmlns[39m=[32m"http://www.w3.org/2000/svg"[39m
              [36m>[39m
                [36m<path[39m
                  [33md[39m=[32m"M12 6v6l4 2"[39m
                [36m/>[39m
                [36m<circle[39m
                  [33mcx[39m=[32m"12"[39m
                  [33mcy[39m=[32m"12"[39m
                  [33mr[39m=[32m"10"[39m
                [36m/>[39m
              [36m</svg>[39m
            [36m</div>[39m
            [36m<div[39m
              [33mclass[39m=[32m"p-6 pt-0"[39m
            [36m>[39m
              [36m<div[39m
                [33mclass[39m=[32m"text-2xl font-bold"[39m
                [33mstyle[39m=[32m"opacity: 0; transform: translateY(10px);"[39m
              [36m>[39m
                [0m14:00[0m
              [36m</div>[39m
              [36m<div[39m
                [33mclass[39m=[32m"flex items-center gap-2 text-xs text-muted-foreground mt-1"[39m
              [36m>[39m
                [36m<span>[39m
                  [0mPeak activity time[0m
                [36m</span>[39m
              [36m</div>[39m
            [36m</div>[39m
          [36m</div>[39m
        [36m</div>[39m
      [36m</div>[39m
    [36m</body>[39m

      31 |
      32 |       expect(screen.getByText('Total Contacts')).toBeInTheDocument();
    > 33 |       expect(screen.getByText('Total Drafts')).toBeInTheDocument();
         |                     ^
      34 |       expect(screen.getByText('Emails Sent')).toBeInTheDocument();
      35 |       expect(screen.getByText('Reply Rate')).toBeInTheDocument();
      36 |     });

      at Object.getElementError (node_modules/@testing-library/dom/dist/config.js:37:19)
      at node_modules/@testing-library/dom/dist/query-helpers.js:76:38
      at node_modules/@testing-library/dom/dist/query-helpers.js:52:17
      at node_modules/@testing-library/dom/dist/query-helpers.js:95:19
      at Object.getByText (tests/components/analytics/overview-metrics.test.tsx:33:21)

  ● OverviewMetrics › Loading State › shows skeleton loaders when loading

    TestingLibraryElementError: Unable to find an element with the role "status"

    Here are the available roles:

      heading:

      Name "Total Contacts":
      [36m<h3[39m
        [33mclass[39m=[32m"tracking-tight text-sm font-medium"[39m
      [36m/>[39m

      Name "Total Outreach Items":
      [36m<h3[39m
        [33mclass[39m=[32m"tracking-tight text-sm font-medium"[39m
      [36m/>[39m

      Name "Emails Sent":
      [36m<h3[39m
        [33mclass[39m=[32m"tracking-tight text-sm font-medium"[39m
      [36m/>[39m

      Name "Reply Rate":
      [36m<h3[39m
        [33mclass[39m=[32m"tracking-tight text-sm font-medium"[39m
      [36m/>[39m

      Name "Best Performing Sequence":
      [36m<h3[39m
        [33mclass[39m=[32m"tracking-tight text-sm font-medium"[39m
      [36m/>[39m

      Name "Most Active Day":
      [36m<h3[39m
        [33mclass[39m=[32m"tracking-tight text-sm font-medium"[39m
      [36m/>[39m

      Name "Most Active Hour":
      [36m<h3[39m
        [33mclass[39m=[32m"tracking-tight text-sm font-medium"[39m
      [36m/>[39m

      --------------------------------------------------

    Ignored nodes: comments, script, style
    [36m<body>[39m
      [36m<div>[39m
        [36m<div[39m
          [33mclass[39m=[32m"grid gap-4 md:grid-cols-2 lg:grid-cols-4"[39m
        [36m>[39m
          [36m<div[39m
            [33mclass[39m=[32m"rounded-lg border bg-card text-card-foreground shadow"[39m
          [36m>[39m
            [36m<div[39m
              [33mclass[39m=[32m"p-6 flex flex-row items-center justify-between space-y-0 pb-2"[39m
            [36m>[39m
              [36m<h3[39m
                [33mclass[39m=[32m"tracking-tight text-sm font-medium"[39m
              [36m>[39m
                [0mTotal Contacts[0m
              [36m</h3>[39m
              [36m<svg[39m
                [33maria-hidden[39m=[32m"true"[39m
                [33mclass[39m=[32m"lucide lucide-users h-4 w-4 text-muted-foreground"[39m
                [33mfill[39m=[32m"none"[39m
                [33mheight[39m=[32m"24"[39m
                [33mstroke[39m=[32m"currentColor"[39m
                [33mstroke-linecap[39m=[32m"round"[39m
                [33mstroke-linejoin[39m=[32m"round"[39m
                [33mstroke-width[39m=[32m"2"[39m
                [33mviewBox[39m=[32m"0 0 24 24"[39m
                [33mwidth[39m=[32m"24"[39m
                [33mxmlns[39m=[32m"http://www.w3.org/2000/svg"[39m
              [36m>[39m
                [36m<path[39m
                  [33md[39m=[32m"M16 21v-2a4 4 0 0 0-4-4H6a4 4 0 0 0-4 4v2"[39m
                [36m/>[39m
                [36m<path[39m
                  [33md[39m=[32m"M16 3.128a4 4 0 0 1 0 7.744"[39m
                [36m/>[39m
                [36m<path[39m
                  [33md[39m=[32m"M22 21v-2a4 4 0 0 0-3-3.87"[39m
                [36m/>[39m
                [36m<circle[39m
                  [33mcx[39m=[32m"9"[39m
                  [33mcy[39m=[32m"7"[39m
                  [33mr[39m=[32m"4"[39m
                [36m/>[39m
              [36m</svg>[39m
            [36m</div>[39m
            [36m<div[39m
              [33mclass[39m=[32m"p-6 pt-0"[39m
            [36m>[39m
              [36m<div[39m
                [33mclass[39m=[32m"space-y-2 animate-pulse"[39m
              [36m>[39m
                [36m<div[39m
                  [33mclass[39m=[32m"h-8 w-24 rounded bg-muted"[39m
                [36m/>[39m
                [36m<div[39m
                  [33mclass[39m=[32m"h-3 w-32 rounded bg-muted"[39m
                [36m/>[39m
              [36m</div>[39m
            [36m</div>[39m
          [36m</div>[39m
          [36m<div[39m
            [33mclass[39m=[32m"rounded-lg border bg-card text-card-foreground shadow"[39m
          [36m>[39m
            [36m<div[39m
              [33mclass[39m=[32m"p-6 flex flex-row items-center justify-between space-y-0 pb-2"[39m
            [36m>[39m
              [36m<h3[39m
                [33mclass[39m=[32m"tracking-tight text-sm font-medium"[39m
              [36m>[39m
                [0mTotal Outreach Items[0m
              [36m</h3>[39m
              [36m<svg[39m
                [33maria-hidden[39m=[32m"true"[39m
                [33mclass[39m=[32m"lucide lucide-mail h-4 w-4 text-muted-foreground"[39m
                [33mfill[39m=[32m"none"[39m
                [33mheight[39m=[32m"24"[39m
                [33mstroke[39m=[32m"currentColor"[39m
                [33mstroke-linecap[39m=[32m"round"[39m
                [33mstroke-linejoin[39m=[32m"round"[39m
                [33mstroke-width[39m=[32m"2"[39m
                [33mviewBox[39m=[32m"0 0 24 24"[39m
                [33mwidth[39m=[32m"24"[39m
                [33mxmlns[39m=[32m"http://www.w3.org/2000/svg"[39m
              [36m>[39m
                [36m<path[39m
                  [33md[39m=[32m"m22 7-8.991 5.727a2 2 0 0 1-2.009 0L2 7"[39m
                [36m/>[39m
                [36m<rect[39m
                  [33mheight[39m=[32m"16"[39m
                  [33mrx[39m=[32m"2"[39m
                  [33mwidth[39m=[32m"20"[39m
                  [33mx[39m=[32m"2"[39m
                  [33my[39m=[32m"4"[39m
                [36m/>[39m
              [36m</svg>[39m
            [36m</div>[39m
            [36m<div[39m
              [33mclass[39m=[32m"p-6 pt-0"[39m
            [36m>[39m
              [36m<div[39m
                [33mclass[39m=[32m"space-y-2 animate-pulse"[39m
              [36m>[39m
                [36m<div[39m
                  [33mclass[39m=[32m"h-8 w-24 rounded bg-muted"[39m
                [36m/>[39m
                [36m<div[39m
                  [33mclass[39m=[32m"h-3 w-32 rounded bg-muted"[39m
                [36m/>[39m
              [36m</div>[39m
            [36m</div>[39m
          [36m</div>[39m
          [36m<div[39m
            [33mclass[39m=[32m"rounded-lg border bg-card text-card-foreground shadow"[39m
          [36m>[39m
            [36m<div[39m
              [33mclass[39m=[32m"p-6 flex flex-row items-center justify-between space-y-0 pb-2"[39m
            [36m>[39m
              [36m<h3[39m
                [33mclass[39m=[32m"tracking-tight text-sm font-medium"[39m
              [36m>[39m
                [0mEmails Sent[0m
              [36m</h3>[39m
              [36m<svg[39m
                [33maria-hidden[39m=[32m"true"[39m
                [33mclass[39m=[32m"lucide lucide-trending-up h-4 w-4 text-muted-foreground"[39m
                [33mfill[39m=[32m"none"[39m
                [33mheight[39m=[32m"24"[39m
                [33mstroke[39m=[32m"currentColor"[39m
                [33mstroke-linecap[39m=[32m"round"[39m
                [33mstroke-linejoin[39m=[32m"round"[39m
                [33mstroke-width[39m=[32m"2"[39m
                [33mviewBox[39m=[32m"0 0 24 24"[39m
                [33mwidth[39m=[32m"24"[39m
                [33mxmlns[39m=[32m"http://www.w3.org/2000/svg"[39m
              [36m>[39m
                [36m<path[39m
                  [33md[39m=[32m"M16 7h6v6"[39m
                [36m/>[39m
                [36m<path[39m
                  [33md[39m=[32m"m22 7-8.5 8.5-5-5L2 17"[39m
                [36m/>[39m
              [36m</svg>[39m
            [36m</div>[39m
            [36m<div[39m
              [33mclass[39m=[32m"p-6 pt-0"[39m
            [36m>[39m
              [36m<div[39m
                [33mclass[39m=[32m"space-y-2 animate-pulse"[39m
              [36m>[39m
                [36m<div[39m
                  [33mclass[39m=[32m"h-8 w-24 rounded bg-muted"[39m
                [36m/>[39m
                [36m<div[39m
                  [33mclass[39m=[32m"h-3 w-32 rounded bg-muted"[39m
                [36m/>[39m
              [36m</div>[39m
            [36m</div>[39m
          [36m</div>[39m
          [36m<div[39m
            [33mclass[39m=[32m"rounded-lg border bg-card text-card-foreground shadow"[39m
          [36m>[39m
            [36m<div[39m
              [33mclass[39m=[32m"p-6 flex flex-row items-center justify-between space-y-0 pb-2"[39m
            [36m>[39m
              [36m<h3[39m
                [33mclass[39m=[32m"tracking-tight text-sm font-medium"[39m
              [36m>[39m
                [0mReply Rate[0m
              [36m</h3>[39m
              [36m<svg[39m
                [33maria-hidden[39m=[32m"true"[39m
                [33mclass[39m=[32m"lucide lucide-zap h-4 w-4 text-muted-foreground"[39m
                [33mfill[39m=[32m"none"[39m
                [33mheight[39m=[32m"24"[39m
                [33mstroke[39m=[32m"currentColor"[39m
                [33mstroke-linecap[39m=[32m"round"[39m
                [33mstroke-linejoin[39m=[32m"round"[39m
                [33mstroke-width[39m=[32m"2"[39m
                [33mviewBox[39m=[32m"0 0 24 24"[39m
                [33mwidth[39m=[32m"24"[39m
                [33mxmlns[39m=[32m"http://www.w3.org/2000/svg"[39m
              [36m>[39m
                [36m<path[39m
                  [33md[39m=[32m"M4 14a1 1 0 0 1-.78-1.63l9.9-10.2a.5.5 0 0 1 .86.46l-1.92 6.02A1 1 0 0 0 13 10h7a1 1 0 0 1 .78 1.63l-9.9 10.2a.5.5 0 0 1-.86-.46l1.92-6.02A1 1 0 0 0 11 14z"[39m
                [36m/>[39m
              [36m</svg>[39m
            [36m</div>[39m
            [36m<div[39m
              [33mclass[39m=[32m"p-6 pt-0"[39m
            [36m>[39m
              [36m<div[39m
                [33mclass[39m=[32m"space-y-2 animate-pulse"[39m
              [36m>[39m
                [36m<div[39m
                  [33mclass[39m=[32m"h-8 w-24 rounded bg-muted"[39m
                [36m/>[39m
                [36m<div[39m
                  [33mclass[39m=[32m"h-3 w-32 rounded bg-muted"[39m
                [36m/>[39m
              [36m</div>[39m
            [36m</div>[39m
          [36m</div>[39m
          [36m<div[39m
            [33mclass[39m=[32m"rounded-lg border bg-card text-card-foreground shadow col-span-full md:col-span-2"[39m
          [36m>[39m
            [36m<div[39m
              [33mclass[39m=[32m"flex flex-col space-y-1.5 p-6"[39m
            [36m>[39m
              [36m<h3[39m
                [33mclass[39m=[32m"tracking-tight text-sm font-medium"[39m
              [36m>[39m
                [0mBest Performing Sequence[0m
              [36m</h3>[39m
            [36m</div>[39m
            [36m<div[39m
              [33mclass[39m=[32m"p-6 pt-0"[39m
            [36m>[39m
              [36m<div[39m
                [33mclass[39m=[32m"space-y-2 animate-pulse"[39m
              [36m>[39m
                [36m<div[39m
                  [33mclass[39m=[32m"h-6 w-48 rounded bg-muted"[39m
                [36m/>[39m
                [36m<div[39m
                  [33mclass[39m=[32m"h-4 w-32 rounded bg-muted"[39m
                [36m/>[39m
              [36m</div>[39m
            [36m</div>[39m
          [36m</div>[39m
          [36m<div[39m
            [33mclass[39m=[32m"rounded-lg border bg-card text-card-foreground shadow"[39m
          [36m>[39m
            [36m<div[39m
              [33mclass[39m=[32m"p-6 flex flex-row items-center justify-between space-y-0 pb-2"[39m
            [36m>[39m
              [36m<h3[39m
                [33mclass[39m=[32m"tracking-tight text-sm font-medium"[39m
              [36m>[39m
                [0mMost Active Day[0m
              [36m</h3>[39m
              [36m<svg[39m
                [33maria-hidden[39m=[32m"true"[39m
                [33mclass[39m=[32m"lucide lucide-calendar h-4 w-4 text-muted-foreground"[39m
                [33mfill[39m=[32m"none"[39m
                [33mheight[39m=[32m"24"[39m
                [33mstroke[39m=[32m"currentColor"[39m
                [33mstroke-linecap[39m=[32m"round"[39m
                [33mstroke-linejoin[39m=[32m"round"[39m
                [33mstroke-width[39m=[32m"2"[39m
                [33mviewBox[39m=[32m"0 0 24 24"[39m
                [33mwidth[39m=[32m"24"[39m
                [33mxmlns[39m=[32m"http://www.w3.org/2000/svg"[39m
              [36m>[39m
                [36m<path[39m
                  [33md[39m=[32m"M8 2v4"[39m
                [36m/>[39m
                [36m<path[39m
                  [33md[39m=[32m"M16 2v4"[39m
                [36m/>[39m
                [36m<rect[39m
                  [33mheight[39m=[32m"18"[39m
                  [33mrx[39m=[32m"2"[39m
                  [33mwidth[39m=[32m"18"[39m
                  [33mx[39m=[32m"3"[39m
                  [33my[39m=[32m"4"[39m
                [36m/>[39m
                [36m<path[39m
                  [33md[39m=[32m"M3 10h18"[39m
                [36m/>[39m
              [36m</svg>[39m
            [36m</div>[39m
            [36m<div[39m
              [33mclass[39m=[32m"p-6 pt-0"[39m
            [36m>[39m
              [36m<div[39m
                [33mclass[39m=[32m"space-y-2 animate-pulse"[39m
              [36m>[39m
                [36m<div[39m
                  [33mclass[39m=[32m"h-8 w-24 rounded bg-muted"[39m
                [36m/>[39m
                [36m<div[39m
                  [33mclass[39m=[32m"h-3 w-32 rounded bg-muted"[39m
                [36m/>[39m
              [36m</div>[39m
            [36m</div>[39m
          [36m</div>[39m
          [36m<div[39m
            [33mclass[39m=[32m"rounded-lg border bg-card text-card-foreground shadow"[39m
          [36m>[39m
            [36m<div[39m
              [33mclass[39m=[32m"p-6 flex flex-row items-center justify-between space-y-0 pb-2"[39m
            [36m>[39m
              [36m<h3[39m
                [33mclass[39m=[32m"tracking-tight text-sm font-medium"[39m
              [36m>[39m
                [0mMost Active Hour[0m
              [36m</h3>[39m
              [36m<svg[39m
                [33maria-hidden[39m=[32m"true"[39m
                [33mclass[39m=[32m"lucide lucide-clock h-4 w-4 text-muted-foreground"[39m
                [33mfill[39m=[32m"none"[39m
                [33mheight[39m=[32m"24"[39m
                [33mstroke[39m=[32m"currentColor"[39m
                [33mstroke-linecap[39m=[32m"round"[39m
                [33mstroke-linejoin[39m=[32m"round"[39m
                [33mstroke-width[39m=[32m"2"[39m
                [33mviewBox[39m=[32m"0 0 24 24"[39m
                [33mwidth[39m=[32m"24"[39m
                [33mxmlns[39m=[32m"http://www.w3.org/2000/svg"[39m
              [36m>[39m
                [36m<path[39m
                  [33md[39m=[32m"M12 6v6l4 2"[39m
                [36m/>[39m
                [36m<circle[39m
                  [33mcx[39m=[32m"12"[39m
                  [33mcy[39m=[32m"12"[39m
                  [33mr[39m=[32m"10"[39m
                [36m/>[39m
              [36m</svg>[39m
            [36m</div>[39m
            [36m<div[39m
              [33mclass[39m=[32m"p-6 pt-0"[39m
            [36m>[39m
              [36m<div[39m
                [33mclass[39m=[32m"space-y-2 animate-pulse"[39m
              [36m>[39m
                [36m<div[39m
                  [33mclass[39m=[32m"h-8 w-24 rounded bg-muted"[39m
                [36m/>[39m
                [36m<div[39m
                  [33mclass[39m=[32m"h-3 w-32 rounded bg-muted"[39m
                [36m/>[39m
              [36m</div>[39m
            [36m</div>[39m
          [36m</div>[39m
        [36m</div>[39m
      [36m</div>[39m
    [36m</body>[39m

      101 |
      102 |       // Should show animated skeleton elements
    > 103 |       const skeletons = screen.getAllByRole('status', { hidden: true });
          |                                ^
      104 |       expect(skeletons.length).toBeGreaterThan(0);
      105 |     });
      106 |

      at Object.getElementError (node_modules/@testing-library/dom/dist/config.js:37:19)
      at node_modules/@testing-library/dom/dist/query-helpers.js:76:38
      at node_modules/@testing-library/dom/dist/query-helpers.js:109:15
      at Object.getAllByRole (tests/components/analytics/overview-metrics.test.tsx:103:32)

  ● OverviewMetrics › Edge Cases › handles zero values

    TestingLibraryElementError: Found multiple elements with the text: 0

    Here are the matching elements:

    Ignored nodes: comments, script, style
    [36m<div[39m
      [33mclass[39m=[32m"text-2xl font-bold"[39m
      [33mstyle[39m=[32m"opacity: 0; transform: translateY(10px);"[39m
    [36m>[39m
      [0m0[0m
    [36m</div>[39m

    Ignored nodes: comments, script, style
    [36m<div[39m
      [33mclass[39m=[32m"text-2xl font-bold"[39m
      [33mstyle[39m=[32m"opacity: 0; transform: translateY(10px);"[39m
    [36m>[39m
      [0m0[0m
    [36m</div>[39m

    (If this is intentional, then use the `*AllBy*` variant of the query (like `queryAllByText`, `getAllByText`, or `findAllByText`)).

    Ignored nodes: comments, script, style
    [36m<body>[39m
      [36m<div>[39m
        [36m<div[39m
          [33mclass[39m=[32m"grid gap-4 md:grid-cols-2 lg:grid-cols-4"[39m
        [36m>[39m
          [36m<div[39m
            [33mclass[39m=[32m"rounded-lg border bg-card text-card-foreground shadow"[39m
          [36m>[39m
            [36m<div[39m
              [33mclass[39m=[32m"p-6 flex flex-row items-center justify-between space-y-0 pb-2"[39m
            [36m>[39m
              [36m<h3[39m
                [33mclass[39m=[32m"tracking-tight text-sm font-medium"[39m
              [36m>[39m
                [0mTotal Contacts[0m
              [36m</h3>[39m
              [36m<svg[39m
                [33maria-hidden[39m=[32m"true"[39m
                [33mclass[39m=[32m"lucide lucide-users h-4 w-4 text-muted-foreground"[39m
                [33mfill[39m=[32m"none"[39m
                [33mheight[39m=[32m"24"[39m
                [33mstroke[39m=[32m"currentColor"[39m
                [33mstroke-linecap[39m=[32m"round"[39m
                [33mstroke-linejoin[39m=[32m"round"[39m
                [33mstroke-width[39m=[32m"2"[39m
                [33mviewBox[39m=[32m"0 0 24 24"[39m
                [33mwidth[39m=[32m"24"[39m
                [33mxmlns[39m=[32m"http://www.w3.org/2000/svg"[39m
              [36m>[39m
                [36m<path[39m
                  [33md[39m=[32m"M16 21v-2a4 4 0 0 0-4-4H6a4 4 0 0 0-4 4v2"[39m
                [36m/>[39m
                [36m<path[39m
                  [33md[39m=[32m"M16 3.128a4 4 0 0 1 0 7.744"[39m
                [36m/>[39m
                [36m<path[39m
                  [33md[39m=[32m"M22 21v-2a4 4 0 0 0-3-3.87"[39m
                [36m/>[39m
                [36m<circle[39m
                  [33mcx[39m=[32m"9"[39m
                  [33mcy[39m=[32m"7"[39m
                  [33mr[39m=[32m"4"[39m
                [36m/>[39m
              [36m</svg>[39m
            [36m</div>[39m
            [36m<div[39m
              [33mclass[39m=[32m"p-6 pt-0"[39m
            [36m>[39m
              [36m<div[39m
                [33mclass[39m=[32m"text-2xl font-bold"[39m
                [33mstyle[39m=[32m"opacity: 0; transform: translateY(10px);"[39m
              [36m>[39m
                [0m0[0m
              [36m</div>[39m
              [36m<div[39m
                [33mclass[39m=[32m"flex items-center gap-2 text-xs text-muted-foreground mt-1"[39m
              [36m>[39m
                [36m<span>[39m
                  [0mContacts in database[0m
                [36m</span>[39m
              [36m</div>[39m
            [36m</div>[39m
          [36m</div>[39m
          [36m<div[39m
            [33mclass[39m=[32m"rounded-lg border bg-card text-card-foreground shadow"[39m
          [36m>[39m
            [36m<div[39m
              [33mclass[39m=[32m"p-6 flex flex-row items-center justify-between space-y-0 pb-2"[39m
            [36m>[39m
              [36m<h3[39m
                [33mclass[39m=[32m"tracking-tight text-sm font-medium"[39m
              [36m>[39m
                [0mTotal Outreach Items[0m
              [36m</h3>[39m
              [36m<svg[39m
                [33maria-hidden[39m=[32m"true"[39m
                [33mclass[39m=[32m"lucide lucide-mail h-4 w-4 text-muted-foreground"[39m
                [33mfill[39m=[32m"none"[39m
                [33mheight[39m=[32m"24"[39m
                [33mstroke[39m=[32m"currentColor"[39m
                [33mstroke-linecap[39m=[32m"round"[39m
                [33mstroke-linejoin[39m=[32m"round"[39m
                [33mstroke-width[39m=[32m"2"[39m
                [33mviewBox[39m=[32m"0 0 24 24"[39m
                [33mwidth[39m=[32m"24"[39m
                [33mxmlns[39m=[32m"http://www.w3.org/2000/svg"[39m
              [36m>[39m
                [36m<path[39m
                  [33md[39m=[32m"m22 7-8.991 5.727a2 2 0 0 1-2.009 0L2 7"[39m
                [36m/>[39m
                [36m<rect[39m
                  [33mheight[39m=[32m"16"[39m
                  [33mrx[39m=[32m"2"[39m
                  [33mwidth[39m=[32m"20"[39m
                  [33mx[39m=[32m"2"[39m
                  [33my[39m=[32m"4"[39m
                [36m/>[39m
              [36m</svg>[39m
            [36m</div>[39m
            [36m<div[39m
              [33mclass[39m=[32m"p-6 pt-0"[39m
            [36m>[39m
              [36m<div[39m
                [33mclass[39m=[32m"text-2xl font-bold"[39m
                [33mstyle[39m=[32m"opacity: 0; transform: translateY(10px);"[39m
              [36m>[39m
                [0m45[0m
              [36m</div>[39m
              [36m<div[39m
                [33mclass[39m=[32m"flex items-center gap-2 text-xs text-muted-foreground mt-1"[39m
              [36m>[39m
                [36m<span>[39m
                  [0mOutreach items created[0m
                [36m</span>[39m
              [36m</div>[39m
            [36m</div>[39m
          [36m</div>[39m
          [36m<div[39m
            [33mclass[39m=[32m"rounded-lg border bg-card text-card-foreground shadow"[39m
          [36m>[39m
            [36m<div[39m
              [33mclass[39m=[32m"p-6 flex flex-row items-center justify-between space-y-0 pb-2"[39m
            [36m>[39m
              [36m<h3[39m
                [33mclass[39m=[32m"tracking-tight text-sm font-medium"[39m
              [36m>[39m
                [0mEmails Sent[0m
              [36m</h3>[39m
              [36m<svg[39m
                [33maria-hidden[39m=[32m"true"[39m
                [33mclass[39m=[32m"lucide lucide-trending-up h-4 w-4 text-muted-foreground"[39m
                [33mfill[39m=[32m"none"[39m
                [33mheight[39m=[32m"24"[39m
                [33mstroke[39m=[32m"currentColor"[39m
                [33mstroke-linecap[39m=[32m"round"[39m
                [33mstroke-linejoin[39m=[32m"round"[39m
                [33mstroke-width[39m=[32m"2"[39m
                [33mviewBox[39m=[32m"0 0 24 24"[39m
                [33mwidth[39m=[32m"24"[39m
                [33mxmlns[39m=[32m"http://www.w3.org/2000/svg"[39m
              [36m>[39m
                [36m<path[39m
                  [33md[39m=[32m"M16 7h6v6"[39m
                [36m/>[39m
                [36m<path[39m
                  [33md[39m=[32m"m22 7-8.5 8.5-5-5L2 17"[39m
                [36m/>[39m
              [36m</svg>[39m
            [36m</div>[39m
            [36m<div[39m
              [33mclass[39m=[32m"p-6 pt-0"[39m
            [36m>[39m
              [36m<div[39m
                [33mclass[39m=[32m"text-2xl font-bold"[39m
                [33mstyle[39m=[32m"opacity: 0; transform: translateY(10px);"[39m
              [36m>[39m
                [0m0[0m
              [36m</div>[39m
              [36m<div[39m
                [33mclass[39m=[32m"flex items-center gap-2 text-xs text-muted-foreground mt-1"[39m
              [36m>[39m
                [36m<span>[39m
                  [0mTotal emails sent[0m
                [36m</span>[39m
              [36m</div>[39m
            [36m</div>[39m
          [36m</div>[39m
          [36m<div[39m
            [33mclass[39m=[32m"rounded-lg border bg-card text-card-foreground shadow"[39m
          [36m>[39m
            [36m<div[39m
              [33mclass[39m=[32m"p-6 flex flex-row items-center justify-between space-y-0 pb-2"[39m
            [36m>[39m
              [36m<h3[39m
                [33mclass[39m=[32m"tracking-tight text-sm font-medium"[39m
              [36m>[39m
                [0mReply Rate[0m
              [36m</h3>[39m
              [36m<svg[39m
                [33maria-hidden[39m=[32m"true"[39m
                [33mclass[39m=[32m"lucide lucide-zap h-4 w-4 text-muted-foreground"[39m
                [33mfill[39m=[32m"none"[39m
                [33mheight[39m=[32m"24"[39m
                [33mstroke[39m=[32m"currentColor"[39m
                [33mstroke-linecap[39m=[32m"round"[39m
                [33mstroke-linejoin[39m=[32m"round"[39m
                [33mstroke-width[39m=[32m"2"[39m
                [33mviewBox[39m=[32m"0 0 24 24"[39m
                [33mwidth[39m=[32m"24"[39m
                [33mxmlns[39m=[32m"http://www.w3.org/2000/svg"[39m
              [36m>[39m
                [36m<path[39m
                  [33md[39m=[32m"M4 14a1 1 0 0 1-.78-1.63l9.9-10.2a.5.5 0 0 1 .86.46l-1.92 6.02A1 1 0 0 0 13 10h7a1 1 0 0 1 .78 1.63l-9.9 10.2a.5.5 0 0 1-.86-.46l1.92-6.02A1 1 0 0 0 11 14z"[39m
                [36m/>[39m
              [36m</svg>[39m
            [36m</div>[39m
            [36m<div[39m
              [33mclass[39m=[32m"p-6 pt-0"[39m
            [36m>[39m
              [36m<div[39m
                [33mclass[39m=[32m"text-2xl font-bold"[39m
                [33mstyle[39m=[32m"opacity: 0; transform: translateY(10px);"[39m
              [36m>[39m
                [0m32.5%[0m
              [36m</div>[39m
              [36m<div[39m
                [33mclass[39m=[32m"flex items-center gap-2 text-xs text-muted-foreground mt-1"[39m
              [36m>[39m
                [36m<span>[39m
                  [0mOf sent emails[0m
                [36m</span>[39m
              [36m</div>[39m
            [36m</div>[39m
          [36m</div>[39m
          [36m<div[39m
            [33mclass[39m=[32m"rounded-lg border bg-card text-card-foreground shadow col-span-full md:col-span-2"[39m
          [36m>[39m
            [36m<div[39m
              [33mclass[39m=[32m"flex flex-col space-y-1.5 p-6"[39m
            [36m>[39m
              [36m<h3[39m
                [33mclass[39m=[32m"tracking-tight text-sm font-medium"[39m
              [36m>[39m
                [0mBest Performing Sequence[0m
              [36m</h3>[39m
            [36m</div>[39m
            [36m<div[39m
              [33mclass[39m=[32m"p-6 pt-0"[39m
            [36m>[39m
              [36m<div[39m
                [33mclass[39m=[32m"text-xl font-bold"[39m
              [36m>[39m
                [0mCold Outreach Template[0m
              [36m</div>[39m
              [36m<p[39m
                [33mclass[39m=[32m"text-sm text-muted-foreground"[39m
              [36m>[39m
                [0m45.2[0m
                [0m% reply rate[0m
              [36m</p>[39m
            [36m</div>[39m
          [36m</div>[39m
          [36m<div[39m
            [33mclass[39m=[32m"rounded-lg border bg-card text-card-foreground shadow"[39m
          [36m>[39m
            [36m<div[39m
              [33mclass[39m=[32m"p-6 flex flex-row items-center justify-between space-y-0 pb-2"[39m
            [36m>[39m
              [36m<h3[39m
                [33mclass[39m=[32m"tracking-tight text-sm font-medium"[39m
              [36m>[39m
                [0mMost Active Day[0m
              [36m</h3>[39m
              [36m<svg[39m
                [33maria-hidden[39m=[32m"true"[39m
                [33mclass[39m=[32m"lucide lucide-calendar h-4 w-4 text-muted-foreground"[39m
                [33mfill[39m=[32m"none"[39m
                [33mheight[39m=[32m"24"[39m
                [33mstroke[39m=[32m"currentColor"[39m
                [33mstroke-linecap[39m=[32m"round"[39m
                [33mstroke-linejoin[39m=[32m"round"[39m
                [33mstroke-width[39m=[32m"2"[39m
                [33mviewBox[39m=[32m"0 0 24 24"[39m
                [33mwidth[39m=[32m"24"[39m
                [33mxmlns[39m=[32m"http://www.w3.org/2000/svg"[39m
              [36m>[39m
                [36m<path[39m
                  [33md[39m=[32m"M8 2v4"[39m
                [36m/>[39m
                [36m<path[39m
                  [33md[39m=[32m"M16 2v4"[39m
                [36m/>[39m
                [36m<rect[39m
                  [33mheight[39m=[32m"18"[39m
                  [33mrx[39m=[32m"2"[39m
                  [33mwidth[39m=[32m"18"[39m
                  [33mx[39m=[32m"3"[39m
                  [33my[39m=[32m"4"[39m
                [36m/>[39m
                [36m<path[39m
                  [33md[39m=[32m"M3 10h18"[39m
                [36m/>[39m
              [36m</svg>[39m
            [36m</div>[39m
            [36m<div[39m
              [33mclass[39m=[32m"p-6 pt-0"[39m
            [36m>[39m
              [36m<div[39m
                [33mclass[39m=[32m"text-2xl font-bold"[39m
                [33mstyle[39m=[32m"opacity: 0; transform: translateY(10px);"[39m
              [36m>[39m
                [0mWednesday[0m
              [36m</div>[39m
              [36m<div[39m
                [33mclass[39m=[32m"flex items-center gap-2 text-xs text-muted-foreground mt-1"[39m
              [36m>[39m
                [36m<span>[39m
                  [0mPeak activity day[0m
                [36m</span>[39m
              [36m</div>[39m
            [36m</div>[39m
          [36m</div>[39m
          [36m<div[39m
            [33mclass[39m=[32m"rounded-lg border bg-card text-card-foreground shadow"[39m
          [36m>[39m
            [36m<div[39m
              [33mclass[39m=[32m"p-6 flex flex-row items-center justify-between space-y-0 pb-2"[39m
            [36m>[39m
              [36m<h3[39m
                [33mclass[39m=[32m"tracking-tight text-sm font-medium"[39m
              [36m>[39m
                [0mMost Active Hour[0m
              [36m</h3>[39m
              [36m<svg[39m
                [33maria-hidden[39m=[32m"true"[39m
                [33mclass[39m=[32m"lucide lucide-clock h-4 w-4 text-muted-foreground"[39m
                [33mfill[39m=[32m"none"[39m
                [33mheight[39m=[32m"24"[39m
                [33mstroke[39m=[32m"currentColor"[39m
                [33mstroke-linecap[39m=[32m"round"[39m
                [33mstroke-linejoin[39m=[32m"round"[39m
                [33mstroke-width[39m=[32m"2"[39m
                [33mviewBox[39m=[32m"0 0 24 24"[39m
                [33mwidth[39m=[32m"24"[39m
                [33mxmlns[39m=[32m"http://www.w3.org/2000/svg"[39m
              [36m>[39m
                [36m<path[39m
                  [33md[39m=[32m"M12 6v6l4 2"[39m
                [36m/>[39m
                [36m<circle[39m
                  [33mcx[39m=[32m"12"[39m
                  [33mcy[39m=[32m"12"[39m
                  [33mr[39m=[32m"10"[39m
                [36m/>[39m
              [36m</svg>[39m
            [36m</div>[39m
            [36m<div[39m
              [33mclass[39m=[32m"p-6 pt-0"[39m
            [36m>[39m
              [36m<div[39m
                [33mclass[39m=[32m"text-2xl font-bold"[39m
                [33mstyle[39m=[32m"opacity: 0; transform: translateY(10px);"[39m
              [36m>[39m
                [0m14:00[0m
              [36m</div>[39m
              [36m<div[39m
                [33mclass[39m=[32m"flex items-center gap-2 text-xs text-muted-foreground mt-1"[39m
              [36m>[39m
                [36m<span>[39m
                  [0mPeak activity time[0m
                [36m</span>[39m
              [36m</div>[39m
            [36m</div>[39m
          [36m</div>[39m
        [36m</div>[39m
      [36m</div>[39m
    [36m</body>[39m

      123 |       render(<OverviewMetrics data={zeroData} loading={false} />);
      124 |
    > 125 |       expect(screen.getByText('0')).toBeInTheDocument();
          |                     ^
      126 |     });
      127 |
      128 |     test('handles very large numbers', () => {

      at Object.getElementError (node_modules/@testing-library/dom/dist/config.js:37:19)
      at getElementError (node_modules/@testing-library/dom/dist/query-helpers.js:20:35)
      at getMultipleElementsFoundError (node_modules/@testing-library/dom/dist/query-helpers.js:23:10)
      at node_modules/@testing-library/dom/dist/query-helpers.js:55:13
      at node_modules/@testing-library/dom/dist/query-helpers.js:95:19
      at Object.getByText (tests/components/analytics/overview-metrics.test.tsx:125:21)

  ● OverviewMetrics › Accessibility › has proper ARIA labels

    expect(received).toBeInTheDocument()

    received value must be an HTMLElement or an SVGElement.
    Received has value: null

      166 |
      167 |       // Check for semantic HTML and ARIA attributes
    > 168 |       expect(container.querySelector('[role="region"]')).toBeInTheDocument();
          |                                                          ^
      169 |     });
      170 |
      171 |     test('loading state has appropriate aria-busy', () => {

      at __EXTERNAL_MATCHER_TRAP__ (node_modules/expect/build/index.js:325:30)
      at Object.throwingMatcher [as toBeInTheDocument] (node_modules/expect/build/index.js:326:15)
      at Object.toBeInTheDocument (tests/components/analytics/overview-metrics.test.tsx:168:58)

  ● OverviewMetrics › Accessibility › loading state has appropriate aria-busy

    expect(received).toBeInTheDocument()

    received value must be an HTMLElement or an SVGElement.
    Received has value: null

      173 |
      174 |       // Loading elements should indicate busy state
    > 175 |       expect(container.querySelector('[aria-busy="true"]')).toBeInTheDocument();
          |                                                             ^
      176 |     });
      177 |
      178 |     test('trend indicators have screen reader text', () => {

      at __EXTERNAL_MATCHER_TRAP__ (node_modules/expect/build/index.js:325:30)
      at Object.throwingMatcher [as toBeInTheDocument] (node_modules/expect/build/index.js:326:15)
      at Object.toBeInTheDocument (tests/components/analytics/overview-metrics.test.tsx:175:61)


Test Suites: 15 failed, 11 passed, 26 total
Tests:       14 failed, 76 passed, 90 total
Snapshots:   0 total
Time:        1.439 s
Ran all test suites.
